$ /home/milnes/projects/veracity/target/release/veracity-review-proof-holes src/Chap18/
Full output: src/Chap18/analyses/veracity-review-verus-proof-holes.log

Table of Contents:
  1. File Holes
  2. Depends Upon
     2.1. By Module
     2.2. By File
  3. Summary of Holes
  4. Proof Targets
     4.1. Worst src/* Directories (all dirs, by holes)
     4.2. Next Target Files (clean deps only, by holes)
     4.3. Next Target Directories
     4.4. Not Verusified
     4.5. Not Verusified (clean deps only)
     4.6. Chapter by Chapter Proof Targeting
  5. Started/Ended/Duration

=================================================================
1. File Holes
=================================================================

ℹ ArraySeq.rs
/home/milnes/projects/APAS-VERUS/src/Chap18/ArraySeq.rs:1521: info: external_accept_hole
/home/milnes/projects/APAS-VERUS/src/Chap18/ArraySeq.rs:1554: info: external_accept_hole
/home/milnes/projects/APAS-VERUS/src/Chap18/ArraySeq.rs:1590: info: accept()
   Info: 3 total
   10 clean proof functions
ℹ ArraySeqMtEph.rs
/home/milnes/projects/APAS-VERUS/src/Chap18/ArraySeqMtEph.rs:104: info: trivial_spec_wf
/home/milnes/projects/APAS-VERUS/src/Chap18/ArraySeqMtEph.rs:1845: info: accept()
   Info: 2 total
   2 clean proof functions
ℹ ArraySeqMtEphSlice.rs
/home/milnes/projects/APAS-VERUS/src/Chap18/ArraySeqMtEphSlice.rs:1612: info: accept()
   Info: 1 total
   5 clean proof functions
ℹ ArraySeqMtPer.rs
/home/milnes/projects/APAS-VERUS/src/Chap18/ArraySeqMtPer.rs:342: info: trivial_spec_wf
/home/milnes/projects/APAS-VERUS/src/Chap18/ArraySeqMtPer.rs:1792: info: accept()
   Info: 2 total
   2 clean proof functions
✓ ArraySeqSpecsAndLemmas.rs
   2 clean proof functions
ℹ ArraySeqStEph.rs
/home/milnes/projects/APAS-VERUS/src/Chap18/ArraySeqStEph.rs:345: info: trivial_spec_wf
/home/milnes/projects/APAS-VERUS/src/Chap18/ArraySeqStEph.rs:1021: info: accept()
   Info: 2 total
   2 clean proof functions
ℹ ArraySeqStPer.rs
/home/milnes/projects/APAS-VERUS/src/Chap18/ArraySeqStPer.rs:336: info: trivial_spec_wf
/home/milnes/projects/APAS-VERUS/src/Chap18/ArraySeqStPer.rs:999: info: accept()
   Info: 2 total
   2 clean proof functions
ℹ LinkedListStEph.rs
/home/milnes/projects/APAS-VERUS/src/Chap18/LinkedListStEph.rs:287: info: trivial_spec_wf
/home/milnes/projects/APAS-VERUS/src/Chap18/LinkedListStEph.rs:837: info: accept()
/home/milnes/projects/APAS-VERUS/src/Chap18/LinkedListStEph.rs:851: info: accept()
   Info: 3 total
   2 clean proof functions
ℹ LinkedListStPer.rs
/home/milnes/projects/APAS-VERUS/src/Chap18/LinkedListStPer.rs:279: info: trivial_spec_wf
/home/milnes/projects/APAS-VERUS/src/Chap18/LinkedListStPer.rs:818: info: accept()
/home/milnes/projects/APAS-VERUS/src/Chap18/LinkedListStPer.rs:832: info: accept()
   Info: 3 total
   2 clean proof functions

=================================================================
2. Depends Upon
=================================================================

=================================================================
2.1. By Module
=================================================================

ArraySeq  depends upon only clean modules
ArraySeqMtEph  depends upon only clean modules
ArraySeqMtEphSlice  depends upon only clean modules
ArraySeqMtPer  depends upon only clean modules
ArraySeqSpecsAndLemmas  depends upon only clean modules
ArraySeqStEph  depends upon only clean modules
ArraySeqStPer  depends upon only clean modules
LinkedListStEph  depends upon only clean modules
LinkedListStPer  depends upon only clean modules

=================================================================
2.2. By File
=================================================================

ArraySeq.rs  depends upon only clean modules
ArraySeqMtEph.rs  depends upon only clean modules
ArraySeqMtEphSlice.rs  depends upon only clean modules
ArraySeqMtPer.rs  depends upon only clean modules
ArraySeqSpecsAndLemmas.rs  depends upon only clean modules
ArraySeqStEph.rs  depends upon only clean modules
ArraySeqStPer.rs  depends upon only clean modules
LinkedListStEph.rs  depends upon only clean modules
LinkedListStPer.rs  depends upon only clean modules

=================================================================
3. Summary of Holes
=================================================================

Modules:
   9 clean (no holes, no errors; 100%)
   0 holed (holes or errors, 0%)
   9 total

Proof Functions:
   29 clean (100%)
   0 holed (0%)
   29 total

Function Specs:
   393 exec fns with complete spec (requires+ensures) (77%)
   0 exec fns missing spec (0%)
   114 proof/spec fns clean (22%)
   0 proof/spec fns with holes (0%)
   507 total fns


Holes Found: 0 (actionable)
Real Proof Targets: 0 (all actionable)

Accepted (reviewed): 18 total
   10 × accept()
   6 × trivial_spec_wf
   2 × external_accept_hole

No proof holes or warnings found! All proofs are complete.

=================================================================
5. Started/Ended/Duration
=================================================================

Started:   2026-09-22 11:25:11 -07:00
Ended:     2026-09-22 11:25:12 -07:00
Duration:  105ms

Full output: src/Chap18/analyses/veracity-review-verus-proof-holes.log
 src/Chap18/analyses/veracity-review-verus-proof-holes.log
