$ /home/milnes/projects/veracity/target/release/veracity-review-proof-holes src/Chap37/BSTRBMtEph.rs
Full output: src/Chap37/analyses/veracity-review-verus-proof-holes.log

Table of Contents:
  1. File Holes
  2. Depends Upon
     2.1. By Module
     2.2. By File
  3. Summary of Holes
  4. Proof Targets
     4.1. Worst src/* Directories (all dirs, by holes)
     4.2. Next Target Files (clean deps only, by holes)
     4.3. Next Target Directories
     4.4. Not Verusified
     4.5. Not Verusified (clean deps only)
     4.6. Chapter by Chapter Proof Targeting
  5. Started/Ended/Duration

=================================================================
1. File Holes
=================================================================

ℹ BSTRBMtEph.rs
/home/milnes/projects/APAS-VERUS-r225/src/Chap37/BSTRBMtEph.rs:2301: info: fn_missing_requires
/home/milnes/projects/APAS-VERUS-r225/src/Chap37/BSTRBMtEph.rs:2317: info: fn_missing_requires
/home/milnes/projects/APAS-VERUS-r225/src/Chap37/BSTRBMtEph.rs:3311: info: fn_missing_requires
/home/milnes/projects/APAS-VERUS-r225/src/Chap37/BSTRBMtEph.rs:3346: info: fn_missing_requires
/home/milnes/projects/APAS-VERUS-r225/src/Chap37/BSTRBMtEph.rs:4092: info: accept()
   Info: 5 total
/home/milnes/projects/APAS-VERUS-r225/src/Chap37/BSTRBMtEph.rs:3881: info: structural_false_positive RWLOCK_GHOST insert — proof { assume(self.ghost_root@ == current); } [medium]
/home/milnes/projects/APAS-VERUS-r225/src/Chap37/BSTRBMtEph.rs:3960: info: structural_false_positive RWLOCK_GHOST delete — proof { assume(self.ghost_root@ == current); } [medium]
/home/milnes/projects/APAS-VERUS-r225/src/Chap37/BSTRBMtEph.rs:4035: info: structural_false_positive RWLOCK_GHOST contains — proof { assume(found == self@.tree_contains(*target)); } [medium]
/home/milnes/projects/APAS-VERUS-r225/src/Chap37/BSTRBMtEph.rs:4047: info: structural_false_positive RWLOCK_GHOST size — proof { assume(n as nat == self@.spec_size()); } [medium]
/home/milnes/projects/APAS-VERUS-r225/src/Chap37/BSTRBMtEph.rs:4057: info: structural_false_positive RWLOCK_GHOST is_empty — proof { assume(b == (self@.spec_size() == 0)); } [medium]
/home/milnes/projects/APAS-VERUS-r225/src/Chap37/BSTRBMtEph.rs:4073: info: structural_false_positive RWLOCK_GHOST height — proof { assume(h as nat == self@.spec_height()); } [medium]
/home/milnes/projects/APAS-VERUS-r225/src/Chap37/BSTRBMtEph.rs:4091: info: structural_false_positive RWLOCK_GHOST find — assume(found.is_some() == self@.tree_contains(*target)); [medium]
   Info: 7 × structural_false_positive
   38 clean proof functions

=================================================================
2. Depends Upon
=================================================================

=================================================================
2.1. By Module
=================================================================

BSTRBMtEph  depends upon only clean modules

=================================================================
2.2. By File
=================================================================

BSTRBMtEph.rs  depends upon only clean modules

=================================================================
3. Summary of Holes
=================================================================

Modules:
   1 clean (no holes, no errors; 100%)
   0 holed (holes or errors, 0%)
   1 total

Proof Functions:
   38 clean (100%)
   0 holed (0%)
   38 total

Function Specs:
   85 exec fns with complete spec (requires+ensures) (39%)
   4 exec fns missing spec (1%)
   128 proof/spec fns clean (58%)
   0 proof/spec fns with holes (0%)
   217 total fns


Holes Found: 0 (actionable)
Real Proof Targets: 0 (all actionable)

Accepted (reviewed): 5 total
   4 × fn_missing_requires
   1 × accept()

Structural (info only): 7
   7 × RWLOCK_GHOST

No proof holes or warnings found! All proofs are complete.

=================================================================
5. Started/Ended/Duration
=================================================================

Started:   2026-09-25 11:58:38 -07:00
Ended:     2026-09-25 11:58:38 -07:00
Duration:  59ms

Full output: src/Chap37/analyses/veracity-review-verus-proof-holes.log
