$ /home/milnes/projects/veracity/target/release/veracity-review-proof-holes src/Chap06/
Full output: src/Chap06/analyses/veracity-review-verus-proof-holes.log

Table of Contents:
  1. File Holes
  2. Depends Upon
     2.1. By Module
     2.2. By File
  3. Summary of Holes
  4. Proof Targets
     4.1. Worst src/* Directories (all dirs, by holes)
     4.2. Next Target Files (clean deps only, by holes)
     4.3. Next Target Directories
     4.4. Not Verusified
     4.5. Not Verusified (clean deps only)
     4.6. Chapter by Chapter Proof Targeting
  5. Started/Ended/Duration

=================================================================
1. File Holes
=================================================================

ℹ DirGraphMtEph.rs
/home/milnes/projects/APAS-VERUS/src/Chap06/DirGraphMtEph.rs:959: info: accept()
/home/milnes/projects/APAS-VERUS/src/Chap06/DirGraphMtEph.rs:971: info: accept()
/home/milnes/projects/APAS-VERUS/src/Chap06/DirGraphMtEph.rs:983: info: accept()
/home/milnes/projects/APAS-VERUS/src/Chap06/DirGraphMtEph.rs:994: info: accept()
/home/milnes/projects/APAS-VERUS/src/Chap06/DirGraphMtEph.rs:1006: info: accept()
/home/milnes/projects/APAS-VERUS/src/Chap06/DirGraphMtEph.rs:1018: info: accept()
/home/milnes/projects/APAS-VERUS/src/Chap06/DirGraphMtEph.rs:1030: info: accept()
/home/milnes/projects/APAS-VERUS/src/Chap06/DirGraphMtEph.rs:1042: info: accept()
/home/milnes/projects/APAS-VERUS/src/Chap06/DirGraphMtEph.rs:1055: info: accept()
/home/milnes/projects/APAS-VERUS/src/Chap06/DirGraphMtEph.rs:1067: info: accept()
/home/milnes/projects/APAS-VERUS/src/Chap06/DirGraphMtEph.rs:1078: info: accept()
   Info: 11 total
✓ DirGraphStEph.rs
ℹ LabDirGraphMtEph.rs
/home/milnes/projects/APAS-VERUS/src/Chap06/LabDirGraphMtEph.rs:863: info: accept()
/home/milnes/projects/APAS-VERUS/src/Chap06/LabDirGraphMtEph.rs:874: info: accept()
   Info: 2 total
/home/milnes/projects/APAS-VERUS/src/Chap06/LabDirGraphMtEph.rs:836: info: structural_false_positive RWLOCK_GHOST add_vertex — proof { assume(self.ghost_locked_graph@ == locked_val@); } [medium]
/home/milnes/projects/APAS-VERUS/src/Chap06/LabDirGraphMtEph.rs:849: info: structural_false_positive RWLOCK_GHOST add_labeled_arc — proof { assume(self.ghost_locked_graph@ == locked_val@); } [medium]
   Info: 2 × structural_false_positive
✓ LabDirGraphStEph.rs
ℹ LabUnDirGraphMtEph.rs
/home/milnes/projects/APAS-VERUS/src/Chap06/LabUnDirGraphMtEph.rs:798: info: accept()
/home/milnes/projects/APAS-VERUS/src/Chap06/LabUnDirGraphMtEph.rs:810: info: accept()
/home/milnes/projects/APAS-VERUS/src/Chap06/LabUnDirGraphMtEph.rs:822: info: accept()
/home/milnes/projects/APAS-VERUS/src/Chap06/LabUnDirGraphMtEph.rs:834: info: accept()
/home/milnes/projects/APAS-VERUS/src/Chap06/LabUnDirGraphMtEph.rs:846: info: accept()
   Info: 5 total
/home/milnes/projects/APAS-VERUS/src/Chap06/LabUnDirGraphMtEph.rs:857: info: structural_false_positive RWLOCK_GHOST add_vertex — proof { assume(self.ghost_locked_graph@ == locked_val@); } [medium]
/home/milnes/projects/APAS-VERUS/src/Chap06/LabUnDirGraphMtEph.rs:869: info: structural_false_positive RWLOCK_GHOST add_labeled_edge — proof { assume(self.ghost_locked_graph@ == locked_val@); } [medium]
   Info: 2 × structural_false_positive
✓ LabUnDirGraphStEph.rs
ℹ UnDirGraphMtEph.rs
/home/milnes/projects/APAS-VERUS/src/Chap06/UnDirGraphMtEph.rs:611: info: accept()
/home/milnes/projects/APAS-VERUS/src/Chap06/UnDirGraphMtEph.rs:623: info: accept()
/home/milnes/projects/APAS-VERUS/src/Chap06/UnDirGraphMtEph.rs:635: info: accept()
/home/milnes/projects/APAS-VERUS/src/Chap06/UnDirGraphMtEph.rs:648: info: accept()
/home/milnes/projects/APAS-VERUS/src/Chap06/UnDirGraphMtEph.rs:660: info: accept()
/home/milnes/projects/APAS-VERUS/src/Chap06/UnDirGraphMtEph.rs:672: info: accept()
/home/milnes/projects/APAS-VERUS/src/Chap06/UnDirGraphMtEph.rs:683: info: accept()
   Info: 7 total
✓ UnDirGraphStEph.rs
✓ WeightedDirGraphStEphF64.rs
✓ WeightedDirGraphStEphI128.rs
✓ WeightedDirGraphStEphI16.rs
✓ WeightedDirGraphStEphI32.rs
✓ WeightedDirGraphStEphI64.rs
✓ WeightedDirGraphStEphI8.rs
✓ WeightedDirGraphStEphIsize.rs
✓ WeightedDirGraphStEphU128.rs
✓ WeightedDirGraphStEphU16.rs
✓ WeightedDirGraphStEphU32.rs
✓ WeightedDirGraphStEphU64.rs
✓ WeightedDirGraphStEphU8.rs
✓ WeightedDirGraphStEphUsize.rs

=================================================================
2. Depends Upon
=================================================================

=================================================================
2.1. By Module
=================================================================

DirGraphMtEph  depends upon only clean modules
DirGraphStEph  depends upon only clean modules
LabDirGraphMtEph  depends upon only clean modules
LabDirGraphStEph  depends upon only clean modules
LabUnDirGraphMtEph  depends upon only clean modules
LabUnDirGraphStEph  depends upon only clean modules
UnDirGraphMtEph  depends upon only clean modules
UnDirGraphStEph  depends upon only clean modules
WeightedDirGraphStEphF64  depends upon only clean modules
WeightedDirGraphStEphI128  depends upon only clean modules
WeightedDirGraphStEphI16  depends upon only clean modules
WeightedDirGraphStEphI32  depends upon only clean modules
WeightedDirGraphStEphI64  depends upon only clean modules
WeightedDirGraphStEphI8  depends upon only clean modules
WeightedDirGraphStEphIsize  depends upon only clean modules
WeightedDirGraphStEphU128  depends upon only clean modules
WeightedDirGraphStEphU16  depends upon only clean modules
WeightedDirGraphStEphU32  depends upon only clean modules
WeightedDirGraphStEphU64  depends upon only clean modules
WeightedDirGraphStEphU8  depends upon only clean modules
WeightedDirGraphStEphUsize  depends upon only clean modules

=================================================================
2.2. By File
=================================================================

DirGraphMtEph.rs  depends upon only clean modules
DirGraphStEph.rs  depends upon only clean modules
LabDirGraphMtEph.rs  depends upon only clean modules
LabDirGraphStEph.rs  depends upon only clean modules
LabUnDirGraphMtEph.rs  depends upon only clean modules
LabUnDirGraphStEph.rs  depends upon only clean modules
UnDirGraphMtEph.rs  depends upon only clean modules
UnDirGraphStEph.rs  depends upon only clean modules
WeightedDirGraphStEphF64.rs  depends upon only clean modules
WeightedDirGraphStEphI128.rs  depends upon only clean modules
WeightedDirGraphStEphI16.rs  depends upon only clean modules
WeightedDirGraphStEphI32.rs  depends upon only clean modules
WeightedDirGraphStEphI64.rs  depends upon only clean modules
WeightedDirGraphStEphI8.rs  depends upon only clean modules
WeightedDirGraphStEphIsize.rs  depends upon only clean modules
WeightedDirGraphStEphU128.rs  depends upon only clean modules
WeightedDirGraphStEphU16.rs  depends upon only clean modules
WeightedDirGraphStEphU32.rs  depends upon only clean modules
WeightedDirGraphStEphU64.rs  depends upon only clean modules
WeightedDirGraphStEphU8.rs  depends upon only clean modules
WeightedDirGraphStEphUsize.rs  depends upon only clean modules

=================================================================
3. Summary of Holes
=================================================================

Modules:
   21 clean (no holes, no errors; 100%)
   0 holed (holes or errors, 0%)
   21 total

Proof Functions:
   0 clean (0%)
   0 holed (0%)
   0 total

Function Specs:
   532 exec fns with complete spec (requires+ensures) (80%)
   0 exec fns missing spec (0%)
   131 proof/spec fns clean (19%)
   0 proof/spec fns with holes (0%)
   663 total fns


Holes Found: 0 (actionable)
Real Proof Targets: 0 (all actionable)

Accepted (reviewed): 25 total
   25 × accept()

Structural (info only): 4
   4 × RWLOCK_GHOST

No proof holes or warnings found! All proofs are complete.

=================================================================
5. Started/Ended/Duration
=================================================================

Started:   2026-09-22 11:25:11 -07:00
Ended:     2026-09-22 11:25:11 -07:00
Duration:  131ms

Full output: src/Chap06/analyses/veracity-review-verus-proof-holes.log
n:  131ms

Full output: src/Chap06/analyses/veracity-review-verus-proof-holes.log
