$ /home/milnes/projects/veracity/target/release/veracity-review-proof-holes src/Chap05/
Full output: src/Chap05/analyses/veracity-review-verus-proof-holes.log

Table of Contents:
  1. File Holes
  2. Depends Upon
     2.1. By Module
     2.2. By File
  3. Summary of Holes
  4. Proof Targets
     4.1. Worst src/* Directories (all dirs, by holes)
     4.2. Next Target Files (clean deps only, by holes)
     4.3. Next Target Directories
     4.4. Not Verusified
     4.5. Not Verusified (clean deps only)
     4.6. Chapter by Chapter Proof Targeting
  5. Started/Ended/Duration

=================================================================
1. File Holes
=================================================================

✓ KleeneStPer.rs
   9 clean proof functions
ℹ MappingStEph.rs
/home/milnes/projects/APAS-VERUS/src/Chap05/MappingStEph.rs:626: info: accept()
   Info: 1 total
   2 clean proof functions
✓ RelationStEph.rs
ℹ SetMtEph.rs
/home/milnes/projects/APAS-VERUS/src/Chap05/SetMtEph.rs:1136: info: trivial_spec_wf
/home/milnes/projects/APAS-VERUS/src/Chap05/SetMtEph.rs:1161: info: accept()
/home/milnes/projects/APAS-VERUS/src/Chap05/SetMtEph.rs:1172: info: accept()
/home/milnes/projects/APAS-VERUS/src/Chap05/SetMtEph.rs:1195: info: accept()
/home/milnes/projects/APAS-VERUS/src/Chap05/SetMtEph.rs:1255: info: accept()
   Info: 5 total
/home/milnes/projects/APAS-VERUS/src/Chap05/SetMtEph.rs:1182: info: structural_false_positive RWLOCK_GHOST insert — proof { assume(self.ghost_locked_set@ == locked_val@); } [medium]
/home/milnes/projects/APAS-VERUS/src/Chap05/SetMtEph.rs:1235: info: structural_false_positive STD_TRAIT_IMPL hash — #[verifier::external_body] [high]
   Info: 2 × structural_false_positive
   7 clean proof functions
ℹ SetStEph.rs
/home/milnes/projects/APAS-VERUS/src/Chap05/SetStEph.rs:988: info: accept()
   Info: 1 total
/home/milnes/projects/APAS-VERUS/src/Chap05/SetStEph.rs:967: info: structural_false_positive STD_TRAIT_IMPL hash — #[verifier::external_body] [high]
   Info: 1 × structural_false_positive
   7 clean proof functions

=================================================================
2. Depends Upon
=================================================================

=================================================================
2.1. By Module
=================================================================

KleeneStPer  depends upon only clean modules
MappingStEph  depends upon only clean modules
RelationStEph  depends upon only clean modules
SetMtEph  depends upon only clean modules
SetStEph  depends upon only clean modules

=================================================================
2.2. By File
=================================================================

KleeneStPer.rs  depends upon only clean modules
MappingStEph.rs  depends upon only clean modules
RelationStEph.rs  depends upon only clean modules
SetMtEph.rs  depends upon only clean modules
SetStEph.rs  depends upon only clean modules

=================================================================
3. Summary of Holes
=================================================================

Modules:
   5 clean (no holes, no errors; 100%)
   0 holed (holes or errors, 0%)
   5 total

Proof Functions:
   25 clean (100%)
   0 holed (0%)
   25 total

Function Specs:
   150 exec fns with complete spec (requires+ensures) (66%)
   0 exec fns missing spec (0%)
   76 proof/spec fns clean (33%)
   0 proof/spec fns with holes (0%)
   226 total fns


Holes Found: 0 (actionable)
Real Proof Targets: 0 (all actionable)

Accepted (reviewed): 7 total
   6 × accept()
   1 × trivial_spec_wf

Structural (info only): 3
   2 × STD_TRAIT_IMPL
   1 × RWLOCK_GHOST

No proof holes or warnings found! All proofs are complete.

=================================================================
5. Started/Ended/Duration
=================================================================

Started:   2026-09-22 11:25:11 -07:00
Ended:     2026-09-22 11:25:11 -07:00
Duration:  31ms

Full output: src/Chap05/analyses/veracity-review-verus-proof-holes.log
output: src/Chap05/analyses/veracity-review-verus-proof-holes.log
