$ /home/milnes/projects/veracity/target/release/veracity-review-proof-holes src/Chap39/
Full output: src/Chap39/analyses/veracity-review-verus-proof-holes.log

Table of Contents:
  1. File Holes
  2. Depends Upon
     2.1. By Module
     2.2. By File
  3. Summary of Holes
  4. Proof Targets
     4.1. Worst src/* Directories (all dirs, by holes)
     4.2. Next Target Files (clean deps only, by holes)
     4.3. Next Target Directories
     4.4. Not Verusified
     4.5. Not Verusified (clean deps only)
     4.6. Chapter by Chapter Proof Targeting
  5. Started/Ended/Duration

=================================================================
1. File Holes
=================================================================

ℹ BSTParaTreapMtEph.rs
/home/milnes/projects/APAS-VERUS/src/Chap39/BSTParaTreapMtEph.rs:80: info: fn_missing_requires
/home/milnes/projects/APAS-VERUS/src/Chap39/BSTParaTreapMtEph.rs:1429: info: trivial_spec_wf
/home/milnes/projects/APAS-VERUS/src/Chap39/BSTParaTreapMtEph.rs:1717: info: accept()
/home/milnes/projects/APAS-VERUS/src/Chap39/BSTParaTreapMtEph.rs:1718: info: accept()
/home/milnes/projects/APAS-VERUS/src/Chap39/BSTParaTreapMtEph.rs:1719: info: accept()
/home/milnes/projects/APAS-VERUS/src/Chap39/BSTParaTreapMtEph.rs:1728: info: accept()
   Info: 6 total
/home/milnes/projects/APAS-VERUS/src/Chap39/BSTParaTreapMtEph.rs:219: info: structural_false_positive OPAQUE_EXTERNAL priority_for — #[verifier::external_body] [medium]
/home/milnes/projects/APAS-VERUS/src/Chap39/BSTParaTreapMtEph.rs:1804: info: structural_false_positive UNSAFE_SEND_SYNC ParamTreap — unsafe impl<T: MtKey> Send for ParamTreap<T> {} [high]
/home/milnes/projects/APAS-VERUS/src/Chap39/BSTParaTreapMtEph.rs:1805: info: structural_false_positive UNSAFE_SEND_SYNC ParamTreap — unsafe impl<T: MtKey> Sync for ParamTreap<T> {} [high]
   Info: 3 × structural_false_positive
ℹ BSTSetTreapMtEph.rs
/home/milnes/projects/APAS-VERUS/src/Chap39/BSTSetTreapMtEph.rs:282: info: trivial_spec_wf
/home/milnes/projects/APAS-VERUS/src/Chap39/BSTSetTreapMtEph.rs:470: info: accept()
   Info: 2 total
ℹ BSTTreapMtEph.rs
/home/milnes/projects/APAS-VERUS/src/Chap39/BSTTreapMtEph.rs:1104: info: trivial_spec_wf
/home/milnes/projects/APAS-VERUS/src/Chap39/BSTTreapMtEph.rs:1114: info: trivial_spec_wf
/home/milnes/projects/APAS-VERUS/src/Chap39/BSTTreapMtEph.rs:1252: info: accept()
/home/milnes/projects/APAS-VERUS/src/Chap39/BSTTreapMtEph.rs:1471: info: accept()
/home/milnes/projects/APAS-VERUS/src/Chap39/BSTTreapMtEph.rs:1486: info: accept()
/home/milnes/projects/APAS-VERUS/src/Chap39/BSTTreapMtEph.rs:1527: info: accept()
/home/milnes/projects/APAS-VERUS/src/Chap39/BSTTreapMtEph.rs:1528: info: accept()
/home/milnes/projects/APAS-VERUS/src/Chap39/BSTTreapMtEph.rs:1538: info: accept()
/home/milnes/projects/APAS-VERUS/src/Chap39/BSTTreapMtEph.rs:1559: info: accept()
/home/milnes/projects/APAS-VERUS/src/Chap39/BSTTreapMtEph.rs:1566: info: accept()
   Info: 10 total
/home/milnes/projects/APAS-VERUS/src/Chap39/BSTTreapMtEph.rs:1251: info: structural_false_positive RWLOCK_GHOST find — assume(result.is_some() <==> self@.contains(target@)); [medium]
/home/milnes/projects/APAS-VERUS/src/Chap39/BSTTreapMtEph.rs:1272: info: structural_false_positive RWLOCK_GHOST size — proof { assume(result as nat == self@.len()); } [medium]
/home/milnes/projects/APAS-VERUS/src/Chap39/BSTTreapMtEph.rs:1302: info: structural_false_positive RWLOCK_GHOST minimum — proof { assume(result.is_some() ==> self@.contains(result.un [medium]
/home/milnes/projects/APAS-VERUS/src/Chap39/BSTTreapMtEph.rs:1315: info: structural_false_positive RWLOCK_GHOST maximum — proof { assume(result.is_some() ==> self@.contains(result.un [medium]
/home/milnes/projects/APAS-VERUS/src/Chap39/BSTTreapMtEph.rs:1329: info: structural_false_positive RWLOCK_GHOST in_order — proof { assume(ordered@.len() == self@.len()); } [medium]
/home/milnes/projects/APAS-VERUS/src/Chap39/BSTTreapMtEph.rs:1343: info: structural_false_positive RWLOCK_GHOST pre_order — proof { assume(preordered@.len() == self@.len()); } [medium]
   Info: 6 × structural_false_positive
   24 clean proof functions
✓ BSTTreapSpecsAndLemmas.rs
   11 clean proof functions
ℹ BSTTreapStEph.rs
/home/milnes/projects/APAS-VERUS/src/Chap39/BSTTreapStEph.rs:1916: info: fn_missing_requires
/home/milnes/projects/APAS-VERUS/src/Chap39/BSTTreapStEph.rs:1921: info: accept()
/home/milnes/projects/APAS-VERUS/src/Chap39/BSTTreapStEph.rs:1936: info: accept()
   Info: 3 total
/home/milnes/projects/APAS-VERUS/src/Chap39/BSTTreapStEph.rs:1943: info: structural_false_positive OPAQUE_EXTERNAL priority_for_st — #[verifier::external_body] [medium]
   Info: 1 × structural_false_positive
   20 clean proof functions

=================================================================
2. Depends Upon
=================================================================

=================================================================
2.1. By Module
=================================================================

BSTParaTreapMtEph  depends upon only clean modules
BSTSetTreapMtEph  depends upon only clean modules
BSTTreapMtEph  depends upon only clean modules
BSTTreapSpecsAndLemmas  depends upon only clean modules
BSTTreapStEph  depends upon only clean modules

=================================================================
2.2. By File
=================================================================

BSTParaTreapMtEph.rs  depends upon only clean modules
BSTSetTreapMtEph.rs  depends upon only clean modules
BSTTreapMtEph.rs  depends upon only clean modules
BSTTreapSpecsAndLemmas.rs  depends upon only clean modules
BSTTreapStEph.rs  depends upon only clean modules

=================================================================
3. Summary of Holes
=================================================================

Modules:
   5 clean (no holes, no errors; 100%)
   0 holed (holes or errors, 0%)
   5 total

Proof Functions:
   55 clean (100%)
   0 holed (0%)
   55 total

Function Specs:
   252 exec fns with complete spec (requires+ensures) (64%)
   3 exec fns missing spec (0%)
   134 proof/spec fns clean (34%)
   0 proof/spec fns with holes (0%)
   389 total fns


Holes Found: 0 (actionable)
Real Proof Targets: 0 (all actionable)

Accepted (reviewed): 21 total
   15 × accept()
   4 × trivial_spec_wf
   2 × fn_missing_requires

Structural (info only): 10
   6 × RWLOCK_GHOST
   2 × UNSAFE_SEND_SYNC
   2 × OPAQUE_EXTERNAL

No proof holes or warnings found! All proofs are complete.

=================================================================
5. Started/Ended/Duration
=================================================================

Started:   2026-09-22 11:25:12 -07:00
Ended:     2026-09-22 11:25:12 -07:00
Duration:  50ms

Full output: src/Chap39/analyses/veracity-review-verus-proof-holes.log

