$ /home/milnes/projects/veracity/target/release/veracity-review-proof-holes src/Chap40/
Full output: src/Chap40/analyses/veracity-review-verus-proof-holes.log

Table of Contents:
  1. File Holes
  2. Depends Upon
     2.1. By Module
     2.2. By File
  3. Summary of Holes
  4. Proof Targets
     4.1. Worst src/* Directories (all dirs, by holes)
     4.2. Next Target Files (clean deps only, by holes)
     4.3. Next Target Directories
     4.4. Not Verusified
     4.5. Not Verusified (clean deps only)
     4.6. Chapter by Chapter Proof Targeting
  5. Started/Ended/Duration

=================================================================
1. File Holes
=================================================================

ℹ BSTKeyValueStEph.rs
/home/milnes/projects/APAS-VERUS/src/Chap40/BSTKeyValueStEph.rs:1396: info: accept()
/home/milnes/projects/APAS-VERUS/src/Chap40/BSTKeyValueStEph.rs:1515: info: accept()
/home/milnes/projects/APAS-VERUS/src/Chap40/BSTKeyValueStEph.rs:1515: info: accept()
/home/milnes/projects/APAS-VERUS/src/Chap40/BSTKeyValueStEph.rs:1543: info: accept()
/home/milnes/projects/APAS-VERUS/src/Chap40/BSTKeyValueStEph.rs:1564: info: accept()
/home/milnes/projects/APAS-VERUS/src/Chap40/BSTKeyValueStEph.rs:1564: info: accept()
/home/milnes/projects/APAS-VERUS/src/Chap40/BSTKeyValueStEph.rs:1567: info: accept()
   Info: 7 total
   14 clean proof functions
ℹ BSTReducedStEph.rs
/home/milnes/projects/APAS-VERUS/src/Chap40/BSTReducedStEph.rs:171: info: external_body_accept_hole
/home/milnes/projects/APAS-VERUS/src/Chap40/BSTReducedStEph.rs:174: info: external_body_accept_hole
/home/milnes/projects/APAS-VERUS/src/Chap40/BSTReducedStEph.rs:197: info: external_body_accept_hole
/home/milnes/projects/APAS-VERUS/src/Chap40/BSTReducedStEph.rs:1568: info: accept()
/home/milnes/projects/APAS-VERUS/src/Chap40/BSTReducedStEph.rs:1646: info: accept()
/home/milnes/projects/APAS-VERUS/src/Chap40/BSTReducedStEph.rs:1646: info: accept()
/home/milnes/projects/APAS-VERUS/src/Chap40/BSTReducedStEph.rs:1705: info: accept()
/home/milnes/projects/APAS-VERUS/src/Chap40/BSTReducedStEph.rs:1705: info: accept()
/home/milnes/projects/APAS-VERUS/src/Chap40/BSTReducedStEph.rs:1708: info: accept()
   Info: 9 total
   8 clean proof functions
ℹ BSTSizeStEph.rs
/home/milnes/projects/APAS-VERUS/src/Chap40/BSTSizeStEph.rs:1449: info: accept()
/home/milnes/projects/APAS-VERUS/src/Chap40/BSTSizeStEph.rs:1505: info: accept()
/home/milnes/projects/APAS-VERUS/src/Chap40/BSTSizeStEph.rs:1505: info: accept()
/home/milnes/projects/APAS-VERUS/src/Chap40/BSTSizeStEph.rs:1533: info: accept()
/home/milnes/projects/APAS-VERUS/src/Chap40/BSTSizeStEph.rs:1551: info: accept()
/home/milnes/projects/APAS-VERUS/src/Chap40/BSTSizeStEph.rs:1551: info: accept()
/home/milnes/projects/APAS-VERUS/src/Chap40/BSTSizeStEph.rs:1554: info: accept()
   Info: 7 total
   8 clean proof functions

=================================================================
2. Depends Upon
=================================================================

=================================================================
2.1. By Module
=================================================================

BSTKeyValueStEph  depends upon only clean modules
BSTReducedStEph  depends upon only clean modules
BSTSizeStEph  depends upon only clean modules

=================================================================
2.2. By File
=================================================================

BSTKeyValueStEph.rs  depends upon only clean modules
BSTReducedStEph.rs  depends upon only clean modules
BSTSizeStEph.rs  depends upon only clean modules

=================================================================
3. Summary of Holes
=================================================================

Modules:
   3 clean (no holes, no errors; 100%)
   0 holed (holes or errors, 0%)
   3 total

Proof Functions:
   30 clean (100%)
   0 holed (0%)
   30 total

Function Specs:
   224 exec fns with complete spec (requires+ensures) (62%)
   0 exec fns missing spec (0%)
   134 proof/spec fns clean (37%)
   0 proof/spec fns with holes (0%)
   358 total fns


Holes Found: 0 (actionable)
Real Proof Targets: 0 (all actionable)

Accepted (reviewed): 23 total
   20 × accept()
   3 × external_body_accept_hole

No proof holes or warnings found! All proofs are complete.

=================================================================
5. Started/Ended/Duration
=================================================================

Started:   2026-09-22 11:25:12 -07:00
Ended:     2026-09-22 11:25:12 -07:00
Duration:  31ms

Full output: src/Chap40/analyses/veracity-review-verus-proof-holes.log
view-verus-proof-holes.log
