r212 PTT for Chap41 (isolate: Chap38 Chap37 Chap41 Chap18 Chap19 Chap23 Chap02); tests: ProveArraySetStEph ProveAVLTreeSetMtPer ProveAVLTreeSetMtEph ProveAVLTreeSetStEph ProveAVLTreeSetStPer ProveOrdKeyMap
Starting PTT at 05:50:08
compile rc: 0
   Compiling rust_verify_test v0.1.0 (/home/milnes/projects/APAS-VERUS/rust_verify_test)
warning: unused import: `common::*`
  --> tests/Chap41/ProveAVLTreeSetStPer.rs:13:5
   |
13 | use common::*;
   |     ^^^^^^^^^
   |
   = note: `#[warn(unused_imports)]` (part of `#[warn(unused)]`) on by default

warning: `rust_verify_test` (test "ProveAVLTreeSetStPer") generated 1 warning (run `cargo fix --test "ProveAVLTreeSetStPer" -p rust_verify_test` to apply 1 suggestion)
    Finished `release` profile [optimized] target(s) in 1.10s
     Running tests/Chap41/ProveAVLTreeSetMtEph.rs (target/release/build/rust_verify_test/f908534e0d417d87/out/ProveAVLTreeSetMtEph-f908534e0d417d87)

running 2 tests
test avltreesetmteph_loop_borrow_iter ... ok
test avltreesetmteph_for_borrow_iter ... ok

test result: ok. 2 passed; 0 failed; 0 ignored; 0 measured; 0 filtered out; finished in 0.61s

     Running tests/Chap41/ProveAVLTreeSetMtPer.rs (target/release/build/rust_verify_test/372c6588fe3feaea/out/ProveAVLTreeSetMtPer-372c6588fe3feaea)

running 2 tests
test avltreesetmtper_for_borrow_into ... ok
test avltreesetmtper_loop_borrow_into ... ok

test result: ok. 2 passed; 0 failed; 0 ignored; 0 measured; 0 filtered out; finished in 0.64s

     Running tests/Chap41/ProveAVLTreeSetStEph.rs (target/release/build/rust_verify_test/2439dfa5c85f07ce/out/ProveAVLTreeSetStEph-2439dfa5c85f07ce)

running 2 tests
test avltreesetsteph_loop_borrow_iter ... ok
test avltreesetsteph_for_borrow_iter ... ok

test result: ok. 2 passed; 0 failed; 0 ignored; 0 measured; 0 filtered out; finished in 0.67s

     Running tests/Chap41/ProveAVLTreeSetStPer.rs (target/release/build/rust_verify_test/0b956220df98ed20/out/ProveAVLTreeSetStPer-0b956220df98ed20)

running 0 tests

test result: ok. 0 passed; 0 failed; 0 ignored; 0 measured; 0 filtered out; finished in 0.00s

     Running tests/Chap41/ProveArraySetStEph.rs (target/release/build/rust_verify_test/addd2240c9cb2cbd/out/ProveArraySetStEph-addd2240c9cb2cbd)

running 4 tests
test arraysetseph_for_borrow_into ... FAILED
test arraysetseph_loop_borrow_into ... FAILED
test arraysetseph_loop_borrow_iter ... ok
test arraysetseph_for_borrow_iter ... ok

failures:

---- arraysetseph_for_borrow_into stdout ----
error[E0599]: the method `into_iter` exists for reference `&apas_verus::Chap41::ArraySetStEph::ArraySetStEph::ArraySetStEph<u64>`, but its trait bounds were not satisfied
  --> /home/milnes/projects/APAS-VERUS/rust_verify_test/target/release/build/rust_verify_test/addd2240c9cb2cbd/test_inputs/ProveArraySetStEph-addd2240c9cb2cbd-arraysetseph_for_borrow_into/test.rs:25:23
   |
25 |     for x in it: (&a).into_iter()
   |                       ^^^^^^^^^ method cannot be called due to unsatisfied trait bounds
   |
   = note: the following trait bounds were not satisfied:
           `&apas_verus::Chap41::ArraySetStEph::ArraySetStEph::ArraySetStEph<u64>: std::iter::Iterator`
           which is required by `&apas_verus::Chap41::ArraySetStEph::ArraySetStEph::ArraySetStEph<u64>: std::iter::IntoIterator`
           `&&apas_verus::Chap41::ArraySetStEph::ArraySetStEph::ArraySetStEph<u64>: std::iter::Iterator`
           which is required by `&&apas_verus::Chap41::ArraySetStEph::ArraySetStEph::ArraySetStEph<u64>: std::iter::IntoIterator`
           `&mut &apas_verus::Chap41::ArraySetStEph::ArraySetStEph::ArraySetStEph<u64>: std::iter::Iterator`
           which is required by `&mut &apas_verus::Chap41::ArraySetStEph::ArraySetStEph::ArraySetStEph<u64>: std::iter::IntoIterator`
           `apas_verus::Chap41::ArraySetStEph::ArraySetStEph::ArraySetStEph<u64>: std::iter::Iterator`
           which is required by `apas_verus::Chap41::ArraySetStEph::ArraySetStEph::ArraySetStEph<u64>: std::iter::IntoIterator`
           `&mut apas_verus::Chap41::ArraySetStEph::ArraySetStEph::ArraySetStEph<u64>: std::iter::Iterator`
           which is required by `&mut apas_verus::Chap41::ArraySetStEph::ArraySetStEph::ArraySetStEph<u64>: std::iter::IntoIterator`


error: aborting due to 1 previous error


For more information about this error, try `rustc --explain E0599`.

the input directory is /home/milnes/projects/APAS-VERUS/rust_verify_test/target/release/build/rust_verify_test/addd2240c9cb2cbd/test_inputs/ProveArraySetStEph-addd2240c9cb2cbd-arraysetseph_for_borrow_into
rerun this test with:
verus --crate-type=lib  /home/milnes/projects/APAS-VERUS/rust_verify_test/target/release/build/rust_verify_test/addd2240c9cb2cbd/test_inputs/ProveArraySetStEph-addd2240c9cb2cbd-arraysetseph_for_borrow_into/test.rs


thread 'arraysetseph_for_borrow_into' (2410563) panicked at tests/Chap41/ProveArraySetStEph.rs:141:1:
Err(_) does not match $result
note: run with `RUST_BACKTRACE=1` environment variable to display a backtrace

---- arraysetseph_loop_borrow_into stdout ----
error[E0599]: the method `into_iter` exists for reference `&apas_verus::Chap41::ArraySetStEph::ArraySetStEph::ArraySetStEph<u64>`, but its trait bounds were not satisfied
  --> /home/milnes/projects/APAS-VERUS/rust_verify_test/target/release/build/rust_verify_test/addd2240c9cb2cbd/test_inputs/ProveArraySetStEph-addd2240c9cb2cbd-arraysetseph_loop_borrow_into/test.rs:25:50
   |
25 |     let mut it: std::slice::Iter<'_, u64> = (&a).into_iter();
   |                                                  ^^^^^^^^^ method cannot be called due to unsatisfied trait bounds
   |
   = note: the following trait bounds were not satisfied:
           `&apas_verus::Chap41::ArraySetStEph::ArraySetStEph::ArraySetStEph<u64>: std::iter::Iterator`
           which is required by `&apas_verus::Chap41::ArraySetStEph::ArraySetStEph::ArraySetStEph<u64>: std::iter::IntoIterator`
           `&&apas_verus::Chap41::ArraySetStEph::ArraySetStEph::ArraySetStEph<u64>: std::iter::Iterator`
           which is required by `&&apas_verus::Chap41::ArraySetStEph::ArraySetStEph::ArraySetStEph<u64>: std::iter::IntoIterator`
           `&mut &apas_verus::Chap41::ArraySetStEph::ArraySetStEph::ArraySetStEph<u64>: std::iter::Iterator`
           which is required by `&mut &apas_verus::Chap41::ArraySetStEph::ArraySetStEph::ArraySetStEph<u64>: std::iter::IntoIterator`
           `apas_verus::Chap41::ArraySetStEph::ArraySetStEph::ArraySetStEph<u64>: std::iter::Iterator`
           which is required by `apas_verus::Chap41::ArraySetStEph::ArraySetStEph::ArraySetStEph<u64>: std::iter::IntoIterator`
           `&mut apas_verus::Chap41::ArraySetStEph::ArraySetStEph::ArraySetStEph<u64>: std::iter::Iterator`
           which is required by `&mut apas_verus::Chap41::ArraySetStEph::ArraySetStEph::ArraySetStEph<u64>: std::iter::IntoIterator`


error: aborting due to 1 previous error


For more information about this error, try `rustc --explain E0599`.

the input directory is /home/milnes/projects/APAS-VERUS/rust_verify_test/target/release/build/rust_verify_test/addd2240c9cb2cbd/test_inputs/ProveArraySetStEph-addd2240c9cb2cbd-arraysetseph_loop_borrow_into
rerun this test with:
verus --crate-type=lib  /home/milnes/projects/APAS-VERUS/rust_verify_test/target/release/build/rust_verify_test/addd2240c9cb2cbd/test_inputs/ProveArraySetStEph-addd2240c9cb2cbd-arraysetseph_loop_borrow_into/test.rs


thread 'arraysetseph_loop_borrow_into' (2410565) panicked at tests/Chap41/ProveArraySetStEph.rs:66:1:
Err(_) does not match $result


failures:
    arraysetseph_for_borrow_into
    arraysetseph_loop_borrow_into

test result: FAILED. 2 passed; 2 failed; 0 ignored; 0 measured; 0 filtered out; finished in 0.66s

error: test failed, to rerun pass `--test ProveArraySetStEph`
     Running tests/Chap41/ProveOrdKeyMap.rs (target/release/build/rust_verify_test/099d3fc69073e425/out/ProveOrdKeyMap-099d3fc69073e425)

running 2 tests
test ordkeymap_loop_borrow_iter ... FAILED
test ordkeymap_for_borrow_iter ... FAILED

failures:

---- ordkeymap_loop_borrow_iter stdout ----
error[E0308]: mismatched types
  --> /home/milnes/projects/APAS-VERUS/rust_verify_test/target/release/build/rust_verify_test/099d3fc69073e425/test_inputs/ProveOrdKeyMap-099d3fc69073e425-ordkeymap_loop_borrow_iter/test.rs:40:5
   |
40 |     let ghost orig: Seq<u64> = vstd::std_specs::vec::into_iter_elts(it0);
   |     ^^^^^^^^^^^^^^^^--------^^^^^^^^^^^^^^^^^^^^^^^^^^^^^^^^^^^^^^^^^^^^^
   |     |               |
   |     |               expected due to this
   |     expected `Seq<u64>`, found `Seq<Pair<u64, u64>>`
   |
   = note: expected struct `vstd::seq::Seq<u64>`
              found struct `vstd::seq::Seq<apas_verus::Types::Types::Pair<u64, u64>>`
   = note: this error originates in the macro `::verus_builtin_macros::verus` (in Nightly builds, run with -Z macro-backtrace for more info)


error[E0308]: mismatched types
  --> /home/milnes/projects/APAS-VERUS/rust_verify_test/target/release/build/rust_verify_test/099d3fc69073e425/test_inputs/ProveOrdKeyMap-099d3fc69073e425-ordkeymap_loop_borrow_iter/test.rs:42:43
   |
42 |     let mut it: std::vec::IntoIter<u64> = it0;
   |                 -----------------------   ^^^ expected `IntoIter<u64>`, found `IntoIter<Pair<u64, u64>>`
   |                 |
   |                 expected due to this
   |
   = note: expected struct `std::vec::IntoIter<u64>`
              found struct `std::vec::IntoIter<apas_verus::Types::Types::Pair<u64, u64>>`


error: aborting due to 2 previous errors


For more information about this error, try `rustc --explain E0308`.

the input directory is /home/milnes/projects/APAS-VERUS/rust_verify_test/target/release/build/rust_verify_test/099d3fc69073e425/test_inputs/ProveOrdKeyMap-099d3fc69073e425-ordkeymap_loop_borrow_iter
rerun this test with:
verus --crate-type=lib  /home/milnes/projects/APAS-VERUS/rust_verify_test/target/release/build/rust_verify_test/099d3fc69073e425/test_inputs/ProveOrdKeyMap-099d3fc69073e425-ordkeymap_loop_borrow_iter/test.rs


thread 'ordkeymap_loop_borrow_iter' (2410668) panicked at tests/Chap41/ProveOrdKeyMap.rs:15:1:
Err(_) does not match $result
note: run with `RUST_BACKTRACE=1` environment variable to display a backtrace

---- ordkeymap_for_borrow_iter stdout ----
error[E0308]: mismatched types
  --> /home/milnes/projects/APAS-VERUS/rust_verify_test/target/release/build/rust_verify_test/099d3fc69073e425/test_inputs/ProveOrdKeyMap-099d3fc69073e425-ordkeymap_for_borrow_iter/test.rs:40:5
   |
40 |     let ghost orig: Seq<u64> = vstd::std_specs::vec::into_iter_elts(it0);
   |     ^^^^^^^^^^^^^^^^--------^^^^^^^^^^^^^^^^^^^^^^^^^^^^^^^^^^^^^^^^^^^^^
   |     |               |
   |     |               expected due to this
   |     expected `Seq<u64>`, found `Seq<Pair<u64, u64>>`
   |
   = note: expected struct `vstd::seq::Seq<u64>`
              found struct `vstd::seq::Seq<apas_verus::Types::Types::Pair<u64, u64>>`
   = note: this error originates in the macro `::verus_builtin_macros::verus` (in Nightly builds, run with -Z macro-backtrace for more info)


error[E0277]: the trait bound `vstd::seq::Seq<apas_verus::Types::Types::Pair<u64, u64>>: verus_builtin::SpecEq<vstd::seq::Seq<u64>>` is not satisfied
  --> /home/milnes/projects/APAS-VERUS/rust_verify_test/target/release/build/rust_verify_test/099d3fc69073e425/test_inputs/ProveOrdKeyMap-099d3fc69073e425-ordkeymap_for_borrow_iter/test.rs:44:13
   |
44 |             it.seq() == orig,
   |             ^^^^^^^^--------
   |             |
   |             the trait `verus_builtin::SpecEq<vstd::seq::Seq<u64>>` is not implemented for `vstd::seq::Seq<apas_verus::Types::Types::Pair<u64, u64>>`
   |             required by a bound introduced by this call
   |
   = help: the following other types implement trait `verus_builtin::SpecEq<Rhs>`:
             `&A` implements `verus_builtin::SpecEq<A>`
             `&char` implements `verus_builtin::SpecEq<i128>`
             `&char` implements `verus_builtin::SpecEq<i16>`
             `&char` implements `verus_builtin::SpecEq<i32>`
             `&char` implements `verus_builtin::SpecEq<i64>`
             `&char` implements `verus_builtin::SpecEq<i8>`
             `&char` implements `verus_builtin::SpecEq<isize>`
             `&char` implements `verus_builtin::SpecEq<u128>`
           and 1048 others
note: required by a bound in `verus_builtin::spec_eq`
  --> /home/runner/work/verus/verus/source/builtin/src/lib.rs:1249:0


error[E0277]: the trait bound `u64: verus_builtin::SpecEq<apas_verus::Types::Types::Pair<u64, u64>>` is not satisfied
  --> /home/milnes/projects/APAS-VERUS/rust_verify_test/target/release/build/rust_verify_test/099d3fc69073e425/test_inputs/ProveOrdKeyMap-099d3fc69073e425-ordkeymap_for_borrow_iter/test.rs:47:21
   |
47 |                 ==> #[trigger] collected@[i] == it.seq()[i],
   |                     ^^^^^^^^^^^^^^^^^^^^^^^^---------------
   |                     |
   |                     the trait `verus_builtin::SpecEq<apas_verus::Types::Types::Pair<u64, u64>>` is not implemented for `u64`
   |                     required by a bound introduced by this call
   |
   = help: the following other types implement trait `verus_builtin::SpecEq<Rhs>`:
             `&u64` implements `verus_builtin::SpecEq<char>`
             `&u64` implements `verus_builtin::SpecEq<i128>`
             `&u64` implements `verus_builtin::SpecEq<i16>`
             `&u64` implements `verus_builtin::SpecEq<i32>`
             `&u64` implements `verus_builtin::SpecEq<i64>`
             `&u64` implements `verus_builtin::SpecEq<i8>`
             `&u64` implements `verus_builtin::SpecEq<isize>`
             `&u64` implements `verus_builtin::SpecEq<u128>`
           and 48 others
note: required by a bound in `verus_builtin::spec_eq`
  --> /home/runner/work/verus/verus/source/builtin/src/lib.rs:1249:0


error[E0308]: mismatched types
  --> /home/milnes/projects/APAS-VERUS/rust_verify_test/target/release/build/rust_verify_test/099d3fc69073e425/test_inputs/ProveOrdKeyMap-099d3fc69073e425-ordkeymap_for_borrow_iter/test.rs:49:24
   |
49 |         collected.push(x);
   |                   ---- ^ expected `u64`, found `Pair<u64, u64>`
   |                   |
   |                   arguments to this method are incorrect
   |
   = note: expected type `u64`
            found struct `apas_verus::Types::Types::Pair<u64, u64>`
note: method defined here
  --> /rustc/48a229ceaefd4985c50990b14116b6d856af0985/library/alloc/src/vec/mod.rs:1001:11


error: aborting due to 4 previous errors


Some errors have detailed explanations: E0277, E0308.

For more information about an error, try `rustc --explain E0277`.

the input directory is /home/milnes/projects/APAS-VERUS/rust_verify_test/target/release/build/rust_verify_test/099d3fc69073e425/test_inputs/ProveOrdKeyMap-099d3fc69073e425-ordkeymap_for_borrow_iter
rerun this test with:
verus --crate-type=lib  /home/milnes/projects/APAS-VERUS/rust_verify_test/target/release/build/rust_verify_test/099d3fc69073e425/test_inputs/ProveOrdKeyMap-099d3fc69073e425-ordkeymap_for_borrow_iter/test.rs


thread 'ordkeymap_for_borrow_iter' (2410667) panicked at tests/Chap41/ProveOrdKeyMap.rs:136:1:
Err(_) does not match $result


failures:
    ordkeymap_for_borrow_iter
    ordkeymap_loop_borrow_iter

test result: FAILED. 0 passed; 2 failed; 0 ignored; 0 measured; 0 filtered out; finished in 0.35s

error: test failed, to rerun pass `--test ProveOrdKeyMap`
error: 2 targets failed:
    `--test ProveArraySetStEph`
    `--test ProveOrdKeyMap`
cargo test rc: 101
Elapsed: 15s
