    Finished `release` profile [optimized] target(s) in 0.14s
────────────
 Nextest run ID 2abe786a-a063-44c3-8dc8-41125090d348 with nextest profile: default
    Starting 80 tests across 263 binaries (4291 tests skipped)
        PASS [   0.005s] ( 1/80) apas-verus::TestEdgeContractionMtEph test_edge_contract_mt_empty_matching
        PASS [   0.005s] ( 2/80) apas-verus::TestEdgeContractionMtEph test_edge_contract_mt_single_edge
        PASS [   0.005s] ( 3/80) apas-verus::TestEdgeContractionMtEph test_contract_round_mt_reduces_vertices
        PASS [   0.005s] ( 4/80) apas-verus::TestEdgeContractionMtEph test_edge_contract_mt_cycle
        PASS [   0.005s] ( 5/80) apas-verus::TestEdgeContractionMtEph test_contract_round_mt_correctness
        PASS [   0.005s] ( 6/80) apas-verus::TestEdgeContractionMtEph test_contract_round_mt_complete_graph
        PASS [   0.004s] ( 7/80) apas-verus::TestEdgeContractionStEph test_contract_round_small_complete
        PASS [   0.004s] ( 8/80) apas-verus::TestEdgeContractionStEph test_contract_round_star
        PASS [   0.004s] ( 9/80) apas-verus::TestEdgeContractionStEph test_edge_contract_cycle
        PASS [   0.004s] (10/80) apas-verus::TestEdgeContractionStEph test_contract_round_large_cycle
        PASS [   0.004s] (11/80) apas-verus::TestEdgeContractionStEph test_contract_round_cycle
        PASS [   0.004s] (12/80) apas-verus::TestEdgeContractionMtEph test_edge_contract_mt_star
        PASS [   0.004s] (13/80) apas-verus::TestEdgeContractionStEph test_edge_contract_preserves_unmatched
        PASS [   0.004s] (14/80) apas-verus::TestEdgeContractionStEph test_edge_contract_star
        PASS [   0.004s] (15/80) apas-verus::TestEdgeContractionStEph test_edge_contract_single_edge_graph
        PASS [   0.004s] (16/80) apas-verus::TestEdgeContractionStEph test_edge_contract_disconnected
        PASS [   0.004s] (17/80) apas-verus::TestEdgeContractionStEph test_edge_contract_path_graph
        PASS [   0.004s] (18/80) apas-verus::TestEdgeContractionStEph test_edge_contract_empty_matching
        PASS [   0.004s] (19/80) apas-verus::TestReduceContractMtEph test_reduce_contract_parallel_empty
        PASS [   0.004s] (20/80) apas-verus::TestEdgeContractionStEph test_edge_contract_triangle
        PASS [   0.005s] (21/80) apas-verus::TestReduceContractMtEph test_reduce_contract_parallel_max
        PASS [   0.005s] (22/80) apas-verus::TestReduceContractMtEph test_reduce_contract_parallel_min
        PASS [   0.005s] (23/80) apas-verus::TestReduceContractMtEph test_reduce_contract_parallel_even_length
        PASS [   0.005s] (24/80) apas-verus::TestReduceContractMtEph test_reduce_contract_parallel_large
        PASS [   0.004s] (25/80) apas-verus::TestReduceContractMtEph test_reduce_contract_parallel_single
        PASS [   0.004s] (26/80) apas-verus::TestReduceContractMtEph test_reduce_contract_parallel_three_elements
        PASS [   0.005s] (27/80) apas-verus::TestReduceContractMtEph test_reduce_contract_parallel_odd_length
        PASS [   0.005s] (28/80) apas-verus::TestReduceContractMtEph test_reduce_contract_parallel_sum
        PASS [   0.005s] (29/80) apas-verus::TestReduceContractMtEph test_reduce_contract_parallel_product
        PASS [   0.005s] (30/80) apas-verus::TestReduceContractMtEph test_reduce_contract_parallel_power_of_2
        PASS [   0.004s] (31/80) apas-verus::TestReduceContractStEph test_reduce_contract_even_length
        PASS [   0.004s] (32/80) apas-verus::TestReduceContractStEph test_reduce_contract_large
        PASS [   0.004s] (33/80) apas-verus::TestReduceContractStEph test_reduce_contract_max
        PASS [   0.004s] (34/80) apas-verus::TestReduceContractStEph test_reduce_contract_all_same
        PASS [   0.004s] (35/80) apas-verus::TestReduceContractMtEph test_reduce_contract_parallel_two_elements
        PASS [   0.004s] (36/80) apas-verus::TestReduceContractStEph test_reduce_contract_empty
        PASS [   0.004s] (37/80) apas-verus::TestReduceContractStEph test_reduce_contract_sum
        PASS [   0.004s] (38/80) apas-verus::TestReduceContractStEph test_reduce_contract_min
        PASS [   0.004s] (39/80) apas-verus::TestReduceContractStEph test_reduce_contract_product
        PASS [   0.004s] (40/80) apas-verus::TestReduceContractStEph test_reduce_contract_power_of_2
        PASS [   0.004s] (41/80) apas-verus::TestReduceContractStEph test_reduce_contract_odd_length
        PASS [   0.005s] (42/80) apas-verus::TestReduceContractStEph test_reduce_contract_single
        PASS [   0.004s] (43/80) apas-verus::TestReduceContractStEph test_reduce_contract_three_elements
        PASS [   0.004s] (44/80) apas-verus::TestReduceContractStEph test_reduce_contract_two_elements
        PASS [   0.004s] (45/80) apas-verus::TestScanContractMtEph test_scan_contract_parallel_empty
        PASS [   0.004s] (46/80) apas-verus::TestScanContractMtEph test_scan_contract_parallel_all_same
        PASS [   0.004s] (47/80) apas-verus::TestScanContractMtEph test_scan_contract_parallel_even_length
        PASS [   0.004s] (48/80) apas-verus::TestScanContractMtEph test_scan_contract_parallel_large
        PASS [   0.004s] (49/80) apas-verus::TestScanContractMtEph test_scan_contract_parallel_odd_length
        PASS [   0.004s] (50/80) apas-verus::TestScanContractMtEph test_scan_contract_parallel_single
        PASS [   0.004s] (51/80) apas-verus::TestScanContractMtEph test_scan_contract_parallel_product
        PASS [   0.004s] (52/80) apas-verus::TestScanContractMtEph test_scan_contract_parallel_power_of_2
        PASS [   0.004s] (53/80) apas-verus::TestScanContractMtEph test_scan_contract_parallel_sum
        PASS [   0.004s] (54/80) apas-verus::TestScanContractMtEph test_scan_contract_parallel_three_elements
        PASS [   0.004s] (55/80) apas-verus::TestScanContractStEph test_scan_contract_even_length
        PASS [   0.004s] (56/80) apas-verus::TestScanContractStEph test_scan_contract_max
        PASS [   0.004s] (57/80) apas-verus::TestScanContractMtEph test_scan_contract_parallel_two_elements
        PASS [   0.004s] (58/80) apas-verus::TestScanContractStEph test_scan_contract_all_same
        PASS [   0.004s] (59/80) apas-verus::TestScanContractStEph test_scan_contract_empty
        PASS [   0.004s] (60/80) apas-verus::TestScanContractStEph test_scan_contract_large
        PASS [   0.003s] (61/80) apas-verus::TestScanContractStEph test_scan_contract_sum
        PASS [   0.004s] (62/80) apas-verus::TestScanContractStEph test_scan_contract_single
        PASS [   0.004s] (63/80) apas-verus::TestScanContractStEph test_scan_contract_odd_length
        PASS [   0.004s] (64/80) apas-verus::TestScanContractStEph test_scan_contract_power_of_2
        PASS [   0.004s] (65/80) apas-verus::TestScanContractStEph test_scan_contract_three_elements
        PASS [   0.004s] (66/80) apas-verus::TestScanContractStEph test_scan_contract_product
        PASS [   0.004s] (67/80) apas-verus::TestScanContractStEph test_scan_contract_two_elements
        PASS [   0.004s] (68/80) apas-verus::TestStarContractionMtEph test_empty_graph_contraction_mt
        PASS [   0.004s] (69/80) apas-verus::TestStarContractionStEph test_contract_to_vertices_cycle
        PASS [   0.004s] (70/80) apas-verus::TestStarContractionStEph test_complete_graph_contraction
        PASS [   0.004s] (71/80) apas-verus::TestStarContractionStEph test_contract_with_base_expand
        PASS [   0.006s] (72/80) apas-verus::TestStarContractionMtEph test_contract_to_vertices_mt_cycle
        PASS [   0.004s] (73/80) apas-verus::TestStarContractionStEph test_disconnected_contraction
        PASS [   0.004s] (74/80) apas-verus::TestStarContractionStEph test_empty_graph_contraction
        PASS [   0.003s] (75/80) apas-verus::TestStarContractionStEph test_path_contraction
        PASS [   0.004s] (76/80) apas-verus::TestStarContractionStEph test_large_cycle_contraction
        PASS [   0.004s] (77/80) apas-verus::TestStarContractionStEph test_single_edge_contraction
        PASS [   0.004s] (78/80) apas-verus::TestStarContractionStEph test_single_vertex_contraction
        PASS [   0.004s] (79/80) apas-verus::TestStarContractionStEph test_star_graph_contraction
        PASS [   0.004s] (80/80) apas-verus::TestStarContractionStEph test_triangle_contraction
────────────
     Summary [   0.063s] 80 tests run: 80 passed, 4291 skipped
Elapsed: 1s
