    Finished `release` profile [optimized] target(s) in 0.14s
────────────
 Nextest run ID 03a0045a-ee3f-4cc5-9d41-8d8c6e3e28cd with nextest profile: default
    Starting 34 tests across 263 binaries (4312 tests skipped)
        PASS [   0.004s] ( 1/34) apas-verus::TestBSTMtEph mt_rb_comprehensive_operations
        PASS [   0.004s] ( 2/34) apas-verus::TestBSTMtEph mt_rb_basic_ops
        PASS [   0.004s] ( 3/34) apas-verus::TestBSTRBMtEph test_bstrbmtephlit_macro_functionality
        PASS [   0.005s] ( 4/34) apas-verus::TestBSTMtEph mt_concurrent_rb_bst_stress
        PASS [   0.006s] ( 5/34) apas-verus::TestBSTRBMtEph test_rb_balance_descending
        PASS [   0.007s] ( 6/34) apas-verus::TestBSTRBMtEph test_rb_balance_ascending
        PASS [   0.004s] ( 7/34) apas-verus::TestBSTRBMtEph test_rb_balance_duplicates
        PASS [   0.004s] ( 8/34) apas-verus::TestBSTRBMtEph test_rb_balancing
        PASS [   0.006s] ( 9/34) apas-verus::TestBSTRBMtEph test_rb_balance_zigzag
        PASS [   0.008s] (10/34) apas-verus::TestBSTRBMtEph test_rb_balance_from_sorted_slice
        PASS [   0.004s] (11/34) apas-verus::TestBSTRBStEph test_bstrbstephlit_macro_empty
        PASS [   0.004s] (12/34) apas-verus::TestBSTRBStEph test_bstrbstephlit_macro_with_elements
        PASS [   0.012s] (13/34) apas-verus::TestBSTRBMtEph test_rb_balance_random
        PASS [   0.012s] (14/34) apas-verus::TestBSTRBMtEph test_rb_balance_report
        PASS [   0.008s] (15/34) apas-verus::TestBSTRBStEph test_rb_balance_duplicates
        PASS [   0.004s] (16/34) apas-verus::TestBSTRBStEph test_rb_balancing_ascending
        PASS [   0.006s] (17/34) apas-verus::TestBSTRBStEph test_rb_contains
        PASS [   0.011s] (18/34) apas-verus::TestBSTRBStEph test_rb_delete_absent_keys
        PASS [   0.032s] (19/34) apas-verus::TestBSTRBStEph test_rb_balance_descending
        PASS [   0.033s] (20/34) apas-verus::TestBSTRBStEph test_rb_balance_ascending
        PASS [   0.042s] (21/34) apas-verus::TestBSTRBStEph test_rb_balance_zigzag
        PASS [   0.019s] (22/34) apas-verus::TestBSTRBStEph test_rb_delete_ascending_to_empty
        PASS [   0.017s] (23/34) apas-verus::TestBSTRBStEph test_rb_delete_descending_to_empty
        PASS [   0.004s] (24/34) apas-verus::TestBSTRBStEph test_rb_duplicate_insert
        PASS [   0.004s] (25/34) apas-verus::TestBSTRBStEph test_rb_height
        PASS [   0.004s] (26/34) apas-verus::TestBSTRBStEph test_rb_insert_and_find
        PASS [   0.004s] (27/34) apas-verus::TestBSTRBStEph test_rb_new_empty
        PASS [   0.004s] (28/34) apas-verus::TestBSTRBStEph test_rb_size
        PASS [   0.004s] (29/34) apas-verus::TestBSTSetRBMtEph test_bstsetrbmtephlit_macro_functionality
        PASS [   0.004s] (30/34) apas-verus::TestSpanTreeStEph test_spanning_tree_barbell
        PASS [   0.036s] (31/34) apas-verus::TestBSTRBStEph test_rb_insert_delete_interleaved
        PASS [   0.065s] (32/34) apas-verus::TestBSTRBStEph test_rb_delete_random_to_empty
        PASS [   0.103s] (33/34) apas-verus::TestBSTRBStEph test_rb_balance_report
        PASS [   0.109s] (34/34) apas-verus::TestBSTRBStEph test_rb_balance_random
────────────
     Summary [   0.125s] 34 tests run: 34 passed, 4312 skipped
Elapsed: 1s
