   Compiling apas-verus v0.1.0 (/home/milnes/projects/APAS-VERUS-r222)
    Finished `release` profile [optimized] target(s) in 9.38s
────────────
 Nextest run ID 5176642e-8a83-49c9-a52d-ab624d947484 with nextest profile: default
    Starting 29 tests across 263 binaries (4339 tests skipped)
        PASS [   0.006s] ( 1/29) apas-verus::TestBSTBBAlphaMtEph test_mt_bb_balance_duplicates
        PASS [   0.006s] ( 2/29) apas-verus::TestBSTBBAlphaMtEph test_bstbbalphamtephlit_macro_functionality
        PASS [   0.006s] ( 3/29) apas-verus::TestBSTBBAlphaMtEph test_mt_bb_balance_ascending
        PASS [   0.007s] ( 4/29) apas-verus::TestBSTBBAlphaMtEph test_mt_bb_balance_descending
        PASS [   0.011s] ( 5/29) apas-verus::TestBSTBBAlphaMtEph test_mt_bb_balance_random
        PASS [   0.006s] ( 6/29) apas-verus::TestBSTBBAlphaMtEph test_mt_bb_balance_zigzag
        PASS [   0.006s] ( 7/29) apas-verus::TestBSTBBAlphaMtEph test_mt_bb_delete_absent_keys
        PASS [   0.013s] ( 8/29) apas-verus::TestBSTBBAlphaMtEph test_mt_bb_balance_report
        PASS [   0.008s] ( 9/29) apas-verus::TestBSTBBAlphaMtEph test_mt_bb_delete_ascending_to_empty
        PASS [   0.007s] (10/29) apas-verus::TestBSTBBAlphaMtEph test_mt_bb_delete_descending_to_empty
        PASS [   0.008s] (11/29) apas-verus::TestBSTBBAlphaMtEph test_mt_bb_insert_delete_interleaved
        PASS [   0.006s] (12/29) apas-verus::TestBSTBBAlphaStEph test_bb_balance_duplicates
        PASS [   0.017s] (13/29) apas-verus::TestBSTBBAlphaMtEph test_mt_bb_delete_random_to_empty
        PASS [   0.008s] (14/29) apas-verus::TestBSTBBAlphaStEph test_bb_delete_absent_keys
        PASS [   0.026s] (15/29) apas-verus::TestBSTBBAlphaStEph test_bb_balance_descending
        PASS [   0.027s] (16/29) apas-verus::TestBSTBBAlphaStEph test_bb_balance_ascending
        PASS [   0.013s] (17/29) apas-verus::TestBSTBBAlphaStEph test_bb_delete_ascending_to_empty
        PASS [   0.030s] (18/29) apas-verus::TestBSTBBAlphaStEph test_bb_balance_zigzag
        PASS [   0.003s] (19/29) apas-verus::TestBSTBBAlphaStEph test_bstbbalphastephlit_macro_empty
        PASS [   0.003s] (20/29) apas-verus::TestBSTBBAlphaStEph test_bstbbalphastephlit_macro_with_elements
        PASS [   0.020s] (21/29) apas-verus::TestBSTBBAlphaStEph test_bb_delete_descending_to_empty
        PASS [   0.003s] (22/29) apas-verus::TestBSTMtEph mt_bbalpha_basic_ops
        FAIL [   0.003s] (23/29) apas-verus::TestBSTMtEph mt_bbalpha_comprehensive_operations
  stdout ───

    running 1 test
    test mt_bbalpha_comprehensive_operations ... FAILED

    failures:

    failures:
        mt_bbalpha_comprehensive_operations

    test result: FAILED. 0 passed; 1 failed; 0 ignored; 0 measured; 18 filtered out; finished in 0.00s

  stderr ───

    thread 'mt_bbalpha_comprehensive_operations' (1610325) panicked at tests/Chap37/TestBSTMtEph.rs:213:5:
    assertion failed: height <= 7
    note: run with `RUST_BACKTRACE=1` environment variable to display a backtrace

        PASS [   0.003s] (24/29) apas-verus::TestBSTMtEph mt_concurrent_bbalpha_operations
        PASS [   0.003s] (25/29) apas-verus::TestBSTSetBBAlphaMtEph test_bstsetbbalphamtephlit_macro_functionality
        PASS [   0.026s] (26/29) apas-verus::TestBSTBBAlphaStEph test_bb_insert_delete_interleaved
        PASS [   0.037s] (27/29) apas-verus::TestBSTBBAlphaStEph test_bb_delete_random_to_empty
        PASS [   0.088s] (28/29) apas-verus::TestBSTBBAlphaStEph test_bb_balance_report
        PASS [   0.093s] (29/29) apas-verus::TestBSTBBAlphaStEph test_bb_balance_random
────────────
     Summary [   0.108s] 29 tests run: 28 passed, 1 failed, 4339 skipped
        FAIL [   0.003s] (23/29) apas-verus::TestBSTMtEph mt_bbalpha_comprehensive_operations
error: test run failed
Elapsed: 10s
