r212 RTT for Chap28: cargo test --release on 10 targets: TestMaxContigSubSumBruteStEph TestMaxContigSubSumDivConMtEph TestMaxContigSubSumDivConOptMtEph TestMaxContigSubSumIterStEph TestMaxContigSubSumReducedMcsseStEph TestMaxContigSubSumDivConOptStEph TestMaxContigSubSumDivConStEph TestMaxContigSubSumOptMtEph TestMaxContigSubSumOptStEph TestMaxContigSubSumReducedStEph
Starting RTT at 05:14:27
warning: unexpected `cfg` condition name: `never`
   --> src/Chap43/OrderedTableStEph.rs:793:15
    |
793 |         #[cfg(never)] fn union_bypassed_r158() { let ghost old_tree = self.tree.inner@;
    |               ^^^^^
    |
    = help: expected names are: `docsrs`, `feature`, `test`, `verus_keep_ghost`, and `verus_keep_ghost_body` and 32 more
    = help: consider using a Cargo feature instead
    = help: or consider adding in `Cargo.toml` the `check-cfg` lint config for the lint:
             [lints.rust]
             unexpected_cfgs = { level = "warn", check-cfg = ['cfg(never)'] }
    = help: or consider adding `println!("cargo::rustc-check-cfg=cfg(never)");` to the top of the `build.rs`
    = note: see <https://doc.rust-lang.org/nightly/rustc/check-cfg/cargo-specifics.html> for more information about checking conditional configuration
    = note: requested on the command line with `-W unexpected-cfgs`

warning: negative impls are experimental
   --> src/vstdplus/threads_plus.rs:105:10
    |
105 |     impl !Sync for IsThreadPlus {}
    |          ^
    |
    = note: see issue #68318 <https://github.com/rust-lang/rust/issues/68318> for more information
    = warning: unstable syntax can change at any point in the future, causing a hard error!
    = note: for more information, see issue #154045 <https://github.com/rust-lang/rust/issues/154045>

warning: negative impls are experimental
   --> src/vstdplus/threads_plus.rs:108:10
    |
108 |     impl !Send for IsThreadPlus {}
    |          ^
    |
    = note: see issue #68318 <https://github.com/rust-lang/rust/issues/68318> for more information
    = warning: unstable syntax can change at any point in the future, causing a hard error!
    = note: for more information, see issue #154045 <https://github.com/rust-lang/rust/issues/154045>

warning: `apas-verus` (lib) generated 3 warnings
   Compiling apas-verus v0.1.0 (/home/milnes/projects/APAS-VERUS)
    Finished `release` profile [optimized] target(s) in 0.22s
     Running tests/Chap28/TestMaxContigSubSumBruteStEph.rs (target/release/deps/TestMaxContigSubSumBruteStEph-be31c4ced3c4f0df)

running 9 tests
test test_all_negative ... ok
test test_all_positive ... ok
test test_empty ... ok
test test_example_from_book ... ok
test test_ends_negative ... ok
test test_single_positive ... ok
test test_zero_elements ... ok
test test_single_negative ... ok
test test_starts_negative ... ok

test result: ok. 9 passed; 0 failed; 0 ignored; 0 measured; 0 filtered out; finished in 0.00s

     Running tests/Chap28/TestMaxContigSubSumDivConMtEph.rs (target/release/deps/TestMaxContigSubSumDivConMtEph-f1e9aa18cfda4511)

running 6 tests
test test_all_negative ... ok
test test_all_positive ... ok
test test_crossing_middle ... ok
test test_empty ... ok
test test_example_from_book ... ok
test test_single_positive ... ok

test result: ok. 6 passed; 0 failed; 0 ignored; 0 measured; 0 filtered out; finished in 0.00s

     Running tests/Chap28/TestMaxContigSubSumDivConOptMtEph.rs (target/release/deps/TestMaxContigSubSumDivConOptMtEph-4a21e2dca374e644)

running 6 tests
test test_all_negative ... ok
test test_all_positive ... ok
test test_empty ... ok
test test_larger_example ... ok
test test_single_positive ... ok
test test_example_from_book ... ok

test result: ok. 6 passed; 0 failed; 0 ignored; 0 measured; 0 filtered out; finished in 0.00s

     Running tests/Chap28/TestMaxContigSubSumDivConOptStEph.rs (target/release/deps/TestMaxContigSubSumDivConOptStEph-a23307fd5467aed5)

running 6 tests
test test_all_negative ... ok
test test_all_positive ... ok
test test_empty ... ok
test test_larger_example ... ok
test test_example_from_book ... ok
test test_single_positive ... ok

test result: ok. 6 passed; 0 failed; 0 ignored; 0 measured; 0 filtered out; finished in 0.00s

     Running tests/Chap28/TestMaxContigSubSumDivConStEph.rs (target/release/deps/TestMaxContigSubSumDivConStEph-cbd98d4356a51ba5)

running 6 tests
test test_all_negative ... ok
test test_all_positive ... ok
test test_empty ... ok
test test_crossing_middle ... ok
test test_single_positive ... ok
test test_example_from_book ... ok

test result: ok. 6 passed; 0 failed; 0 ignored; 0 measured; 0 filtered out; finished in 0.00s

     Running tests/Chap28/TestMaxContigSubSumIterStEph.rs (target/release/deps/TestMaxContigSubSumIterStEph-6446a622a083cf1e)

running 9 tests
test test_all_negative ... ok
test test_all_positive ... ok
test test_ends_negative ... ok
test test_example_from_book ... ok
test test_empty ... ok
test test_larger_example ... ok
test test_single_negative ... ok
test test_single_positive ... ok
test test_starts_negative ... ok

test result: ok. 9 passed; 0 failed; 0 ignored; 0 measured; 0 filtered out; finished in 0.00s

     Running tests/Chap28/TestMaxContigSubSumOptMtEph.rs (target/release/deps/TestMaxContigSubSumOptMtEph-57ca29e7220ae352)

running 6 tests
test test_all_negative ... ok
test test_all_positive ... ok
test test_empty ... ok
test test_example_from_book ... ok
test test_larger_example ... ok
test test_single_positive ... ok

test result: ok. 6 passed; 0 failed; 0 ignored; 0 measured; 0 filtered out; finished in 0.00s

     Running tests/Chap28/TestMaxContigSubSumOptStEph.rs (target/release/deps/TestMaxContigSubSumOptStEph-2741bf665cdaccf3)

running 6 tests
test test_all_negative ... ok
test test_all_positive ... ok
test test_empty ... ok
test test_example_from_book ... ok
test test_larger_example ... ok
test test_single_positive ... ok

test result: ok. 6 passed; 0 failed; 0 ignored; 0 measured; 0 filtered out; finished in 0.00s

     Running tests/Chap28/TestMaxContigSubSumReducedMcsseStEph.rs (target/release/deps/TestMaxContigSubSumReducedMcsseStEph-9e3d86461d0fcaa0)

running 9 tests
test test_all_negative ... ok
test test_all_positive ... ok
test test_ends_negative ... ok
test test_empty ... ok
test test_example_from_book ... ok
test test_larger_example ... ok
test test_single_negative ... ok
test test_single_positive ... ok
test test_starts_negative ... ok

test result: ok. 9 passed; 0 failed; 0 ignored; 0 measured; 0 filtered out; finished in 0.00s

     Running tests/Chap28/TestMaxContigSubSumReducedStEph.rs (target/release/deps/TestMaxContigSubSumReducedStEph-f0b06f78024c0747)

running 5 tests
test test_all_negative ... ok
test test_all_positive ... ok
test test_empty ... ok
test test_example_from_book ... ok
test test_single_positive ... ok

test result: ok. 5 passed; 0 failed; 0 ignored; 0 measured; 0 filtered out; finished in 0.00s

cargo test rc: 0
Elapsed: 0s
