r212 RTT for Chap40: cargo test --release on 3 targets: TestBSTKeyValueStEph TestBSTReducedStEph TestBSTSizeStEph
Starting RTT at 05:30:58
warning: unexpected `cfg` condition name: `never`
   --> src/Chap43/OrderedTableStEph.rs:793:15
    |
793 |         #[cfg(never)] fn union_bypassed_r158() { let ghost old_tree = self.tree.inner@;
    |               ^^^^^
    |
    = help: expected names are: `docsrs`, `feature`, `test`, `verus_keep_ghost`, and `verus_keep_ghost_body` and 32 more
    = help: consider using a Cargo feature instead
    = help: or consider adding in `Cargo.toml` the `check-cfg` lint config for the lint:
             [lints.rust]
             unexpected_cfgs = { level = "warn", check-cfg = ['cfg(never)'] }
    = help: or consider adding `println!("cargo::rustc-check-cfg=cfg(never)");` to the top of the `build.rs`
    = note: see <https://doc.rust-lang.org/nightly/rustc/check-cfg/cargo-specifics.html> for more information about checking conditional configuration
    = note: requested on the command line with `-W unexpected-cfgs`

warning: negative impls are experimental
   --> src/vstdplus/threads_plus.rs:105:10
    |
105 |     impl !Sync for IsThreadPlus {}
    |          ^
    |
    = note: see issue #68318 <https://github.com/rust-lang/rust/issues/68318> for more information
    = warning: unstable syntax can change at any point in the future, causing a hard error!
    = note: for more information, see issue #154045 <https://github.com/rust-lang/rust/issues/154045>

warning: negative impls are experimental
   --> src/vstdplus/threads_plus.rs:108:10
    |
108 |     impl !Send for IsThreadPlus {}
    |          ^
    |
    = note: see issue #68318 <https://github.com/rust-lang/rust/issues/68318> for more information
    = warning: unstable syntax can change at any point in the future, causing a hard error!
    = note: for more information, see issue #154045 <https://github.com/rust-lang/rust/issues/154045>

warning: `apas-verus` (lib) generated 3 warnings
   Compiling apas-verus v0.1.0 (/home/milnes/projects/APAS-VERUS)
    Finished `release` profile [optimized] target(s) in 0.14s
     Running tests/Chap40/TestBSTKeyValueStEph.rs (target/release/deps/TestBSTKeyValueStEph-efb956fff5d56d4b)

running 21 tests
test key_value_bst_basic_operations ... ok
test key_value_bst_collections ... ok
test key_value_bst_delete_absent_key ... ok
test key_value_bst_delete_all ... ok
test key_value_bst_delete_all_keys ... ok
test key_value_bst_delete_basic ... ok
test key_value_bst_empty_operations ... ok
test key_value_bst_insert_delete_insert ... ok
test key_value_bst_delete_nonexistent ... ok
test key_value_bst_height_stays_reasonable ... ok
test key_value_bst_keys_order ... ok
test key_value_bst_insert_duplicate_key_updates_value ... ok
test key_value_bst_macro_literal ... ok
test key_value_bst_min_max_track_correctly ... ok
test key_value_bst_large_sequential_insert ... ok
test key_value_bst_single_element ... ok
test key_value_bst_string_keys ... ok
test key_value_bst_update_existing_key ... ok
test test_into_iter_collects_keys ... ok
test test_into_iter_empty ... ok
test test_into_iter_for_loop ... ok

test result: ok. 21 passed; 0 failed; 0 ignored; 0 measured; 0 filtered out; finished in 0.00s

     Running tests/Chap40/TestBSTReducedStEph.rs (target/release/deps/TestBSTReducedStEph-223fc133d7e0e63c)

running 22 tests
test reduced_bst_collections ... ok
test reduced_bst_count_operations ... ok
test reduced_bst_range_queries ... ok
test reduced_bst_macro_literal ... ok
test reduced_bst_sum_operations ... ok
test reduced_bst_string_keys ... ok
test test_contains_method ... ok
test reduced_bst_height_stays_reasonable ... ok
test test_count_reducer_all_operations ... ok
test test_duplicate_keys_overwrite ... ok
test reduced_bst_update_existing_key ... ok
test test_edge_case_ranges ... ok
test test_countop_trait ... ok
test test_empty_tree_operations ... ok
test test_get_method ... ok
test test_into_iter_collects_keys ... ok
test test_into_iter_empty ... ok
test test_into_iter_for_loop ... ok
test test_minimum_maximum_keys ... ok
test test_large_tree_with_all_operations ... ok
test test_single_element_operations ... ok
test test_sumop_trait ... ok

test result: ok. 22 passed; 0 failed; 0 ignored; 0 measured; 0 filtered out; finished in 0.00s

     Running tests/Chap40/TestBSTSizeStEph.rs (target/release/deps/TestBSTSizeStEph-79418d6e19125a70)

running 11 tests
test size_bst_basic_operations ... ok
test size_bst_duplicate_insert_is_idempotent ... ok
test size_bst_macro_literal ... ok
test size_bst_rank_operations ... ok
test size_bst_rank_select_consistency ... ok
test size_bst_select_operations ... ok
test size_bst_split_rank_operations ... ok
test test_into_iter_collects_all_elements ... ok
test test_into_iter_empty ... ok
test test_into_iter_for_loop ... ok
test size_bst_large_dataset_performance ... ok

test result: ok. 11 passed; 0 failed; 0 ignored; 0 measured; 0 filtered out; finished in 0.00s

cargo test rc: 0
Elapsed: 0s
