    Finished `release` profile [optimized] target(s) in 0.14s
────────────
 Nextest run ID c94d7683-bdc8-4374-8bfa-1277cffd18a3 with nextest profile: default
    Starting 36 tests across 263 binaries (4332 tests skipped)
        PASS [   0.004s] ( 1/36) apas-verus::TestSpanTreeMtEph test_spanning_tree_mt_disconnected_pair
        PASS [   0.005s] ( 2/36) apas-verus::TestSpanTreeMtEph test_spanning_tree_mt_empty
        PASS [   0.005s] ( 3/36) apas-verus::TestSpanTreeMtEph test_spanning_tree_mt_complete_4
        PASS [   0.007s] ( 4/36) apas-verus::TestSpanTreeMtEph test_spanning_tree_mt_cycle
        PASS [   0.005s] ( 5/36) apas-verus::TestSpanTreeMtEph test_spanning_tree_mt_single_vertex
        PASS [   0.007s] ( 6/36) apas-verus::TestSpanTreeMtEph test_spanning_tree_mt_path
        PASS [   0.008s] ( 7/36) apas-verus::TestSpanTreeMtEph test_spanning_tree_mt_larger
        PASS [   0.012s] ( 8/36) apas-verus::TestSpanTreeMtEph test_spanning_tree_mt_large_cycle
        PASS [   0.007s] ( 9/36) apas-verus::TestSpanTreeMtEph test_spanning_tree_mt_star
        PASS [   0.003s] (10/36) apas-verus::TestSpanTreeStEph test_spanning_tree_binary_tree_topology
        FAIL [   0.005s] (11/36) apas-verus::TestSpanTreeMtEph test_spanning_tree_mt_two_vertices
  stdout ───

    running 1 test
    test test_spanning_tree_mt_two_vertices ... FAILED

    failures:

    failures:
        test_spanning_tree_mt_two_vertices

    test result: FAILED. 0 passed; 1 failed; 0 ignored; 0 measured; 11 filtered out; finished in 0.00s

  stderr ───

    thread 'test_spanning_tree_mt_two_vertices' (2153389) panicked at tests/Chap64/TestSpanTreeMtEph.rs:69:5:
    assertion `left == right` failed
      left: 0
     right: 1
    note: run with `RUST_BACKTRACE=1` environment variable to display a backtrace

        PASS [   0.004s] (12/36) apas-verus::TestSpanTreeStEph test_spanning_tree_barbell
        PASS [   0.005s] (13/36) apas-verus::TestSpanTreeMtEph test_spanning_tree_mt_wheel
        PASS [   0.004s] (14/36) apas-verus::TestSpanTreeStEph test_spanning_tree_complete_5
        PASS [   0.019s] (15/36) apas-verus::TestSpanTreeMtEph test_spanning_tree_mt_different_seeds
        PASS [   0.004s] (16/36) apas-verus::TestSpanTreeStEph test_spanning_tree_complete_graph_4
        PASS [   0.003s] (17/36) apas-verus::TestSpanTreeStEph test_spanning_tree_cycle
        PASS [   0.004s] (18/36) apas-verus::TestSpanTreeStEph test_spanning_tree_connected
        PASS [   0.003s] (19/36) apas-verus::TestSpanTreeStEph test_spanning_tree_disconnected_pair
        PASS [   0.004s] (20/36) apas-verus::TestSpanTreeStEph test_spanning_tree_double_cycle
        PASS [   0.004s] (21/36) apas-verus::TestSpanTreeStEph test_spanning_tree_empty
        PASS [   0.004s] (22/36) apas-verus::TestSpanTreeStEph test_spanning_tree_grid_2x3
        PASS [   0.004s] (23/36) apas-verus::TestSpanTreeStEph test_spanning_tree_large_cycle
        PASS [   0.003s] (24/36) apas-verus::TestSpanTreeStEph test_spanning_tree_path_graph
        PASS [   0.004s] (25/36) apas-verus::TestSpanTreeStEph test_spanning_tree_large_path
        PASS [   0.003s] (26/36) apas-verus::TestSpanTreeStEph test_spanning_tree_single_vertex
        PASS [   0.004s] (27/36) apas-verus::TestSpanTreeStEph test_spanning_tree_petersen_like
        PASS [   0.004s] (28/36) apas-verus::TestSpanTreeStEph test_spanning_tree_star_graph
        PASS [   0.003s] (29/36) apas-verus::TestSpanTreeStEph test_spanning_tree_two_vertices
        PASS [   0.004s] (30/36) apas-verus::TestSpanTreeStEph test_spanning_tree_three_isolated
        PASS [   0.004s] (31/36) apas-verus::TestSpanTreeStEph test_spanning_tree_triangle
        PASS [   0.004s] (32/36) apas-verus::TestSpanTreeStEph test_verify_spanning_tree
        PASS [   0.004s] (33/36) apas-verus::TestSpanTreeStEph test_verify_spanning_tree_empty_tree_on_connected
        PASS [   0.004s] (34/36) apas-verus::TestSpanTreeStEph test_verify_spanning_tree_too_many_edges
        PASS [   0.004s] (35/36) apas-verus::TestSpanTreeStEph test_spanning_tree_wheel_graph
        PASS [   0.004s] (36/36) apas-verus::TestSpanTreeStEph test_verify_spanning_tree_wrong_edge
────────────
     Summary [   0.035s] 36 tests run: 35 passed, 1 failed, 4332 skipped
        FAIL [   0.005s] (11/36) apas-verus::TestSpanTreeMtEph test_spanning_tree_mt_two_vertices
error: test run failed
Elapsed: 0s
