   Compiling proc-macro2 v1.0.107
   Compiling unicode-ident v1.0.22
   Compiling quote v1.0.41
   Compiling cfg-if v1.0.4
   Compiling verus_syn v0.0.0-2026-09-06-0133 (https://github.com/verus-lang/verus?rev=671956ec527d3b7164779f767bdbfe769bedce6c#671956ec)
   Compiling libc v0.2.177
   Compiling crossbeam-utils v0.8.21
   Compiling serde_core v1.0.228
   Compiling zerocopy v0.8.27
   Compiling verus_prettyplease v0.0.0-2026-09-06-0133 (https://github.com/verus-lang/verus?rev=671956ec527d3b7164779f767bdbfe769bedce6c#671956ec)
   Compiling serde v1.0.228
   Compiling either v1.15.0
   Compiling autocfg v1.5.0
   Compiling rand_core v0.10.0
   Compiling rayon-core v1.13.0
   Compiling hashbrown v0.16.1
   Compiling equivalent v1.0.2
   Compiling getrandom v0.4.1
   Compiling serde_json v1.0.145
   Compiling anstyle v1.0.13
   Compiling cpufeatures v0.3.0
   Compiling regex-syntax v0.8.8
   Compiling rustix v0.38.44
   Compiling vstd v0.0.0-2026-09-06-0133 (https://github.com/verus-lang/verus?rev=671956ec527d3b7164779f767bdbfe769bedce6c#671956ec)
   Compiling clap_lex v0.7.6
   Compiling ryu v1.0.20
   Compiling itoa v1.0.15
   Compiling unicode-xid v0.2.6
   Compiling ciborium-io v0.2.2
   Compiling plotters-backend v0.3.7
   Compiling memchr v2.7.6
   Compiling convert_case v0.4.0
   Compiling itertools v0.10.5
   Compiling chacha20 v0.10.0
   Compiling linux-raw-sys v0.4.15
   Compiling clap_builder v4.5.51
   Compiling bitflags v2.10.0
   Compiling same-file v1.0.6
   Compiling verus_builtin v0.0.0-2026-09-06-0133 (https://github.com/verus-lang/verus?rev=671956ec527d3b7164779f767bdbfe769bedce6c#671956ec)
   Compiling cast v0.3.0
   Compiling anes v0.1.6
   Compiling once_cell v1.21.3
   Compiling oorandom v11.1.5
   Compiling walkdir v2.5.0
   Compiling home v0.5.12
   Compiling num-traits v0.2.19
   Compiling plotters-svg v0.3.7
   Compiling indexmap v2.13.0
   Compiling crossbeam-epoch v0.9.18
   Compiling syn v2.0.108
   Compiling crossbeam-deque v0.8.6
   Compiling is-terminal v0.4.17
   Compiling rand v0.10.0
   Compiling regex-automata v0.4.13
   Compiling plotters v0.3.7
   Compiling which v6.0.3
   Compiling rayon v1.11.0
   Compiling criterion-plot v0.5.0
   Compiling clap v4.5.51
   Compiling regex v1.12.2
   Compiling synstructure v0.13.2
   Compiling zerocopy-derive v0.8.27
   Compiling serde_derive v1.0.228
   Compiling derive_more-impl v1.0.0
   Compiling verus_state_machines_macros v0.0.0-2026-09-06-0133 (https://github.com/verus-lang/verus?rev=671956ec527d3b7164779f767bdbfe769bedce6c#671956ec)
   Compiling verus_builtin_macros v0.0.0-2026-09-06-0133 (https://github.com/verus-lang/verus?rev=671956ec527d3b7164779f767bdbfe769bedce6c#671956ec)
   Compiling derive_more v1.0.0
   Compiling tinytemplate v1.2.1
   Compiling half v2.7.1
   Compiling ciborium-ll v0.2.2
   Compiling ciborium v0.2.2
   Compiling criterion v0.5.1
   Compiling apas-verus v0.1.0 (/home/milnes/projects/APAS-VERUS-r224)
    Finished `release` profile [optimized] target(s) in 26.60s
────────────
 Nextest run ID 2f5bf7ab-4196-44ed-8ac0-1b459798c4ee with nextest profile: default
    Starting 0 tests across 263 binaries (4368 tests skipped)
────────────
     Summary [   0.003s] 0 tests run: 0 passed, 4368 skipped
warning: no tests to run
Elapsed: 27s
