   Compiling apas-verus v0.1.0 (/home/milnes/projects/APAS-VERUS-r224)
    Finished `release` profile [optimized] target(s) in 8.09s
────────────
 Nextest run ID 86ce0bd0-fcc8-46b0-819b-ba876a9b3633 with nextest profile: default
    Starting 38 tests across 263 binaries (4333 tests skipped)
        PASS [   0.004s] ( 1/38) apas-verus::TestSpanTreeMtEph test_spanning_tree_mt_empty
        PASS [   0.004s] ( 2/38) apas-verus::TestSpanTreeMtEph test_spanning_tree_mt_disconnected_pair
        PASS [   0.004s] ( 3/38) apas-verus::TestSpanTreeMtEph test_spanning_tree_mt_complete_4
        PASS [   0.005s] ( 4/38) apas-verus::TestSpanTreeMtEph test_spanning_tree_mt_cycle
        PASS [   0.002s] ( 5/38) apas-verus::TestSpanTreeMtEph test_spanning_tree_mt_single_vertex
        PASS [   0.004s] ( 6/38) apas-verus::TestSpanTreeMtEph test_spanning_tree_mt_path
        PASS [   0.007s] ( 7/38) apas-verus::TestSpanTreeMtEph test_spanning_tree_mt_larger
        PASS [   0.003s] ( 8/38) apas-verus::TestSpanTreeMtEph test_spanning_tree_mt_two_vertices
        PASS [   0.011s] ( 9/38) apas-verus::TestSpanTreeMtEph test_spanning_tree_mt_large_cycle
        PASS [   0.005s] (10/38) apas-verus::TestSpanTreeMtEph test_spanning_tree_mt_star
        PASS [   0.003s] (11/38) apas-verus::TestSpanTreeStEph test_spanning_tree_barbell
        PASS [   0.004s] (12/38) apas-verus::TestSpanTreeMtEph test_spanning_tree_mt_wheel
        PASS [   0.003s] (13/38) apas-verus::TestSpanTreeStEph test_spanning_tree_binary_tree_topology
        PASS [   0.015s] (14/38) apas-verus::TestSpanTreeMtEph test_spanning_tree_mt_different_seeds
        PASS [   0.003s] (15/38) apas-verus::TestSpanTreeStEph test_spanning_tree_complete_5
        PASS [   0.003s] (16/38) apas-verus::TestSpanTreeStEph test_spanning_tree_complete_graph_4
        PASS [   0.003s] (17/38) apas-verus::TestSpanTreeStEph test_spanning_tree_cycle
        PASS [   0.003s] (18/38) apas-verus::TestSpanTreeStEph test_spanning_tree_connected
        PASS [   0.003s] (19/38) apas-verus::TestSpanTreeStEph test_spanning_tree_disconnected_pair
        PASS [   0.003s] (20/38) apas-verus::TestSpanTreeStEph test_spanning_tree_double_cycle
        PASS [   0.003s] (21/38) apas-verus::TestSpanTreeStEph test_spanning_tree_empty
        PASS [   0.003s] (22/38) apas-verus::TestSpanTreeStEph test_spanning_tree_graph_sweep
        PASS [   0.003s] (23/38) apas-verus::TestSpanTreeStEph test_spanning_tree_grid_2x3
        PASS [   0.003s] (24/38) apas-verus::TestSpanTreeStEph test_spanning_tree_large_cycle
        PASS [   0.003s] (25/38) apas-verus::TestSpanTreeStEph test_spanning_tree_large_path
        PASS [   0.003s] (26/38) apas-verus::TestSpanTreeStEph test_spanning_tree_path_graph
        PASS [   0.003s] (27/38) apas-verus::TestSpanTreeStEph test_spanning_tree_petersen_like
        PASS [   0.003s] (28/38) apas-verus::TestSpanTreeStEph test_spanning_tree_single_vertex
        PASS [   0.003s] (29/38) apas-verus::TestSpanTreeStEph test_spanning_tree_star_graph
        PASS [   0.003s] (30/38) apas-verus::TestSpanTreeStEph test_spanning_tree_three_isolated
        PASS [   0.003s] (31/38) apas-verus::TestSpanTreeStEph test_spanning_tree_triangle
        PASS [   0.002s] (32/38) apas-verus::TestSpanTreeStEph test_spanning_tree_two_vertices
        PASS [   0.002s] (33/38) apas-verus::TestSpanTreeStEph test_spanning_tree_wheel_graph
        PASS [   0.003s] (34/38) apas-verus::TestSpanTreeStEph test_verify_spanning_tree
        PASS [   0.003s] (35/38) apas-verus::TestSpanTreeStEph test_verify_spanning_tree_empty_tree_on_connected
        PASS [   0.003s] (36/38) apas-verus::TestSpanTreeStEph test_verify_spanning_tree_too_many_edges
        PASS [   0.003s] (37/38) apas-verus::TestSpanTreeStEph test_verify_spanning_tree_wrong_edge
        PASS [   6.869s] (38/38) apas-verus::TestSpanTreeMtEph test_spanning_tree_mt_seed_sweep
────────────
     Summary [   6.876s] 38 tests run: 38 passed, 4333 skipped
Elapsed: 16s
