Link::insert_link seed 1 logs/validate.20260924-210753.log: verification results:: 1 verified, 0 errors (partial verification with `--verify-*`) 
Link::insert_link seed 2 logs/validate.20260924-210804.log: verification results:: 1 verified, 0 errors (partial verification with `--verify-*`) 
Link::insert_link seed 3 logs/validate.20260924-210814.log: verification results:: 1 verified, 0 errors (partial verification with `--verify-*`) 
Link::insert_link seed 4 logs/validate.20260924-210824.log: verification results:: 1 verified, 0 errors (partial verification with `--verify-*`) 
Link::insert_link seed 5 logs/validate.20260924-210834.log: verification results:: 1 verified, 0 errors (partial verification with `--verify-*`) 
Link::insert_link seed 6 logs/validate.20260924-210844.log: verification results:: 1 verified, 0 errors (partial verification with `--verify-*`) 
Link::insert_link seed 7 logs/validate.20260924-210855.log: verification results:: 1 verified, 0 errors (partial verification with `--verify-*`) 
Link::insert_link seed 8 logs/validate.20260924-210905.log: verification results:: 1 verified, 0 errors (partial verification with `--verify-*`) 
build_balanced seed 1 logs/validate.20260924-210915.log: verification results:: 1 verified, 0 errors (partial verification with `--verify-*`) 
build_balanced seed 2 logs/validate.20260924-210924.log: verification results:: 1 verified, 0 errors (partial verification with `--verify-*`) 
build_balanced seed 3 logs/validate.20260924-210934.log: verification results:: 1 verified, 0 errors (partial verification with `--verify-*`) 
build_balanced seed 4 logs/validate.20260924-210944.log: verification results:: 1 verified, 0 errors (partial verification with `--verify-*`) 
build_balanced seed 5 logs/validate.20260924-210954.log: verification results:: 1 verified, 0 errors (partial verification with `--verify-*`) 
build_balanced seed 6 logs/validate.20260924-211004.log: verification results:: 1 verified, 0 errors (partial verification with `--verify-*`) 
build_balanced seed 7 logs/validate.20260924-211014.log: verification results:: 1 verified, 0 errors (partial verification with `--verify-*`) 
build_balanced seed 8 logs/validate.20260924-211024.log: verification results:: 1 verified, 0 errors (partial verification with `--verify-*`) 
delete_link_left seed 1 logs/validate.20260924-211034.log: verification results:: 1 verified, 0 errors (partial verification with `--verify-*`) 
delete_link_left seed 2 logs/validate.20260924-211044.log: verification results:: 1 verified, 0 errors (partial verification with `--verify-*`) 
delete_link_left seed 3 logs/validate.20260924-211054.log: verification results:: 1 verified, 0 errors (partial verification with `--verify-*`) 
delete_link_left seed 4 logs/validate.20260924-211104.log: verification results:: 1 verified, 0 errors (partial verification with `--verify-*`) 
delete_link_left seed 5 logs/validate.20260924-211113.log: verification results:: 1 verified, 0 errors (partial verification with `--verify-*`) 
delete_link_left seed 6 logs/validate.20260924-211123.log: verification results:: 1 verified, 0 errors (partial verification with `--verify-*`) 
delete_link_left seed 7 logs/validate.20260924-211133.log: verification results:: 1 verified, 0 errors (partial verification with `--verify-*`) 
delete_link_left seed 8 logs/validate.20260924-211143.log: verification results:: 1 verified, 0 errors (partial verification with `--verify-*`) 
lemma_move_red_left_borrow seed 1 logs/validate.20260924-211153.log: verification results:: 1 verified, 0 errors (partial verification with `--verify-*`) 
lemma_move_red_left_borrow seed 2 logs/validate.20260924-211203.log: verification results:: 1 verified, 0 errors (partial verification with `--verify-*`) 
lemma_move_red_left_borrow seed 3 logs/validate.20260924-211213.log: verification results:: 1 verified, 0 errors (partial verification with `--verify-*`) 
lemma_move_red_left_borrow seed 4 logs/validate.20260924-211223.log: verification results:: 1 verified, 0 errors (partial verification with `--verify-*`) 
lemma_move_red_left_borrow seed 5 logs/validate.20260924-211232.log: verification results:: 1 verified, 0 errors (partial verification with `--verify-*`) 
lemma_move_red_left_borrow seed 6 logs/validate.20260924-211242.log: verification results:: 1 verified, 0 errors (partial verification with `--verify-*`) 
lemma_move_red_left_borrow seed 7 logs/validate.20260924-211252.log: verification results:: 1 verified, 0 errors (partial verification with `--verify-*`) 
lemma_move_red_left_borrow seed 8 logs/validate.20260924-211302.log: verification results:: 1 verified, 0 errors (partial verification with `--verify-*`) 
Link::fix_up seed 1 logs/validate.20260924-211312.log: verification results:: 1 verified, 0 errors (partial verification with `--verify-*`) 
Link::fix_up seed 2 logs/validate.20260924-211322.log: verification results:: 1 verified, 0 errors (partial verification with `--verify-*`) 
Link::fix_up seed 3 logs/validate.20260924-211332.log: verification results:: 1 verified, 0 errors (partial verification with `--verify-*`) 
Link::fix_up seed 4 logs/validate.20260924-211342.log: verification results:: 1 verified, 0 errors (partial verification with `--verify-*`) 
Link::fix_up seed 5 logs/validate.20260924-211352.log: verification results:: 1 verified, 0 errors (partial verification with `--verify-*`) 
Link::fix_up seed 6 logs/validate.20260924-211402.log: verification results:: 1 verified, 0 errors (partial verification with `--verify-*`) 
Link::fix_up seed 7 logs/validate.20260924-211411.log: verification results:: 1 verified, 0 errors (partial verification with `--verify-*`) 
Link::fix_up seed 8 logs/validate.20260924-211421.log: verification results:: 1 verified, 0 errors (partial verification with `--verify-*`) 
lemma_descend_right_rotate seed 1 logs/validate.20260924-211431.log: verification results:: 1 verified, 0 errors (partial verification with `--verify-*`) 
lemma_descend_right_rotate seed 2 logs/validate.20260924-211441.log: verification results:: 1 verified, 0 errors (partial verification with `--verify-*`) 
lemma_descend_right_rotate seed 3 logs/validate.20260924-211451.log: verification results:: 1 verified, 0 errors (partial verification with `--verify-*`) 
lemma_descend_right_rotate seed 4 logs/validate.20260924-211500.log: verification results:: 1 verified, 0 errors (partial verification with `--verify-*`) 
lemma_descend_right_rotate seed 5 logs/validate.20260924-211510.log: verification results:: 1 verified, 0 errors (partial verification with `--verify-*`) 
lemma_descend_right_rotate seed 6 logs/validate.20260924-211520.log: verification results:: 1 verified, 0 errors (partial verification with `--verify-*`) 
lemma_descend_right_rotate seed 7 logs/validate.20260924-211530.log: verification results:: 1 verified, 0 errors (partial verification with `--verify-*`) 
lemma_descend_right_rotate seed 8 logs/validate.20260924-211539.log: verification results:: 1 verified, 0 errors (partial verification with `--verify-*`) 
Link::delete_min_link seed 1 logs/validate.20260924-211549.log: verification results:: 1 verified, 0 errors (partial verification with `--verify-*`) 
Link::delete_min_link seed 2 logs/validate.20260924-211559.log: verification results:: 1 verified, 0 errors (partial verification with `--verify-*`) 
Link::delete_min_link seed 3 logs/validate.20260924-211609.log: verification results:: 1 verified, 0 errors (partial verification with `--verify-*`) 
Link::delete_min_link seed 4 logs/validate.20260924-211619.log: verification results:: 1 verified, 0 errors (partial verification with `--verify-*`) 
Link::delete_min_link seed 5 logs/validate.20260924-211629.log: verification results:: 1 verified, 0 errors (partial verification with `--verify-*`) 
Link::delete_min_link seed 6 logs/validate.20260924-211638.log: verification results:: 1 verified, 0 errors (partial verification with `--verify-*`) 
Link::delete_min_link seed 7 logs/validate.20260924-211648.log: verification results:: 1 verified, 0 errors (partial verification with `--verify-*`) 
Link::delete_min_link seed 8 logs/validate.20260924-211658.log: verification results:: 1 verified, 0 errors (partial verification with `--verify-*`) 
delete_at_ready seed 1 logs/validate.20260924-211708.log: verification results:: 1 verified, 0 errors (partial verification with `--verify-*`) 
delete_at_ready seed 2 logs/validate.20260924-211718.log: verification results:: 1 verified, 0 errors (partial verification with `--verify-*`) 
delete_at_ready seed 3 logs/validate.20260924-211727.log: verification results:: 1 verified, 0 errors (partial verification with `--verify-*`) 
delete_at_ready seed 4 logs/validate.20260924-211737.log: verification results:: 1 verified, 0 errors (partial verification with `--verify-*`) 
delete_at_ready seed 5 logs/validate.20260924-211747.log: verification results:: 1 verified, 0 errors (partial verification with `--verify-*`) 
delete_at_ready seed 6 logs/validate.20260924-211757.log: verification results:: 1 verified, 0 errors (partial verification with `--verify-*`) 
delete_at_ready seed 7 logs/validate.20260924-211806.log: verification results:: 1 verified, 0 errors (partial verification with `--verify-*`) 
delete_at_ready seed 8 logs/validate.20260924-211816.log: verification results:: 1 verified, 0 errors (partial verification with `--verify-*`) 
