$ /home/milnes/projects/veracity/target/release/veracity-review-proof-holes src/Chap50/
Full output: src/Chap50/analyses/veracity-review-verus-proof-holes.log

Table of Contents:
  1. File Holes
  2. Depends Upon
     2.1. By Module
     2.2. By File
  3. Summary of Holes
  4. Proof Targets
     4.1. Worst src/* Directories (all dirs, by holes)
     4.2. Next Target Files (clean deps only, by holes)
     4.3. Next Target Directories
     4.4. Not Verusified
     4.5. Not Verusified (clean deps only)
     4.6. Chapter by Chapter Proof Targeting
  5. Started/Ended/Duration

=================================================================
1. File Holes
=================================================================

ℹ MatrixChainMtEph.rs
/home/milnes/projects/APAS-VERUS/src/Chap50/MatrixChainMtEph.rs:610: info: accept()
/home/milnes/projects/APAS-VERUS/src/Chap50/MatrixChainMtEph.rs:633: info: accept()
   Info: 2 total
ℹ MatrixChainMtPer.rs
/home/milnes/projects/APAS-VERUS/src/Chap50/MatrixChainMtPer.rs:489: info: accept()
/home/milnes/projects/APAS-VERUS/src/Chap50/MatrixChainMtPer.rs:508: info: accept()
   Info: 2 total
ℹ MatrixChainStEph.rs
/home/milnes/projects/APAS-VERUS/src/Chap50/MatrixChainStEph.rs:458: info: accept()
/home/milnes/projects/APAS-VERUS/src/Chap50/MatrixChainStEph.rs:475: info: accept()
   Info: 2 total
ℹ MatrixChainStPer.rs
/home/milnes/projects/APAS-VERUS/src/Chap50/MatrixChainStPer.rs:418: info: accept()
/home/milnes/projects/APAS-VERUS/src/Chap50/MatrixChainStPer.rs:434: info: accept()
   Info: 2 total
⚠ OptBinSearchTreeMtEph.rs
/home/milnes/projects/APAS-VERUS/src/Chap50/OptBinSearchTreeMtEph.rs:497: error: dummy_rwlock_predicate - RwLockPredicate inv returning true is grossly underspecified.
       488 |             open spec fn inv(self, v: Vec<KeyProb<T>>) -> bool {
            ...
       495 | 
       496 |         impl RwLockPredicate<HashMap<Pair<usize, usize>, Probability>> for OptBSTMtEphMemoInv {
       498 |                 // The previous body, `v@.dom().finite()`, is identically true at vstd
       499 |                 // 0.2026.09.13 (`Set` is finite by type); a real invariant needs the
/home/milnes/projects/APAS-VERUS/src/Chap50/OptBinSearchTreeMtEph.rs:514: info: accept()
/home/milnes/projects/APAS-VERUS/src/Chap50/OptBinSearchTreeMtEph.rs:534: info: accept()
/home/milnes/projects/APAS-VERUS/src/Chap50/OptBinSearchTreeMtEph.rs:557: info: accept()
   Info: 3 total
⚠ OptBinSearchTreeMtPer.rs
/home/milnes/projects/APAS-VERUS/src/Chap50/OptBinSearchTreeMtPer.rs:376: error: dummy_rwlock_predicate - RwLockPredicate inv returning true is grossly underspecified.
       355 |         fn memo_size(&self) -> (count: usize) {
            ...
       374 | 
       375 |         impl RwLockPredicate<HashMap<Pair<usize, usize>, Probability>> for OptBSTMtPerMemoInv {
       377 |                 // The previous body, `v@.dom().finite()`, is identically true at vstd
       378 |                 // 0.2026.09.13 (`Set` is finite by type); a real invariant needs the
/home/milnes/projects/APAS-VERUS/src/Chap50/OptBinSearchTreeMtPer.rs:393: info: accept()
/home/milnes/projects/APAS-VERUS/src/Chap50/OptBinSearchTreeMtPer.rs:412: info: accept()
/home/milnes/projects/APAS-VERUS/src/Chap50/OptBinSearchTreeMtPer.rs:430: info: accept()
   Info: 3 total
ℹ OptBinSearchTreeStEph.rs
/home/milnes/projects/APAS-VERUS/src/Chap50/OptBinSearchTreeStEph.rs:326: info: accept()
/home/milnes/projects/APAS-VERUS/src/Chap50/OptBinSearchTreeStEph.rs:345: info: accept()
   Info: 2 total
ℹ OptBinSearchTreeStPer.rs
/home/milnes/projects/APAS-VERUS/src/Chap50/OptBinSearchTreeStPer.rs:292: info: accept()
/home/milnes/projects/APAS-VERUS/src/Chap50/OptBinSearchTreeStPer.rs:311: info: accept()
   Info: 2 total

=================================================================
2. Depends Upon
=================================================================

=================================================================
2.1. By Module
=================================================================

MatrixChainMtEph  depends upon only clean modules
MatrixChainMtPer  depends upon only clean modules
MatrixChainStEph  depends upon only clean modules
MatrixChainStPer  depends upon only clean modules
OptBinSearchTreeMtEph  depends upon only clean modules
OptBinSearchTreeMtPer  depends upon only clean modules
OptBinSearchTreeStEph  depends upon only clean modules
OptBinSearchTreeStPer  depends upon only clean modules

=================================================================
2.2. By File
=================================================================

MatrixChainMtEph.rs  depends upon only clean modules
MatrixChainMtPer.rs  depends upon only clean modules
MatrixChainStEph.rs  depends upon only clean modules
MatrixChainStPer.rs  depends upon only clean modules
OptBinSearchTreeMtEph.rs  depends upon only clean modules
OptBinSearchTreeMtPer.rs  depends upon only clean modules
OptBinSearchTreeStEph.rs  depends upon only clean modules
OptBinSearchTreeStPer.rs  depends upon only clean modules

=================================================================
3. Summary of Holes
=================================================================

Modules:
   6 clean (no holes, no errors; 75%)
   2 holed (holes or errors, 25%)
   8 total

Proof Functions:
   0 clean (0%)
   0 holed (0%)
   0 total

Function Specs:
   180 exec fns with complete spec (requires+ensures) (74%)
   0 exec fns missing spec (0%)
   62 proof/spec fns clean (25%)
   0 proof/spec fns with holes (0%)
   242 total fns


Holes Found: 0 (actionable)
Real Proof Targets: 0 (all actionable)

Accepted (reviewed): 18 total
   18 × accept()

No proof holes or warnings found! All proofs are complete.

=================================================================
5. Started/Ended/Duration
=================================================================

Started:   2026-09-22 14:32:21 -07:00
Ended:     2026-09-22 14:32:21 -07:00
Duration:  32ms

Full output: src/Chap50/analyses/veracity-review-verus-proof-holes.log
