$ /home/milnes/projects/veracity/target/release/veracity-review-proof-holes src/Chap41/
Full output: src/Chap41/analyses/veracity-review-verus-proof-holes.log

Table of Contents:
  1. File Holes
  2. Depends Upon
     2.1. By Module
     2.2. By File
  3. Summary of Holes
  4. Proof Targets
     4.1. Worst src/* Directories (all dirs, by holes)
     4.2. Next Target Files (clean deps only, by holes)
     4.3. Next Target Directories
     4.4. Not Verusified
     4.5. Not Verusified (clean deps only)
     4.6. Chapter by Chapter Proof Targeting
  5. Started/Ended/Duration

=================================================================
1. File Holes
=================================================================

ℹ AVLTreeSetMtEph.rs
/home/milnes/projects/APAS-VERUS/src/Chap41/AVLTreeSetMtEph.rs:359: info: trivial_spec_wf
   Info: 1 total
ℹ AVLTreeSetMtPer.rs
/home/milnes/projects/APAS-VERUS/src/Chap41/AVLTreeSetMtPer.rs:229: info: trivial_spec_wf
/home/milnes/projects/APAS-VERUS/src/Chap41/AVLTreeSetMtPer.rs:370: info: trivial_spec_wf
/home/milnes/projects/APAS-VERUS/src/Chap41/AVLTreeSetMtPer.rs:608: info: accept()
   Info: 3 total
/home/milnes/projects/APAS-VERUS/src/Chap41/AVLTreeSetMtPer.rs:511: info: structural_false_positive STD_TRAIT_IMPL partial_cmp — #[verifier::external_body] [high]
/home/milnes/projects/APAS-VERUS/src/Chap41/AVLTreeSetMtPer.rs:518: info: structural_false_positive STD_TRAIT_IMPL cmp — #[verifier::external_body] [high]
   Info: 2 × structural_false_positive
ℹ AVLTreeSetStEph.rs
/home/milnes/projects/APAS-VERUS/src/Chap41/AVLTreeSetStEph.rs:864: info: accept()
/home/milnes/projects/APAS-VERUS/src/Chap41/AVLTreeSetStEph.rs:865: info: accept()
/home/milnes/projects/APAS-VERUS/src/Chap41/AVLTreeSetStEph.rs:866: info: accept()
/home/milnes/projects/APAS-VERUS/src/Chap41/AVLTreeSetStEph.rs:867: info: accept()
/home/milnes/projects/APAS-VERUS/src/Chap41/AVLTreeSetStEph.rs:871: info: accept()
   Info: 5 total
   5 clean proof functions
ℹ AVLTreeSetStPer.rs
/home/milnes/projects/APAS-VERUS/src/Chap41/AVLTreeSetStPer.rs:743: info: accept()
/home/milnes/projects/APAS-VERUS/src/Chap41/AVLTreeSetStPer.rs:744: info: accept()
/home/milnes/projects/APAS-VERUS/src/Chap41/AVLTreeSetStPer.rs:745: info: accept()
/home/milnes/projects/APAS-VERUS/src/Chap41/AVLTreeSetStPer.rs:746: info: accept()
/home/milnes/projects/APAS-VERUS/src/Chap41/AVLTreeSetStPer.rs:750: info: accept()
   Info: 5 total
   4 clean proof functions
ℹ ArraySetEnumMtEph.rs
/home/milnes/projects/APAS-VERUS/src/Chap41/ArraySetEnumMtEph.rs:951: info: accept()
/home/milnes/projects/APAS-VERUS/src/Chap41/ArraySetEnumMtEph.rs:965: info: accept()
   Info: 2 total
   5 clean proof functions
ℹ ArraySetStEph.rs
/home/milnes/projects/APAS-VERUS/src/Chap41/ArraySetStEph.rs:1081: info: accept()
/home/milnes/projects/APAS-VERUS/src/Chap41/ArraySetStEph.rs:1082: info: accept()
/home/milnes/projects/APAS-VERUS/src/Chap41/ArraySetStEph.rs:1105: info: accept()
/home/milnes/projects/APAS-VERUS/src/Chap41/ArraySetStEph.rs:1119: info: accept()
   Info: 4 total
   7 clean proof functions
✓ OrdKeyMap.rs
   26 clean proof functions

=================================================================
2. Depends Upon
=================================================================

=================================================================
2.1. By Module
=================================================================

AVLTreeSetMtEph  depends upon only clean modules
AVLTreeSetMtPer  depends upon only clean modules
AVLTreeSetStEph  depends upon only clean modules
AVLTreeSetStPer  depends upon only clean modules
ArraySetEnumMtEph  depends upon only clean modules
ArraySetStEph  depends upon only clean modules
OrdKeyMap  depends upon only clean modules

=================================================================
2.2. By File
=================================================================

AVLTreeSetMtEph.rs  depends upon only clean modules
AVLTreeSetMtPer.rs  depends upon only clean modules
AVLTreeSetStEph.rs  depends upon only clean modules
AVLTreeSetStPer.rs  depends upon only clean modules
ArraySetEnumMtEph.rs  depends upon only clean modules
ArraySetStEph.rs  depends upon only clean modules
OrdKeyMap.rs  depends upon only clean modules

=================================================================
3. Summary of Holes
=================================================================

Modules:
   7 clean (no holes, no errors; 100%)
   0 holed (holes or errors, 0%)
   7 total

Proof Functions:
   47 clean (100%)
   0 holed (0%)
   47 total

Function Specs:
   281 exec fns with complete spec (requires+ensures) (72%)
   2 exec fns missing spec (0%)
   104 proof/spec fns clean (26%)
   0 proof/spec fns with holes (0%)
   387 total fns


Holes Found: 0 (actionable)
Real Proof Targets: 0 (all actionable)

Accepted (reviewed): 20 total
   17 × accept()
   3 × trivial_spec_wf

Structural (info only): 2
   2 × STD_TRAIT_IMPL

No proof holes or warnings found! All proofs are complete.

=================================================================
5. Started/Ended/Duration
=================================================================

Started:   2026-09-22 11:25:12 -07:00
Ended:     2026-09-22 11:25:12 -07:00
Duration:  77ms

Full output: src/Chap41/analyses/veracity-review-verus-proof-holes.log

