(:added-eqs           158
 :binary-propagations 33
 :max-memory          18.51
 :memory              18.51
 :mk-bool-var         682
 :mk-clause-binary    104
 :num-allocs          144760
 :propagations        33
 :rlimit-count        87752)
(:added-eqs           158
 :binary-propagations 33
 :max-memory          18.51
 :memory              18.51
 :mk-bool-var         682
 :mk-clause-binary    104
 :num-allocs          144760
 :propagations        33
 :rlimit-count        87878)
(:version "4.16.0")
unsat
(:added-eqs                 518
 :arith-assert-diseq        9
 :arith-assert-lower        80
 :arith-assert-upper        51
 :arith-bound-prop          10
 :arith-conflicts           3
 :arith-eq-adapter          56
 :arith-fixed-eqs           31
 :arith-num-rows            34
 :arith-offset-eqs          16
 :arith-pivots              40
 :arith-row-summations      71
 :arith-tableau-max-columns 84
 :arith-tableau-max-rows    34
 :binary-propagations       167
 :conflicts                 83
 :decisions                 91
 :del-clause                626
 :max-generation            8
 :max-memory                19.33
 :memory                    19.33
 :minimized-lits            15
 :mk-bool-var               1473
 :mk-clause                 698
 :mk-clause-binary          104
 :num-allocs                299265
 :num-checks                1
 :propagations              483
 :quant-instantiations      249
 :rlimit-count              100593
 :time                      0.00)
(:added-eqs                 518
 :arith-assert-diseq        9
 :arith-assert-lower        80
 :arith-assert-upper        51
 :arith-bound-prop          10
 :arith-conflicts           3
 :arith-eq-adapter          56
 :arith-fixed-eqs           31
 :arith-num-rows            34
 :arith-offset-eqs          16
 :arith-pivots              40
 :arith-row-summations      71
 :arith-tableau-max-columns 84
 :arith-tableau-max-rows    34
 :binary-propagations       167
 :conflicts                 83
 :decisions                 91
 :del-clause                698
 :max-generation            8
 :max-memory                19.33
 :memory                    19.33
 :minimized-lits            15
 :mk-bool-var               1475
 :mk-clause                 698
 :mk-clause-binary          104
 :num-allocs                299265
 :num-checks                1
 :propagations              483
 :quant-instantiations      249
 :rlimit-count              101400
 :time                      0.00)
(:added-eqs                 518
 :arith-assert-diseq        9
 :arith-assert-lower        80
 :arith-assert-upper        51
 :arith-bound-prop          10
 :arith-conflicts           3
 :arith-eq-adapter          56
 :arith-fixed-eqs           31
 :arith-num-rows            34
 :arith-offset-eqs          16
 :arith-pivots              40
 :arith-row-summations      71
 :arith-tableau-max-columns 84
 :arith-tableau-max-rows    34
 :binary-propagations       167
 :conflicts                 83
 :decisions                 91
 :del-clause                698
 :max-generation            8
 :max-memory                19.33
 :memory                    19.33
 :minimized-lits            15
 :mk-bool-var               1475
 :mk-clause                 698
 :mk-clause-binary          104
 :num-allocs                299265
 :num-checks                1
 :propagations              483
 :quant-instantiations      249
 :rlimit-count              101671
 :time                      0.00)
(:version "4.16.0")
unsat
(:added-eqs                 951
 :arith-assert-diseq        30
 :arith-assert-lower        225
 :arith-assert-upper        130
 :arith-bound-prop          32
 :arith-conflicts           14
 :arith-eq-adapter          132
 :arith-fixed-eqs           69
 :arith-num-rows            39
 :arith-offset-eqs          27
 :arith-pivots              116
 :arith-row-summations      283
 :arith-tableau-max-columns 88
 :arith-tableau-max-rows    39
 :binary-propagations       305
 :conflicts                 178
 :datatype-accessor-ax      5
 :datatype-constructor-ax   5
 :decisions                 200
 :del-clause                1541
 :max-generation            8
 :max-memory                19.43
 :memory                    19.43
 :minimized-lits            39
 :mk-bool-var               2377
 :mk-clause                 1558
 :mk-clause-binary          104
 :num-allocs                323966
 :num-checks                2
 :propagations              1054
 :quant-instantiations      500
 :rlimit-count              117240
 :time                      0.00)
(:added-eqs                 951
 :arith-assert-diseq        30
 :arith-assert-lower        225
 :arith-assert-upper        130
 :arith-bound-prop          32
 :arith-conflicts           14
 :arith-eq-adapter          132
 :arith-fixed-eqs           69
 :arith-num-rows            39
 :arith-offset-eqs          27
 :arith-pivots              136
 :arith-row-summations      323
 :arith-tableau-max-columns 88
 :arith-tableau-max-rows    39
 :binary-propagations       305
 :conflicts                 178
 :datatype-accessor-ax      5
 :datatype-constructor-ax   5
 :decisions                 200
 :del-clause                1558
 :max-generation            8
 :max-memory                19.43
 :memory                    19.43
 :minimized-lits            39
 :mk-bool-var               2377
 :mk-clause                 1558
 :mk-clause-binary          104
 :num-allocs                323966
 :num-checks                2
 :propagations              1054
 :quant-instantiations      500
 :rlimit-count              118101
 :time                      0.00)
(:added-eqs                 951
 :arith-assert-diseq        30
 :arith-assert-lower        225
 :arith-assert-upper        130
 :arith-bound-prop          32
 :arith-conflicts           14
 :arith-eq-adapter          132
 :arith-fixed-eqs           69
 :arith-num-rows            39
 :arith-offset-eqs          27
 :arith-pivots              136
 :arith-row-summations      323
 :arith-tableau-max-columns 88
 :arith-tableau-max-rows    39
 :binary-propagations       305
 :conflicts                 178
 :datatype-accessor-ax      5
 :datatype-constructor-ax   5
 :decisions                 200
 :del-clause                1558
 :max-generation            8
 :max-memory                19.43
 :memory                    19.43
 :minimized-lits            39
 :mk-bool-var               2377
 :mk-clause                 1558
 :mk-clause-binary          104
 :num-allocs                323966
 :num-checks                2
 :propagations              1054
 :quant-instantiations      500
 :rlimit-count              118428
 :time                      0.00)
(:version "4.16.0")
unsat
(:added-eqs                 1456
 :arith-assert-diseq        52
 :arith-assert-lower        427
 :arith-assert-upper        246
 :arith-bound-prop          53
 :arith-conflicts           28
 :arith-eq-adapter          229
 :arith-fixed-eqs           126
 :arith-num-rows            51
 :arith-offset-eqs          42
 :arith-pivots              256
 :arith-row-summations      716
 :arith-tableau-max-columns 109
 :arith-tableau-max-rows    51
 :binary-propagations       443
 :conflicts                 269
 :datatype-accessor-ax      11
 :datatype-constructor-ax   11
 :decisions                 316
 :del-clause                2393
 :max-generation            8
 :max-memory                19.53
 :memory                    19.53
 :minimized-lits            68
 :mk-bool-var               3355
 :mk-clause                 2522
 :mk-clause-binary          104
 :num-allocs                351144
 :num-checks                3
 :propagations              1715
 :quant-instantiations      777
 :rlimit-count              140844
 :time                      0.00)
(:added-eqs                 1456
 :arith-assert-diseq        52
 :arith-assert-lower        427
 :arith-assert-upper        246
 :arith-bound-prop          53
 :arith-conflicts           28
 :arith-eq-adapter          229
 :arith-fixed-eqs           126
 :arith-num-rows            51
 :arith-offset-eqs          42
 :arith-pivots              279
 :arith-row-summations      766
 :arith-tableau-max-columns 109
 :arith-tableau-max-rows    51
 :binary-propagations       443
 :conflicts                 269
 :datatype-accessor-ax      11
 :datatype-constructor-ax   11
 :decisions                 316
 :del-clause                2522
 :max-generation            8
 :max-memory                19.53
 :memory                    19.53
 :minimized-lits            68
 :mk-bool-var               3355
 :mk-clause                 2522
 :mk-clause-binary          104
 :num-allocs                351144
 :num-checks                3
 :propagations              1715
 :quant-instantiations      777
 :rlimit-count              142123
 :time                      0.00)
(:added-eqs                 1456
 :arith-assert-diseq        52
 :arith-assert-lower        427
 :arith-assert-upper        246
 :arith-bound-prop          53
 :arith-conflicts           28
 :arith-eq-adapter          229
 :arith-fixed-eqs           126
 :arith-num-rows            51
 :arith-offset-eqs          42
 :arith-pivots              279
 :arith-row-summations      766
 :arith-tableau-max-columns 109
 :arith-tableau-max-rows    51
 :binary-propagations       443
 :conflicts                 269
 :datatype-accessor-ax      11
 :datatype-constructor-ax   11
 :decisions                 316
 :del-clause                2522
 :max-generation            8
 :max-memory                19.53
 :memory                    19.53
 :minimized-lits            68
 :mk-bool-var               3355
 :mk-clause                 2522
 :mk-clause-binary          104
 :num-allocs                351144
 :num-checks                3
 :propagations              1715
 :quant-instantiations      777
 :rlimit-count              142519
 :time                      0.00)
(:version "4.16.0")
unsat
(:added-eqs                 2070
 :arith-assert-diseq        79
 :arith-assert-lower        620
 :arith-assert-upper        327
 :arith-bound-prop          70
 :arith-conflicts           42
 :arith-eq-adapter          312
 :arith-fixed-eqs           171
 :arith-num-rows            51
 :arith-offset-eqs          53
 :arith-pivots              363
 :arith-row-summations      1089
 :arith-tableau-max-columns 113
 :arith-tableau-max-rows    51
 :binary-propagations       581
 :conflicts                 368
 :datatype-accessor-ax      39
 :datatype-constructor-ax   39
 :decisions                 441
 :del-clause                3425
 :max-generation            8
 :max-memory                19.63
 :memory                    19.63
 :minimized-lits            94
 :mk-bool-var               4428
 :mk-clause                 3467
 :mk-clause-binary          104
 :num-allocs                384846
 :num-checks                4
 :propagations              2361
 :quant-instantiations      1104
 :rlimit-count              164831
 :time                      0.00)
(:added-eqs                 2070
 :arith-assert-diseq        79
 :arith-assert-lower        620
 :arith-assert-upper        327
 :arith-bound-prop          70
 :arith-conflicts           42
 :arith-eq-adapter          312
 :arith-fixed-eqs           171
 :arith-num-rows            51
 :arith-offset-eqs          53
 :arith-pivots              385
 :arith-row-summations      1129
 :arith-tableau-max-columns 113
 :arith-tableau-max-rows    51
 :binary-propagations       581
 :conflicts                 368
 :datatype-accessor-ax      39
 :datatype-constructor-ax   39
 :decisions                 441
 :del-clause                3467
 :max-generation            8
 :max-memory                19.63
 :memory                    19.63
 :minimized-lits            94
 :mk-bool-var               4428
 :mk-clause                 3467
 :mk-clause-binary          104
 :num-allocs                384846
 :num-checks                4
 :propagations              2361
 :quant-instantiations      1104
 :rlimit-count              165680
 :time                      0.00)
(:added-eqs                 2070
 :arith-assert-diseq        79
 :arith-assert-lower        620
 :arith-assert-upper        327
 :arith-bound-prop          70
 :arith-conflicts           42
 :arith-eq-adapter          312
 :arith-fixed-eqs           171
 :arith-num-rows            51
 :arith-offset-eqs          53
 :arith-pivots              385
 :arith-row-summations      1129
 :arith-tableau-max-columns 113
 :arith-tableau-max-rows    51
 :binary-propagations       581
 :conflicts                 368
 :datatype-accessor-ax      39
 :datatype-constructor-ax   39
 :decisions                 441
 :del-clause                3467
 :max-generation            8
 :max-memory                19.63
 :memory                    19.63
 :minimized-lits            94
 :mk-bool-var               4428
 :mk-clause                 3467
 :mk-clause-binary          104
 :num-allocs                384846
 :num-checks                4
 :propagations              2361
 :quant-instantiations      1104
 :rlimit-count              166094
 :time                      0.00)
(:version "4.16.0")
unsat
(:added-eqs                 3250
 :arith-assert-diseq        149
 :arith-assert-lower        1009
 :arith-assert-upper        540
 :arith-bound-prop          107
 :arith-conflicts           62
 :arith-eq-adapter          536
 :arith-fixed-eqs           282
 :arith-num-rows            89
 :arith-offset-eqs          89
 :arith-pivots              590
 :arith-row-summations      1866
 :arith-tableau-max-columns 173
 :arith-tableau-max-rows    89
 :binary-propagations       719
 :conflicts                 479
 :datatype-accessor-ax      67
 :datatype-constructor-ax   67
 :decisions                 638
 :del-clause                5068
 :max-generation            8
 :max-memory                19.94
 :memory                    19.94
 :minimized-lits            152
 :mk-bool-var               6388
 :mk-clause                 5164
 :mk-clause-binary          104
 :num-allocs                465776
 :num-checks                5
 :propagations              3377
 :quant-instantiations      1611
 :restarts                  1
 :rlimit-count              202805
 :time                      0.00)
(:added-eqs                 3250
 :arith-assert-diseq        149
 :arith-assert-lower        1009
 :arith-assert-upper        540
 :arith-bound-prop          107
 :arith-conflicts           62
 :arith-eq-adapter          536
 :arith-fixed-eqs           282
 :arith-num-rows            89
 :arith-offset-eqs          89
 :arith-pivots              636
 :arith-row-summations      1934
 :arith-tableau-max-columns 173
 :arith-tableau-max-rows    89
 :binary-propagations       719
 :conflicts                 479
 :datatype-accessor-ax      67
 :datatype-constructor-ax   67
 :decisions                 638
 :del-clause                5164
 :max-generation            8
 :max-memory                20.03
 :memory                    20.03
 :minimized-lits            152
 :mk-bool-var               6388
 :mk-clause                 5164
 :mk-clause-binary          104
 :num-allocs                511323
 :num-checks                5
 :propagations              3377
 :quant-instantiations      1611
 :restarts                  1
 :rlimit-count              204561
 :time                      0.00)
(:added-eqs                 3250
 :arith-assert-diseq        149
 :arith-assert-lower        1009
 :arith-assert-upper        540
 :arith-bound-prop          107
 :arith-conflicts           62
 :arith-eq-adapter          536
 :arith-fixed-eqs           282
 :arith-num-rows            89
 :arith-offset-eqs          89
 :arith-pivots              636
 :arith-row-summations      1934
 :arith-tableau-max-columns 173
 :arith-tableau-max-rows    89
 :binary-propagations       719
 :conflicts                 479
 :datatype-accessor-ax      67
 :datatype-constructor-ax   67
 :decisions                 638
 :del-clause                5164
 :max-generation            8
 :max-memory                20.03
 :memory                    20.03
 :minimized-lits            152
 :mk-bool-var               6388
 :mk-clause                 5164
 :mk-clause-binary          104
 :num-allocs                511323
 :num-checks                5
 :propagations              3377
 :quant-instantiations      1611
 :restarts                  1
 :rlimit-count              205089
 :time                      0.00)
(:version "4.16.0")
unsat
(:added-eqs                 4371
 :arith-assert-diseq        244
 :arith-assert-lower        1424
 :arith-assert-upper        778
 :arith-assume-eqs          1
 :arith-bound-prop          156
 :arith-conflicts           88
 :arith-eq-adapter          757
 :arith-fixed-eqs           402
 :arith-num-rows            104
 :arith-offset-eqs          142
 :arith-pivots              877
 :arith-row-summations      3014
 :arith-tableau-max-columns 196
 :arith-tableau-max-rows    104
 :binary-propagations       857
 :conflicts                 600
 :datatype-accessor-ax      96
 :datatype-constructor-ax   96
 :decisions                 835
 :del-clause                6733
 :final-checks              1
 :interface-eqs             1
 :max-generation            8
 :max-memory                20.13
 :memory                    20.13
 :minimized-lits            214
 :mk-bool-var               8264
 :mk-clause                 6774
 :mk-clause-binary          104
 :num-allocs                565253
 :num-checks                6
 :propagations              4369
 :quant-instantiations      2062
 :restarts                  2
 :rlimit-count              254491
 :time                      0.00)
(:added-eqs                 4371
 :arith-assert-diseq        244
 :arith-assert-lower        1424
 :arith-assert-upper        778
 :arith-assume-eqs          1
 :arith-bound-prop          156
 :arith-conflicts           88
 :arith-eq-adapter          757
 :arith-fixed-eqs           402
 :arith-num-rows            104
 :arith-offset-eqs          142
 :arith-pivots              932
 :arith-row-summations      3089
 :arith-tableau-max-columns 196
 :arith-tableau-max-rows    104
 :binary-propagations       857
 :conflicts                 600
 :datatype-accessor-ax      96
 :datatype-constructor-ax   96
 :decisions                 835
 :del-clause                6774
 :final-checks              1
 :interface-eqs             1
 :max-generation            8
 :max-memory                20.13
 :memory                    20.13
 :minimized-lits            214
 :mk-bool-var               8264
 :mk-clause                 6774
 :mk-clause-binary          104
 :num-allocs                565253
 :num-checks                6
 :propagations              4369
 :quant-instantiations      2062
 :restarts                  2
 :rlimit-count              256983
 :time                      0.00)
(:added-eqs                 4371
 :arith-assert-diseq        244
 :arith-assert-lower        1424
 :arith-assert-upper        778
 :arith-assume-eqs          1
 :arith-bound-prop          156
 :arith-conflicts           88
 :arith-eq-adapter          757
 :arith-fixed-eqs           402
 :arith-num-rows            104
 :arith-offset-eqs          142
 :arith-pivots              932
 :arith-row-summations      3089
 :arith-tableau-max-columns 196
 :arith-tableau-max-rows    104
 :binary-propagations       857
 :conflicts                 600
 :datatype-accessor-ax      96
 :datatype-constructor-ax   96
 :decisions                 835
 :del-clause                6774
 :final-checks              1
 :interface-eqs             1
 :max-generation            8
 :max-memory                20.13
 :memory                    20.13
 :minimized-lits            214
 :mk-bool-var               8264
 :mk-clause                 6774
 :mk-clause-binary          104
 :num-allocs                565253
 :num-checks                6
 :propagations              4369
 :quant-instantiations      2062
 :restarts                  2
 :rlimit-count              259575
 :time                      0.00)
(:version "4.16.0")
unsat
(:reason-unknown "unknown")
(:added-eqs                 47273
 :arith-assert-diseq        8110
 :arith-assert-lower        30956
 :arith-assert-upper        24419
 :arith-assume-eqs          18
 :arith-bound-prop          3706
 :arith-conflicts           375
 :arith-eq-adapter          6585
 :arith-fixed-eqs           5503
 :arith-num-rows            1531
 :arith-offset-eqs          5498
 :arith-pivots              6231
 :arith-row-summations      66152
 :arith-tableau-max-columns 2329
 :arith-tableau-max-rows    1531
 :binary-propagations       995
 :conflicts                 1140
 :datatype-accessor-ax      324
 :datatype-constructor-ax   319
 :decisions                 13074
 :del-clause                37786
 :dyn-ack                   1
 :final-checks              18
 :interface-eqs             18
 :max-generation            100
 :max-memory                34.15
 :memory                    34.05
 :minimized-lits            1642
 :mk-bool-var               51280
 :mk-clause                 42279
 :mk-clause-binary          104
 :num-allocs                31523858
 :num-checks                7
 :propagations              58935
 :quant-instantiations      15338
 :restarts                  6
 :rlimit-count              5148311
 :time                      0.18)
(:added-eqs                 47273
 :arith-assert-diseq        8110
 :arith-assert-lower        30956
 :arith-assert-upper        24419
 :arith-assume-eqs          18
 :arith-bound-prop          3706
 :arith-conflicts           375
 :arith-eq-adapter          6585
 :arith-fixed-eqs           5503
 :arith-num-rows            1531
 :arith-offset-eqs          5498
 :arith-pivots              6757
 :arith-row-summations      68076
 :arith-tableau-max-columns 2329
 :arith-tableau-max-rows    1531
 :binary-propagations       995
 :conflicts                 1140
 :datatype-accessor-ax      324
 :datatype-constructor-ax   319
 :decisions                 13074
 :del-clause                42279
 :dyn-ack                   1
 :final-checks              18
 :interface-eqs             18
 :max-generation            100
 :max-memory                34.16
 :memory                    32.33
 :minimized-lits            1642
 :mk-bool-var               51280
 :mk-clause                 42279
 :mk-clause-binary          104
 :num-allocs                40749765
 :num-checks                7
 :propagations              58935
 :quant-instantiations      15338
 :restarts                  6
 :rlimit-count              5246959
 :time                      0.18)
(:added-eqs                 47273
 :arith-assert-diseq        8110
 :arith-assert-lower        30956
 :arith-assert-upper        24419
 :arith-assume-eqs          18
 :arith-bound-prop          3706
 :arith-conflicts           375
 :arith-eq-adapter          6585
 :arith-fixed-eqs           5503
 :arith-num-rows            1531
 :arith-offset-eqs          5498
 :arith-pivots              6757
 :arith-row-summations      68076
 :arith-tableau-max-columns 2329
 :arith-tableau-max-rows    1531
 :binary-propagations       995
 :conflicts                 1140
 :datatype-accessor-ax      324
 :datatype-constructor-ax   319
 :decisions                 13074
 :del-clause                42279
 :dyn-ack                   1
 :final-checks              18
 :interface-eqs             18
 :max-generation            100
 :max-memory                34.16
 :memory                    32.33
 :minimized-lits            1642
 :mk-bool-var               51280
 :mk-clause                 42279
 :mk-clause-binary          104
 :num-allocs                40749765
 :num-checks                7
 :propagations              58935
 :quant-instantiations      15338
 :restarts                  6
 :rlimit-count              5247039
 :time                      0.18)
(:version "4.16.0")
unsat
(:added-eqs                 47492
 :arith-assert-diseq        8110
 :arith-assert-lower        30973
 :arith-assert-upper        24429
 :arith-assume-eqs          18
 :arith-bound-prop          3708
 :arith-conflicts           376
 :arith-eq-adapter          6598
 :arith-fixed-eqs           5508
 :arith-num-rows            1531
 :arith-offset-eqs          5498
 :arith-pivots              6764
 :arith-row-summations      68081
 :arith-tableau-max-columns 2329
 :arith-tableau-max-rows    1531
 :binary-propagations       1129
 :conflicts                 1213
 :datatype-accessor-ax      338
 :datatype-constructor-ax   333
 :decisions                 13148
 :del-clause                42673
 :dyn-ack                   1
 :final-checks              18
 :interface-eqs             18
 :max-generation            100
 :max-memory                34.16
 :memory                    32.42
 :minimized-lits            1642
 :mk-bool-var               51695
 :mk-clause                 42691
 :mk-clause-binary          104
 :num-allocs                41212723
 :num-checks                8
 :propagations              59244
 :quant-instantiations      15497
 :restarts                  6
 :rlimit-count              5253367
 :time                      0.00)
