(:added-eqs           158
 :binary-propagations 33
 :max-memory          18.52
 :memory              18.52
 :mk-bool-var         682
 :mk-clause-binary    104
 :num-allocs          144775
 :propagations        33
 :rlimit-count        87752)
(:added-eqs           158
 :binary-propagations 33
 :max-memory          18.52
 :memory              18.52
 :mk-bool-var         682
 :mk-clause-binary    104
 :num-allocs          144775
 :propagations        33
 :rlimit-count        87878)
(:version "4.16.0")
unsat
(:added-eqs                 518
 :arith-assert-diseq        9
 :arith-assert-lower        80
 :arith-assert-upper        51
 :arith-bound-prop          10
 :arith-conflicts           3
 :arith-eq-adapter          56
 :arith-fixed-eqs           31
 :arith-num-rows            34
 :arith-offset-eqs          16
 :arith-pivots              40
 :arith-row-summations      71
 :arith-tableau-max-columns 84
 :arith-tableau-max-rows    34
 :binary-propagations       167
 :conflicts                 83
 :decisions                 91
 :del-clause                626
 :max-generation            8
 :max-memory                19.33
 :memory                    19.33
 :minimized-lits            15
 :mk-bool-var               1473
 :mk-clause                 698
 :mk-clause-binary          104
 :num-allocs                299264
 :num-checks                1
 :propagations              483
 :quant-instantiations      249
 :rlimit-count              100557
 :time                      0.00)
(:added-eqs                 518
 :arith-assert-diseq        9
 :arith-assert-lower        80
 :arith-assert-upper        51
 :arith-bound-prop          10
 :arith-conflicts           3
 :arith-eq-adapter          56
 :arith-fixed-eqs           31
 :arith-num-rows            34
 :arith-offset-eqs          16
 :arith-pivots              40
 :arith-row-summations      71
 :arith-tableau-max-columns 84
 :arith-tableau-max-rows    34
 :binary-propagations       167
 :conflicts                 83
 :decisions                 91
 :del-clause                698
 :max-generation            8
 :max-memory                19.33
 :memory                    19.33
 :minimized-lits            15
 :mk-bool-var               1475
 :mk-clause                 698
 :mk-clause-binary          104
 :num-allocs                299264
 :num-checks                1
 :propagations              483
 :quant-instantiations      249
 :rlimit-count              101364
 :time                      0.00)
(:added-eqs                 518
 :arith-assert-diseq        9
 :arith-assert-lower        80
 :arith-assert-upper        51
 :arith-bound-prop          10
 :arith-conflicts           3
 :arith-eq-adapter          56
 :arith-fixed-eqs           31
 :arith-num-rows            34
 :arith-offset-eqs          16
 :arith-pivots              40
 :arith-row-summations      71
 :arith-tableau-max-columns 84
 :arith-tableau-max-rows    34
 :binary-propagations       167
 :conflicts                 83
 :decisions                 91
 :del-clause                698
 :max-generation            8
 :max-memory                19.33
 :memory                    19.33
 :minimized-lits            15
 :mk-bool-var               1475
 :mk-clause                 698
 :mk-clause-binary          104
 :num-allocs                299264
 :num-checks                1
 :propagations              483
 :quant-instantiations      249
 :rlimit-count              101635
 :time                      0.00)
(:version "4.16.0")
unsat
(:added-eqs                 951
 :arith-assert-diseq        30
 :arith-assert-lower        225
 :arith-assert-upper        130
 :arith-bound-prop          32
 :arith-conflicts           14
 :arith-eq-adapter          132
 :arith-fixed-eqs           69
 :arith-num-rows            39
 :arith-offset-eqs          27
 :arith-pivots              116
 :arith-row-summations      283
 :arith-tableau-max-columns 88
 :arith-tableau-max-rows    39
 :binary-propagations       305
 :conflicts                 178
 :datatype-accessor-ax      5
 :datatype-constructor-ax   5
 :decisions                 200
 :del-clause                1541
 :max-generation            8
 :max-memory                19.43
 :memory                    19.43
 :minimized-lits            39
 :mk-bool-var               2377
 :mk-clause                 1558
 :mk-clause-binary          104
 :num-allocs                323971
 :num-checks                2
 :propagations              1054
 :quant-instantiations      500
 :rlimit-count              117204
 :time                      0.00)
(:added-eqs                 951
 :arith-assert-diseq        30
 :arith-assert-lower        225
 :arith-assert-upper        130
 :arith-bound-prop          32
 :arith-conflicts           14
 :arith-eq-adapter          132
 :arith-fixed-eqs           69
 :arith-num-rows            39
 :arith-offset-eqs          27
 :arith-pivots              136
 :arith-row-summations      323
 :arith-tableau-max-columns 88
 :arith-tableau-max-rows    39
 :binary-propagations       305
 :conflicts                 178
 :datatype-accessor-ax      5
 :datatype-constructor-ax   5
 :decisions                 200
 :del-clause                1558
 :max-generation            8
 :max-memory                19.43
 :memory                    19.43
 :minimized-lits            39
 :mk-bool-var               2377
 :mk-clause                 1558
 :mk-clause-binary          104
 :num-allocs                323971
 :num-checks                2
 :propagations              1054
 :quant-instantiations      500
 :rlimit-count              118065
 :time                      0.00)
(:added-eqs                 951
 :arith-assert-diseq        30
 :arith-assert-lower        225
 :arith-assert-upper        130
 :arith-bound-prop          32
 :arith-conflicts           14
 :arith-eq-adapter          132
 :arith-fixed-eqs           69
 :arith-num-rows            39
 :arith-offset-eqs          27
 :arith-pivots              136
 :arith-row-summations      323
 :arith-tableau-max-columns 88
 :arith-tableau-max-rows    39
 :binary-propagations       305
 :conflicts                 178
 :datatype-accessor-ax      5
 :datatype-constructor-ax   5
 :decisions                 200
 :del-clause                1558
 :max-generation            8
 :max-memory                19.43
 :memory                    19.43
 :minimized-lits            39
 :mk-bool-var               2377
 :mk-clause                 1558
 :mk-clause-binary          104
 :num-allocs                323971
 :num-checks                2
 :propagations              1054
 :quant-instantiations      500
 :rlimit-count              118392
 :time                      0.00)
(:version "4.16.0")
unsat
(:added-eqs                 1456
 :arith-assert-diseq        52
 :arith-assert-lower        427
 :arith-assert-upper        246
 :arith-bound-prop          53
 :arith-conflicts           28
 :arith-eq-adapter          229
 :arith-fixed-eqs           126
 :arith-num-rows            51
 :arith-offset-eqs          42
 :arith-pivots              256
 :arith-row-summations      716
 :arith-tableau-max-columns 109
 :arith-tableau-max-rows    51
 :binary-propagations       443
 :conflicts                 269
 :datatype-accessor-ax      11
 :datatype-constructor-ax   11
 :decisions                 316
 :del-clause                2393
 :max-generation            8
 :max-memory                19.54
 :memory                    19.54
 :minimized-lits            68
 :mk-bool-var               3355
 :mk-clause                 2522
 :mk-clause-binary          104
 :num-allocs                351762
 :num-checks                3
 :propagations              1715
 :quant-instantiations      777
 :rlimit-count              140808
 :time                      0.00)
(:added-eqs                 1456
 :arith-assert-diseq        52
 :arith-assert-lower        427
 :arith-assert-upper        246
 :arith-bound-prop          53
 :arith-conflicts           28
 :arith-eq-adapter          229
 :arith-fixed-eqs           126
 :arith-num-rows            51
 :arith-offset-eqs          42
 :arith-pivots              279
 :arith-row-summations      766
 :arith-tableau-max-columns 109
 :arith-tableau-max-rows    51
 :binary-propagations       443
 :conflicts                 269
 :datatype-accessor-ax      11
 :datatype-constructor-ax   11
 :decisions                 316
 :del-clause                2522
 :max-generation            8
 :max-memory                19.54
 :memory                    19.54
 :minimized-lits            68
 :mk-bool-var               3355
 :mk-clause                 2522
 :mk-clause-binary          104
 :num-allocs                351762
 :num-checks                3
 :propagations              1715
 :quant-instantiations      777
 :rlimit-count              142087
 :time                      0.00)
(:added-eqs                 1456
 :arith-assert-diseq        52
 :arith-assert-lower        427
 :arith-assert-upper        246
 :arith-bound-prop          53
 :arith-conflicts           28
 :arith-eq-adapter          229
 :arith-fixed-eqs           126
 :arith-num-rows            51
 :arith-offset-eqs          42
 :arith-pivots              279
 :arith-row-summations      766
 :arith-tableau-max-columns 109
 :arith-tableau-max-rows    51
 :binary-propagations       443
 :conflicts                 269
 :datatype-accessor-ax      11
 :datatype-constructor-ax   11
 :decisions                 316
 :del-clause                2522
 :max-generation            8
 :max-memory                19.54
 :memory                    19.54
 :minimized-lits            68
 :mk-bool-var               3355
 :mk-clause                 2522
 :mk-clause-binary          104
 :num-allocs                351762
 :num-checks                3
 :propagations              1715
 :quant-instantiations      777
 :rlimit-count              142483
 :time                      0.00)
(:version "4.16.0")
unsat
(:added-eqs                 2070
 :arith-assert-diseq        79
 :arith-assert-lower        620
 :arith-assert-upper        327
 :arith-bound-prop          70
 :arith-conflicts           42
 :arith-eq-adapter          312
 :arith-fixed-eqs           171
 :arith-num-rows            51
 :arith-offset-eqs          53
 :arith-pivots              363
 :arith-row-summations      1089
 :arith-tableau-max-columns 113
 :arith-tableau-max-rows    51
 :binary-propagations       581
 :conflicts                 368
 :datatype-accessor-ax      39
 :datatype-constructor-ax   39
 :decisions                 441
 :del-clause                3425
 :max-generation            8
 :max-memory                19.64
 :memory                    19.64
 :minimized-lits            94
 :mk-bool-var               4428
 :mk-clause                 3467
 :mk-clause-binary          104
 :num-allocs                385571
 :num-checks                4
 :propagations              2361
 :quant-instantiations      1104
 :rlimit-count              164795
 :time                      0.00)
(:added-eqs                 2070
 :arith-assert-diseq        79
 :arith-assert-lower        620
 :arith-assert-upper        327
 :arith-bound-prop          70
 :arith-conflicts           42
 :arith-eq-adapter          312
 :arith-fixed-eqs           171
 :arith-num-rows            51
 :arith-offset-eqs          53
 :arith-pivots              385
 :arith-row-summations      1129
 :arith-tableau-max-columns 113
 :arith-tableau-max-rows    51
 :binary-propagations       581
 :conflicts                 368
 :datatype-accessor-ax      39
 :datatype-constructor-ax   39
 :decisions                 441
 :del-clause                3467
 :max-generation            8
 :max-memory                19.64
 :memory                    19.64
 :minimized-lits            94
 :mk-bool-var               4428
 :mk-clause                 3467
 :mk-clause-binary          104
 :num-allocs                385571
 :num-checks                4
 :propagations              2361
 :quant-instantiations      1104
 :rlimit-count              165644
 :time                      0.00)
(:added-eqs                 2070
 :arith-assert-diseq        79
 :arith-assert-lower        620
 :arith-assert-upper        327
 :arith-bound-prop          70
 :arith-conflicts           42
 :arith-eq-adapter          312
 :arith-fixed-eqs           171
 :arith-num-rows            51
 :arith-offset-eqs          53
 :arith-pivots              385
 :arith-row-summations      1129
 :arith-tableau-max-columns 113
 :arith-tableau-max-rows    51
 :binary-propagations       581
 :conflicts                 368
 :datatype-accessor-ax      39
 :datatype-constructor-ax   39
 :decisions                 441
 :del-clause                3467
 :max-generation            8
 :max-memory                19.64
 :memory                    19.64
 :minimized-lits            94
 :mk-bool-var               4428
 :mk-clause                 3467
 :mk-clause-binary          104
 :num-allocs                385571
 :num-checks                4
 :propagations              2361
 :quant-instantiations      1104
 :rlimit-count              166058
 :time                      0.00)
(:version "4.16.0")
unsat
(:added-eqs                 3250
 :arith-assert-diseq        149
 :arith-assert-lower        1009
 :arith-assert-upper        540
 :arith-bound-prop          107
 :arith-conflicts           62
 :arith-eq-adapter          536
 :arith-fixed-eqs           282
 :arith-num-rows            89
 :arith-offset-eqs          89
 :arith-pivots              590
 :arith-row-summations      1866
 :arith-tableau-max-columns 173
 :arith-tableau-max-rows    89
 :binary-propagations       719
 :conflicts                 479
 :datatype-accessor-ax      67
 :datatype-constructor-ax   67
 :decisions                 638
 :del-clause                5068
 :max-generation            8
 :max-memory                19.94
 :memory                    19.94
 :minimized-lits            152
 :mk-bool-var               6388
 :mk-clause                 5164
 :mk-clause-binary          104
 :num-allocs                466635
 :num-checks                5
 :propagations              3377
 :quant-instantiations      1611
 :restarts                  1
 :rlimit-count              202769
 :time                      0.01)
(:added-eqs                 3250
 :arith-assert-diseq        149
 :arith-assert-lower        1009
 :arith-assert-upper        540
 :arith-bound-prop          107
 :arith-conflicts           62
 :arith-eq-adapter          536
 :arith-fixed-eqs           282
 :arith-num-rows            89
 :arith-offset-eqs          89
 :arith-pivots              636
 :arith-row-summations      1934
 :arith-tableau-max-columns 173
 :arith-tableau-max-rows    89
 :binary-propagations       719
 :conflicts                 479
 :datatype-accessor-ax      67
 :datatype-constructor-ax   67
 :decisions                 638
 :del-clause                5164
 :max-generation            8
 :max-memory                20.03
 :memory                    20.03
 :minimized-lits            152
 :mk-bool-var               6388
 :mk-clause                 5164
 :mk-clause-binary          104
 :num-allocs                512153
 :num-checks                5
 :propagations              3377
 :quant-instantiations      1611
 :restarts                  1
 :rlimit-count              204525
 :time                      0.01)
(:added-eqs                 3250
 :arith-assert-diseq        149
 :arith-assert-lower        1009
 :arith-assert-upper        540
 :arith-bound-prop          107
 :arith-conflicts           62
 :arith-eq-adapter          536
 :arith-fixed-eqs           282
 :arith-num-rows            89
 :arith-offset-eqs          89
 :arith-pivots              636
 :arith-row-summations      1934
 :arith-tableau-max-columns 173
 :arith-tableau-max-rows    89
 :binary-propagations       719
 :conflicts                 479
 :datatype-accessor-ax      67
 :datatype-constructor-ax   67
 :decisions                 638
 :del-clause                5164
 :max-generation            8
 :max-memory                20.03
 :memory                    20.03
 :minimized-lits            152
 :mk-bool-var               6388
 :mk-clause                 5164
 :mk-clause-binary          104
 :num-allocs                512153
 :num-checks                5
 :propagations              3377
 :quant-instantiations      1611
 :restarts                  1
 :rlimit-count              205053
 :time                      0.01)
(:version "4.16.0")
unsat
(:added-eqs                 4371
 :arith-assert-diseq        244
 :arith-assert-lower        1424
 :arith-assert-upper        778
 :arith-assume-eqs          1
 :arith-bound-prop          156
 :arith-conflicts           88
 :arith-eq-adapter          757
 :arith-fixed-eqs           402
 :arith-num-rows            104
 :arith-offset-eqs          142
 :arith-pivots              877
 :arith-row-summations      3014
 :arith-tableau-max-columns 196
 :arith-tableau-max-rows    104
 :binary-propagations       857
 :conflicts                 600
 :datatype-accessor-ax      96
 :datatype-constructor-ax   96
 :decisions                 835
 :del-clause                6733
 :final-checks              1
 :interface-eqs             1
 :max-generation            8
 :max-memory                20.13
 :memory                    20.13
 :minimized-lits            214
 :mk-bool-var               8264
 :mk-clause                 6774
 :mk-clause-binary          104
 :num-allocs                566033
 :num-checks                6
 :propagations              4369
 :quant-instantiations      2062
 :restarts                  2
 :rlimit-count              254455
 :time                      0.01)
(:added-eqs                 4371
 :arith-assert-diseq        244
 :arith-assert-lower        1424
 :arith-assert-upper        778
 :arith-assume-eqs          1
 :arith-bound-prop          156
 :arith-conflicts           88
 :arith-eq-adapter          757
 :arith-fixed-eqs           402
 :arith-num-rows            104
 :arith-offset-eqs          142
 :arith-pivots              932
 :arith-row-summations      3089
 :arith-tableau-max-columns 196
 :arith-tableau-max-rows    104
 :binary-propagations       857
 :conflicts                 600
 :datatype-accessor-ax      96
 :datatype-constructor-ax   96
 :decisions                 835
 :del-clause                6774
 :final-checks              1
 :interface-eqs             1
 :max-generation            8
 :max-memory                20.13
 :memory                    20.13
 :minimized-lits            214
 :mk-bool-var               8264
 :mk-clause                 6774
 :mk-clause-binary          104
 :num-allocs                566033
 :num-checks                6
 :propagations              4369
 :quant-instantiations      2062
 :restarts                  2
 :rlimit-count              256947
 :time                      0.01)
(:added-eqs                 4371
 :arith-assert-diseq        244
 :arith-assert-lower        1424
 :arith-assert-upper        778
 :arith-assume-eqs          1
 :arith-bound-prop          156
 :arith-conflicts           88
 :arith-eq-adapter          757
 :arith-fixed-eqs           402
 :arith-num-rows            104
 :arith-offset-eqs          142
 :arith-pivots              932
 :arith-row-summations      3089
 :arith-tableau-max-columns 196
 :arith-tableau-max-rows    104
 :binary-propagations       857
 :conflicts                 600
 :datatype-accessor-ax      96
 :datatype-constructor-ax   96
 :decisions                 835
 :del-clause                6774
 :final-checks              1
 :interface-eqs             1
 :max-generation            8
 :max-memory                20.13
 :memory                    20.13
 :minimized-lits            214
 :mk-bool-var               8264
 :mk-clause                 6774
 :mk-clause-binary          104
 :num-allocs                566033
 :num-checks                6
 :propagations              4369
 :quant-instantiations      2062
 :restarts                  2
 :rlimit-count              259539
 :time                      0.01)
(:version "4.16.0")
unknown
(:added-eqs                 574480
 :arith-assert-diseq        11287
 :arith-assert-lower        81901
 :arith-assert-upper        47220
 :arith-assume-eqs          8
 :arith-bound-prop          5930
 :arith-branch-var          2
 :arith-conflicts           415
 :arith-eq-adapter          21983
 :arith-fixed-eqs           12228
 :arith-gcd-tests           755
 :arith-ineq-splits         2
 :arith-num-rows            42382
 :arith-offset-eqs          10115
 :arith-patches             4
 :arith-pivots              23327
 :arith-row-summations      155837
 :arith-tableau-max-columns 78407
 :arith-tableau-max-rows    42382
 :binary-propagations       995
 :conflicts                 1213
 :datatype-accessor-ax      359
 :datatype-constructor-ax   354
 :decisions                 16422
 :del-clause                56659
 :dyn-ack                   1
 :final-checks              12
 :interface-eqs             8
 :max-generation            100
 :max-memory                1157.30
 :memory                    1157.30
 :minimized-lits            1580
 :mk-bool-var               661026
 :mk-clause                 271914
 :mk-clause-binary          104
 :num-allocs                17070104091.00
 :num-checks                7
 :propagations              157864
 :quant-instantiations      403341
 :restarts                  7
 :rlimit-count              30259539
 :time                      27.98)
(:added-eqs                 574480
 :arith-assert-diseq        11287
 :arith-assert-lower        81901
 :arith-assert-upper        47220
 :arith-assume-eqs          8
 :arith-bound-prop          5930
 :arith-branch-var          2
 :arith-conflicts           415
 :arith-eq-adapter          21984
 :arith-fixed-eqs           12228
 :arith-gcd-tests           755
 :arith-ineq-splits         2
 :arith-num-rows            42382
 :arith-offset-eqs          10115
 :arith-patches             4
 :arith-pivots              34469
 :arith-row-summations      162518
 :arith-tableau-max-columns 78407
 :arith-tableau-max-rows    42382
 :binary-propagations       995
 :conflicts                 1213
 :datatype-accessor-ax      359
 :datatype-constructor-ax   354
 :decisions                 16422
 :del-clause                271921
 :dyn-ack                   1
 :final-checks              12
 :interface-eqs             8
 :max-generation            100
 :max-memory                1175.08
 :memory                    1104.95
 :minimized-lits            1580
 :mk-bool-var               661185
 :mk-clause                 271921
 :mk-clause-binary          104
 :num-allocs                19605611428.00
 :num-checks                7
 :propagations              157864
 :quant-instantiations      403341
 :restarts                  7
 :rlimit-count              30604187
 :time                      27.98)
(:added-eqs                 574480
 :arith-assert-diseq        11287
 :arith-assert-lower        81901
 :arith-assert-upper        47220
 :arith-assume-eqs          8
 :arith-bound-prop          5930
 :arith-branch-var          2
 :arith-conflicts           415
 :arith-eq-adapter          21984
 :arith-fixed-eqs           12228
 :arith-gcd-tests           755
 :arith-ineq-splits         2
 :arith-num-rows            42382
 :arith-offset-eqs          10115
 :arith-patches             4
 :arith-pivots              34469
 :arith-row-summations      162518
 :arith-tableau-max-columns 78407
 :arith-tableau-max-rows    42382
 :binary-propagations       995
 :conflicts                 1213
 :datatype-accessor-ax      359
 :datatype-constructor-ax   354
 :decisions                 16422
 :del-clause                271921
 :dyn-ack                   1
 :final-checks              12
 :interface-eqs             8
 :max-generation            100
 :max-memory                1175.08
 :memory                    1104.95
 :minimized-lits            1580
 :mk-bool-var               661185
 :mk-clause                 271921
 :mk-clause-binary          104
 :num-allocs                19605611428.00
 :num-checks                7
 :propagations              157864
 :quant-instantiations      403341
 :restarts                  7
 :rlimit-count              30604267
 :time                      27.98)
(:version "4.16.0")
unsat
(:added-eqs                 574699
 :arith-assert-diseq        11287
 :arith-assert-lower        81918
 :arith-assert-upper        47230
 :arith-assume-eqs          8
 :arith-bound-prop          5931
 :arith-branch-var          2
 :arith-conflicts           416
 :arith-eq-adapter          21996
 :arith-fixed-eqs           12233
 :arith-gcd-tests           755
 :arith-ineq-splits         2
 :arith-num-rows            42382
 :arith-offset-eqs          10115
 :arith-patches             4
 :arith-pivots              34477
 :arith-row-summations      162522
 :arith-tableau-max-columns 78407
 :arith-tableau-max-rows    42382
 :binary-propagations       1129
 :conflicts                 1286
 :datatype-accessor-ax      373
 :datatype-constructor-ax   368
 :decisions                 16496
 :del-clause                272312
 :dyn-ack                   1
 :final-checks              12
 :interface-eqs             8
 :max-generation            100
 :max-memory                1175.08
 :memory                    1111.23
 :minimized-lits            1580
 :mk-bool-var               661599
 :mk-clause                 272328
 :mk-clause-binary          104
 :num-allocs                19640157525.00
 :num-checks                8
 :propagations              158174
 :quant-instantiations      403500
 :restarts                  7
 :rlimit-count              30610544
 :time                      0.12)
