(:added-eqs            249
 :binary-propagations  45
 :datatype-accessor-ax 2
 :max-generation       1
 :max-memory           20.32
 :memory               20.32
 :mk-bool-var          1415
 :mk-clause-binary     204
 :num-allocs           736988
 :propagations         45
 :quant-instantiations 1
 :rlimit-count         221641)
(:added-eqs            249
 :binary-propagations  45
 :datatype-accessor-ax 2
 :max-generation       1
 :max-memory           20.32
 :memory               20.32
 :mk-bool-var          1415
 :mk-clause-binary     204
 :num-allocs           736988
 :propagations         45
 :quant-instantiations 1
 :rlimit-count         221879)
(:version "4.16.0")
unsat
(:added-eqs            403
 :binary-propagations  352
 :conflicts            174
 :datatype-accessor-ax 2
 :decisions            185
 :del-clause           846
 :max-generation       4
 :max-memory           21.02
 :memory               21.02
 :minimized-lits       4
 :mk-bool-var          2218
 :mk-clause            954
 :mk-clause-binary     204
 :num-allocs           998951
 :num-checks           1
 :propagations         821
 :quant-instantiations 263
 :restarts             1
 :rlimit-count         234608
 :time                 0.00)
(:added-eqs            403
 :binary-propagations  352
 :conflicts            174
 :datatype-accessor-ax 2
 :decisions            185
 :del-clause           954
 :max-generation       4
 :max-memory           21.02
 :memory               21.02
 :minimized-lits       4
 :mk-bool-var          2219
 :mk-clause            954
 :mk-clause-binary     204
 :num-allocs           998951
 :num-checks           1
 :propagations         821
 :quant-instantiations 263
 :restarts             1
 :rlimit-count         234871
 :time                 0.00)
(:added-eqs            403
 :binary-propagations  352
 :conflicts            174
 :datatype-accessor-ax 2
 :decisions            185
 :del-clause           954
 :max-generation       4
 :max-memory           21.02
 :memory               21.02
 :minimized-lits       4
 :mk-bool-var          2219
 :mk-clause            954
 :mk-clause-binary     204
 :num-allocs           998951
 :num-checks           1
 :propagations         821
 :quant-instantiations 263
 :restarts             1
 :rlimit-count         235198
 :time                 0.00)
(:version "4.16.0")
unsat
(:added-eqs                 940
 :arith-assert-diseq        95
 :arith-assert-lower        299
 :arith-assert-upper        197
 :arith-assume-eqs          1
 :arith-bound-prop          47
 :arith-conflicts           23
 :arith-eq-adapter          144
 :arith-fixed-eqs           85
 :arith-num-rows            68
 :arith-offset-eqs          22
 :arith-pivots              164
 :arith-row-summations      659
 :arith-tableau-max-columns 131
 :arith-tableau-max-rows    68
 :binary-propagations       660
 :conflicts                 370
 :datatype-accessor-ax      2
 :decisions                 446
 :del-clause                2259
 :final-checks              1
 :interface-eqs             1
 :max-generation            4
 :max-memory                21.41
 :memory                    21.41
 :minimized-lits            37
 :mk-bool-var               3569
 :mk-clause                 2383
 :mk-clause-binary          204
 :num-allocs                1171059
 :num-checks                2
 :propagations              1968
 :quant-instantiations      619
 :restarts                  2
 :rlimit-count              272268
 :time                      0.01)
(:added-eqs                 940
 :arith-assert-diseq        95
 :arith-assert-lower        299
 :arith-assert-upper        197
 :arith-assume-eqs          1
 :arith-bound-prop          47
 :arith-conflicts           23
 :arith-eq-adapter          144
 :arith-fixed-eqs           85
 :arith-num-rows            68
 :arith-offset-eqs          22
 :arith-pivots              201
 :arith-row-summations      738
 :arith-tableau-max-columns 131
 :arith-tableau-max-rows    68
 :binary-propagations       660
 :conflicts                 370
 :datatype-accessor-ax      2
 :decisions                 446
 :del-clause                2383
 :final-checks              1
 :interface-eqs             1
 :max-generation            4
 :max-memory                21.50
 :memory                    21.50
 :minimized-lits            37
 :mk-bool-var               3569
 :mk-clause                 2383
 :mk-clause-binary          204
 :num-allocs                1218552
 :num-checks                2
 :propagations              1968
 :quant-instantiations      619
 :restarts                  2
 :rlimit-count              274366
 :time                      0.01)
(:added-eqs                 940
 :arith-assert-diseq        95
 :arith-assert-lower        299
 :arith-assert-upper        197
 :arith-assume-eqs          1
 :arith-bound-prop          47
 :arith-conflicts           23
 :arith-eq-adapter          144
 :arith-fixed-eqs           85
 :arith-num-rows            68
 :arith-offset-eqs          22
 :arith-pivots              201
 :arith-row-summations      738
 :arith-tableau-max-columns 131
 :arith-tableau-max-rows    68
 :binary-propagations       660
 :conflicts                 370
 :datatype-accessor-ax      2
 :decisions                 446
 :del-clause                2383
 :final-checks              1
 :interface-eqs             1
 :max-generation            4
 :max-memory                21.50
 :memory                    21.50
 :minimized-lits            37
 :mk-bool-var               3569
 :mk-clause                 2383
 :mk-clause-binary          204
 :num-allocs                1218552
 :num-checks                2
 :propagations              1968
 :quant-instantiations      619
 :restarts                  2
 :rlimit-count              274754
 :time                      0.01)
(:version "4.16.0")
unsat
(:added-eqs                 1330
 :arith-assert-diseq        119
 :arith-assert-lower        430
 :arith-assert-upper        283
 :arith-assume-eqs          2
 :arith-bound-prop          81
 :arith-conflicts           30
 :arith-eq-adapter          231
 :arith-fixed-eqs           129
 :arith-num-rows            68
 :arith-offset-eqs          32
 :arith-pivots              298
 :arith-row-summations      1023
 :arith-tableau-max-columns 131
 :arith-tableau-max-rows    68
 :binary-propagations       967
 :conflicts                 545
 :datatype-accessor-ax      2
 :decisions                 641
 :del-clause                3352
 :final-checks              2
 :interface-eqs             2
 :max-generation            4
 :max-memory                21.50
 :memory                    21.50
 :minimized-lits            56
 :mk-bool-var               4770
 :mk-clause                 3552
 :mk-clause-binary          204
 :num-allocs                1218552
 :num-checks                3
 :propagations              2804
 :quant-instantiations      909
 :restarts                  3
 :rlimit-count              296324
 :time                      0.00)
(:added-eqs                 1330
 :arith-assert-diseq        119
 :arith-assert-lower        430
 :arith-assert-upper        283
 :arith-assume-eqs          2
 :arith-bound-prop          81
 :arith-conflicts           30
 :arith-eq-adapter          231
 :arith-fixed-eqs           129
 :arith-num-rows            68
 :arith-offset-eqs          32
 :arith-pivots              305
 :arith-row-summations      1031
 :arith-tableau-max-columns 131
 :arith-tableau-max-rows    68
 :binary-propagations       967
 :conflicts                 545
 :datatype-accessor-ax      2
 :decisions                 641
 :del-clause                3552
 :final-checks              2
 :interface-eqs             2
 :max-generation            4
 :max-memory                21.50
 :memory                    21.50
 :minimized-lits            56
 :mk-bool-var               4772
 :mk-clause                 3552
 :mk-clause-binary          204
 :num-allocs                1218552
 :num-checks                3
 :propagations              2804
 :quant-instantiations      909
 :restarts                  3
 :rlimit-count              299608
 :time                      0.00)
(:added-eqs                 1330
 :arith-assert-diseq        119
 :arith-assert-lower        430
 :arith-assert-upper        283
 :arith-assume-eqs          2
 :arith-bound-prop          81
 :arith-conflicts           30
 :arith-eq-adapter          231
 :arith-fixed-eqs           129
 :arith-num-rows            68
 :arith-offset-eqs          32
 :arith-pivots              305
 :arith-row-summations      1031
 :arith-tableau-max-columns 131
 :arith-tableau-max-rows    68
 :binary-propagations       967
 :conflicts                 545
 :datatype-accessor-ax      2
 :decisions                 641
 :del-clause                3552
 :final-checks              2
 :interface-eqs             2
 :max-generation            4
 :max-memory                21.61
 :memory                    21.61
 :minimized-lits            56
 :mk-bool-var               4772
 :mk-clause                 3552
 :mk-clause-binary          204
 :num-allocs                1271411
 :num-checks                3
 :propagations              2804
 :quant-instantiations      909
 :restarts                  3
 :rlimit-count              301778
 :time                      0.00)
(:version "4.16.0")
unsat
(:added-eqs                 23416
 :arith-assert-diseq        3048
 :arith-assert-lower        9386
 :arith-assert-upper        10700
 :arith-assume-eqs          14
 :arith-bound-prop          775
 :arith-conflicts           137
 :arith-eq-adapter          2649
 :arith-fixed-eqs           2452
 :arith-num-rows            406
 :arith-offset-eqs          1206
 :arith-pivots              2552
 :arith-row-summations      17392
 :arith-tableau-max-columns 681
 :arith-tableau-max-rows    406
 :binary-propagations       1275
 :conflicts                 919
 :datatype-accessor-ax      129
 :datatype-constructor-ax   147
 :datatype-splits           10
 :decisions                 6472
 :del-clause                21738
 :final-checks              14
 :interface-eqs             14
 :max-generation            8
 :max-memory                26.11
 :memory                    26.11
 :minimized-lits            715
 :mk-bool-var               24694
 :mk-clause                 24160
 :mk-clause-binary          204
 :num-allocs                5158292
 :num-checks                4
 :propagations              29960
 :quant-instantiations      6503
 :restarts                  6
 :rlimit-count              1516617
 :time                      0.08)
(:added-eqs                 23416
 :arith-assert-diseq        3048
 :arith-assert-lower        9386
 :arith-assert-upper        10700
 :arith-assume-eqs          14
 :arith-bound-prop          775
 :arith-conflicts           137
 :arith-eq-adapter          2649
 :arith-fixed-eqs           2452
 :arith-num-rows            406
 :arith-offset-eqs          1206
 :arith-pivots              2763
 :arith-row-summations      17893
 :arith-tableau-max-columns 681
 :arith-tableau-max-rows    406
 :binary-propagations       1275
 :conflicts                 919
 :datatype-accessor-ax      129
 :datatype-constructor-ax   147
 :datatype-splits           10
 :decisions                 6472
 :del-clause                24160
 :final-checks              14
 :interface-eqs             14
 :max-generation            8
 :max-memory                26.11
 :memory                    25.63
 :minimized-lits            715
 :mk-bool-var               24695
 :mk-clause                 24160
 :mk-clause-binary          204
 :num-allocs                5880612
 :num-checks                4
 :propagations              29960
 :quant-instantiations      6503
 :restarts                  6
 :rlimit-count              1536713
 :time                      0.08)
(:added-eqs                 23416
 :arith-assert-diseq        3048
 :arith-assert-lower        9386
 :arith-assert-upper        10700
 :arith-assume-eqs          14
 :arith-bound-prop          775
 :arith-conflicts           137
 :arith-eq-adapter          2649
 :arith-fixed-eqs           2452
 :arith-num-rows            406
 :arith-offset-eqs          1206
 :arith-pivots              2763
 :arith-row-summations      17893
 :arith-tableau-max-columns 681
 :arith-tableau-max-rows    406
 :binary-propagations       1275
 :conflicts                 919
 :datatype-accessor-ax      129
 :datatype-constructor-ax   147
 :datatype-splits           10
 :decisions                 6472
 :del-clause                24160
 :final-checks              14
 :interface-eqs             14
 :max-generation            8
 :max-memory                26.11
 :memory                    25.63
 :minimized-lits            715
 :mk-bool-var               24695
 :mk-clause                 24160
 :mk-clause-binary          204
 :num-allocs                5880612
 :num-checks                4
 :propagations              29960
 :quant-instantiations      6503
 :restarts                  6
 :rlimit-count              1536834
 :time                      0.08)
(:version "4.16.0")
unsat
(:added-eqs                 23984
 :arith-assert-diseq        3096
 :arith-assert-lower        9686
 :arith-assert-upper        10863
 :arith-assume-eqs          14
 :arith-bound-prop          811
 :arith-conflicts           149
 :arith-eq-adapter          2754
 :arith-fixed-eqs           2507
 :arith-num-rows            406
 :arith-offset-eqs          1230
 :arith-pivots              2891
 :arith-row-summations      18263
 :arith-tableau-max-columns 681
 :arith-tableau-max-rows    406
 :binary-propagations       1582
 :conflicts                 1103
 :datatype-accessor-ax      129
 :datatype-constructor-ax   147
 :datatype-splits           10
 :decisions                 6763
 :del-clause                25516
 :final-checks              14
 :interface-eqs             14
 :max-generation            8
 :max-memory                26.11
 :memory                    25.73
 :minimized-lits            788
 :mk-bool-var               26504
 :mk-clause                 25954
 :mk-clause-binary          204
 :num-allocs                6031581
 :num-checks                5
 :propagations              31268
 :quant-instantiations      6958
 :restarts                  7
 :rlimit-count              1567568
 :time                      0.00)
(:added-eqs                 23984
 :arith-assert-diseq        3096
 :arith-assert-lower        9686
 :arith-assert-upper        10863
 :arith-assume-eqs          14
 :arith-bound-prop          811
 :arith-conflicts           149
 :arith-eq-adapter          2754
 :arith-fixed-eqs           2507
 :arith-num-rows            406
 :arith-offset-eqs          1230
 :arith-pivots              2892
 :arith-row-summations      18263
 :arith-tableau-max-columns 681
 :arith-tableau-max-rows    406
 :binary-propagations       1582
 :conflicts                 1103
 :datatype-accessor-ax      129
 :datatype-constructor-ax   147
 :datatype-splits           10
 :decisions                 6763
 :del-clause                25954
 :final-checks              14
 :interface-eqs             14
 :max-generation            8
 :max-memory                26.11
 :memory                    25.73
 :minimized-lits            788
 :mk-bool-var               26506
 :mk-clause                 25954
 :mk-clause-binary          204
 :num-allocs                6031581
 :num-checks                5
 :propagations              31268
 :quant-instantiations      6958
 :restarts                  7
 :rlimit-count              1568810
 :time                      0.00)
(:added-eqs                 23984
 :arith-assert-diseq        3096
 :arith-assert-lower        9686
 :arith-assert-upper        10863
 :arith-assume-eqs          14
 :arith-bound-prop          811
 :arith-conflicts           149
 :arith-eq-adapter          2754
 :arith-fixed-eqs           2507
 :arith-num-rows            406
 :arith-offset-eqs          1230
 :arith-pivots              2892
 :arith-row-summations      18263
 :arith-tableau-max-columns 681
 :arith-tableau-max-rows    406
 :binary-propagations       1582
 :conflicts                 1103
 :datatype-accessor-ax      129
 :datatype-constructor-ax   147
 :datatype-splits           10
 :decisions                 6763
 :del-clause                25954
 :final-checks              14
 :interface-eqs             14
 :max-generation            8
 :max-memory                26.11
 :memory                    25.73
 :minimized-lits            788
 :mk-bool-var               26506
 :mk-clause                 25954
 :mk-clause-binary          204
 :num-allocs                6031581
 :num-checks                5
 :propagations              31268
 :quant-instantiations      6958
 :restarts                  7
 :rlimit-count              1568956
 :time                      0.00)
(:version "4.16.0")
unsat
(:added-eqs                 24381
 :arith-assert-diseq        3140
 :arith-assert-lower        9863
 :arith-assert-upper        10969
 :arith-assume-eqs          14
 :arith-bound-prop          847
 :arith-conflicts           161
 :arith-eq-adapter          2832
 :arith-fixed-eqs           2561
 :arith-num-rows            406
 :arith-offset-eqs          1262
 :arith-pivots              2988
 :arith-row-summations      18672
 :arith-tableau-max-columns 681
 :arith-tableau-max-rows    406
 :binary-propagations       1889
 :conflicts                 1284
 :datatype-accessor-ax      129
 :datatype-constructor-ax   147
 :datatype-splits           10
 :decisions                 6992
 :del-clause                26996
 :final-checks              14
 :interface-eqs             14
 :max-generation            8
 :max-memory                26.11
 :memory                    25.61
 :minimized-lits            865
 :mk-bool-var               28001
 :mk-clause                 27485
 :mk-clause-binary          204
 :num-allocs                6184054
 :num-checks                6
 :propagations              32345
 :quant-instantiations      7325
 :restarts                  8
 :rlimit-count              1595618
 :time                      0.00)
(:added-eqs                 24381
 :arith-assert-diseq        3140
 :arith-assert-lower        9863
 :arith-assert-upper        10969
 :arith-assume-eqs          14
 :arith-bound-prop          847
 :arith-conflicts           161
 :arith-eq-adapter          2832
 :arith-fixed-eqs           2561
 :arith-num-rows            406
 :arith-offset-eqs          1262
 :arith-pivots              2990
 :arith-row-summations      18673
 :arith-tableau-max-columns 681
 :arith-tableau-max-rows    406
 :binary-propagations       1889
 :conflicts                 1284
 :datatype-accessor-ax      129
 :datatype-constructor-ax   147
 :datatype-splits           10
 :decisions                 6992
 :del-clause                27485
 :final-checks              14
 :interface-eqs             14
 :max-generation            8
 :max-memory                26.11
 :memory                    25.61
 :minimized-lits            865
 :mk-bool-var               28003
 :mk-clause                 27485
 :mk-clause-binary          204
 :num-allocs                6184054
 :num-checks                6
 :propagations              32345
 :quant-instantiations      7325
 :restarts                  8
 :rlimit-count              1598791
 :time                      0.00)
(:added-eqs                 24381
 :arith-assert-diseq        3140
 :arith-assert-lower        9863
 :arith-assert-upper        10969
 :arith-assume-eqs          14
 :arith-bound-prop          847
 :arith-conflicts           161
 :arith-eq-adapter          2832
 :arith-fixed-eqs           2561
 :arith-num-rows            406
 :arith-offset-eqs          1262
 :arith-pivots              2990
 :arith-row-summations      18673
 :arith-tableau-max-columns 681
 :arith-tableau-max-rows    406
 :binary-propagations       1889
 :conflicts                 1284
 :datatype-accessor-ax      129
 :datatype-constructor-ax   147
 :datatype-splits           10
 :decisions                 6992
 :del-clause                27485
 :final-checks              14
 :interface-eqs             14
 :max-generation            8
 :max-memory                26.11
 :memory                    25.61
 :minimized-lits            865
 :mk-bool-var               28003
 :mk-clause                 27485
 :mk-clause-binary          204
 :num-allocs                6184054
 :num-checks                6
 :propagations              32345
 :quant-instantiations      7325
 :restarts                  8
 :rlimit-count              1599090
 :time                      0.00)
(:version "4.16.0")
unsat
(:added-eqs                 24738
 :arith-assert-diseq        3160
 :arith-assert-lower        9981
 :arith-assert-upper        11037
 :arith-assume-eqs          14
 :arith-bound-prop          869
 :arith-conflicts           174
 :arith-eq-adapter          2888
 :arith-fixed-eqs           2593
 :arith-num-rows            406
 :arith-offset-eqs          1273
 :arith-pivots              3057
 :arith-row-summations      18917
 :arith-tableau-max-columns 681
 :arith-tableau-max-rows    406
 :binary-propagations       2220
 :conflicts                 1466
 :datatype-accessor-ax      134
 :datatype-constructor-ax   152
 :datatype-splits           10
 :decisions                 7219
 :del-clause                28580
 :final-checks              14
 :interface-eqs             14
 :max-generation            8
 :max-memory                26.11
 :memory                    25.61
 :minimized-lits            880
 :mk-bool-var               29089
 :mk-clause                 28664
 :mk-clause-binary          204
 :num-allocs                6184054
 :num-checks                7
 :propagations              33284
 :quant-instantiations      7624
 :restarts                  9
 :rlimit-count              1618509
 :time                      0.00)
(:added-eqs                 24738
 :arith-assert-diseq        3160
 :arith-assert-lower        9981
 :arith-assert-upper        11037
 :arith-assume-eqs          14
 :arith-bound-prop          869
 :arith-conflicts           174
 :arith-eq-adapter          2888
 :arith-fixed-eqs           2593
 :arith-num-rows            406
 :arith-offset-eqs          1273
 :arith-pivots              3076
 :arith-row-summations      18950
 :arith-tableau-max-columns 681
 :arith-tableau-max-rows    406
 :binary-propagations       2220
 :conflicts                 1466
 :datatype-accessor-ax      134
 :datatype-constructor-ax   152
 :datatype-splits           10
 :decisions                 7219
 :del-clause                28664
 :final-checks              14
 :interface-eqs             14
 :max-generation            8
 :max-memory                26.11
 :memory                    25.61
 :minimized-lits            880
 :mk-bool-var               29089
 :mk-clause                 28664
 :mk-clause-binary          204
 :num-allocs                6184054
 :num-checks                7
 :propagations              33284
 :quant-instantiations      7624
 :restarts                  9
 :rlimit-count              1619282
 :time                      0.00)
(:added-eqs                 24738
 :arith-assert-diseq        3160
 :arith-assert-lower        9981
 :arith-assert-upper        11037
 :arith-assume-eqs          14
 :arith-bound-prop          869
 :arith-conflicts           174
 :arith-eq-adapter          2888
 :arith-fixed-eqs           2593
 :arith-num-rows            406
 :arith-offset-eqs          1273
 :arith-pivots              3076
 :arith-row-summations      18950
 :arith-tableau-max-columns 681
 :arith-tableau-max-rows    406
 :binary-propagations       2220
 :conflicts                 1466
 :datatype-accessor-ax      134
 :datatype-constructor-ax   152
 :datatype-splits           10
 :decisions                 7219
 :del-clause                28664
 :final-checks              14
 :interface-eqs             14
 :max-generation            8
 :max-memory                26.11
 :memory                    25.61
 :minimized-lits            880
 :mk-bool-var               29089
 :mk-clause                 28664
 :mk-clause-binary          204
 :num-allocs                6184054
 :num-checks                7
 :propagations              33284
 :quant-instantiations      7624
 :restarts                  9
 :rlimit-count              1619936
 :time                      0.00)
(:version "4.16.0")
unsat
(:added-eqs                 27036
 :arith-assert-diseq        3269
 :arith-assert-lower        10595
 :arith-assert-upper        11623
 :arith-assume-eqs          14
 :arith-bound-prop          948
 :arith-conflicts           203
 :arith-eq-adapter          3172
 :arith-fixed-eqs           2823
 :arith-num-rows            406
 :arith-offset-eqs          1399
 :arith-pivots              3304
 :arith-row-summations      20115
 :arith-tableau-max-columns 681
 :arith-tableau-max-rows    406
 :binary-propagations       2528
 :conflicts                 1686
 :datatype-accessor-ax      157
 :datatype-constructor-ax   174
 :datatype-splits           10
 :decisions                 7615
 :del-clause                31908
 :final-checks              14
 :interface-eqs             14
 :max-generation            8
 :max-memory                26.11
 :memory                    25.81
 :minimized-lits            940
 :mk-bool-var               32700
 :mk-clause                 32248
 :mk-clause-binary          204
 :num-allocs                6526202
 :num-checks                8
 :propagations              35640
 :quant-instantiations      8581
 :restarts                  10
 :rlimit-count              1709677
 :time                      0.01)
(:added-eqs                 27036
 :arith-assert-diseq        3269
 :arith-assert-lower        10595
 :arith-assert-upper        11623
 :arith-assume-eqs          14
 :arith-bound-prop          948
 :arith-conflicts           203
 :arith-eq-adapter          3172
 :arith-fixed-eqs           2823
 :arith-num-rows            406
 :arith-offset-eqs          1399
 :arith-pivots              3369
 :arith-row-summations      20240
 :arith-tableau-max-columns 681
 :arith-tableau-max-rows    406
 :binary-propagations       2528
 :conflicts                 1686
 :datatype-accessor-ax      157
 :datatype-constructor-ax   174
 :datatype-splits           10
 :decisions                 7615
 :del-clause                32248
 :final-checks              14
 :interface-eqs             14
 :max-generation            8
 :max-memory                26.11
 :memory                    25.72
 :minimized-lits            940
 :mk-bool-var               32702
 :mk-clause                 32248
 :mk-clause-binary          204
 :num-allocs                6707214
 :num-checks                8
 :propagations              35640
 :quant-instantiations      8581
 :restarts                  10
 :rlimit-count              1714869
 :time                      0.01)
(:added-eqs                 27036
 :arith-assert-diseq        3269
 :arith-assert-lower        10595
 :arith-assert-upper        11623
 :arith-assume-eqs          14
 :arith-bound-prop          948
 :arith-conflicts           203
 :arith-eq-adapter          3172
 :arith-fixed-eqs           2823
 :arith-num-rows            406
 :arith-offset-eqs          1399
 :arith-pivots              3369
 :arith-row-summations      20240
 :arith-tableau-max-columns 681
 :arith-tableau-max-rows    406
 :binary-propagations       2528
 :conflicts                 1686
 :datatype-accessor-ax      157
 :datatype-constructor-ax   174
 :datatype-splits           10
 :decisions                 7615
 :del-clause                32248
 :final-checks              14
 :interface-eqs             14
 :max-generation            8
 :max-memory                26.11
 :memory                    25.72
 :minimized-lits            940
 :mk-bool-var               32702
 :mk-clause                 32248
 :mk-clause-binary          204
 :num-allocs                6707214
 :num-checks                8
 :propagations              35640
 :quant-instantiations      8581
 :restarts                  10
 :rlimit-count              1716089
 :time                      0.01)
(:version "4.16.0")
unknown
(:added-eqs                 32998
 :arith-assert-diseq        4270
 :arith-assert-lower        15865
 :arith-assert-upper        17941
 :arith-assume-eqs          22
 :arith-bound-prop          1583
 :arith-conflicts           302
 :arith-eq-adapter          4174
 :arith-fixed-eqs           3558
 :arith-num-rows            408
 :arith-offset-eqs          1844
 :arith-pivots              4675
 :arith-row-summations      35105
 :arith-tableau-max-columns 681
 :arith-tableau-max-rows    408
 :binary-propagations       2836
 :conflicts                 2034
 :datatype-accessor-ax      199
 :datatype-constructor-ax   208
 :datatype-splits           17
 :decisions                 11022
 :del-clause                39133
 :final-checks              25
 :interface-eqs             22
 :max-generation            8
 :max-memory                27.40
 :memory                    27.26
 :minimized-lits            1370
 :mk-bool-var               41264
 :mk-clause                 40719
 :mk-clause-binary          204
 :num-allocs                11055780
 :num-checks                9
 :propagations              48533
 :quant-instantiations      10764
 :restarts                  12
 :rlimit-count              2632477
 :time                      0.03)
(:added-eqs                 32998
 :arith-assert-diseq        4270
 :arith-assert-lower        15865
 :arith-assert-upper        17941
 :arith-assume-eqs          22
 :arith-bound-prop          1583
 :arith-conflicts           302
 :arith-eq-adapter          4175
 :arith-fixed-eqs           3558
 :arith-num-rows            408
 :arith-offset-eqs          1844
 :arith-pivots              4905
 :arith-row-summations      36100
 :arith-tableau-max-columns 681
 :arith-tableau-max-rows    408
 :binary-propagations       2836
 :conflicts                 2034
 :datatype-accessor-ax      200
 :datatype-constructor-ax   208
 :datatype-splits           17
 :decisions                 11022
 :del-clause                40740
 :final-checks              25
 :interface-eqs             22
 :max-generation            8
 :max-memory                27.40
 :memory                    26.79
 :minimized-lits            1370
 :mk-bool-var               41333
 :mk-clause                 40740
 :mk-clause-binary          204
 :num-allocs                12237757
 :num-checks                9
 :propagations              48533
 :quant-instantiations      10764
 :restarts                  12
 :rlimit-count              2688832
 :time                      0.03)
(:added-eqs                 32998
 :arith-assert-diseq        4270
 :arith-assert-lower        15865
 :arith-assert-upper        17941
 :arith-assume-eqs          22
 :arith-bound-prop          1583
 :arith-conflicts           302
 :arith-eq-adapter          4175
 :arith-fixed-eqs           3558
 :arith-num-rows            408
 :arith-offset-eqs          1844
 :arith-pivots              4905
 :arith-row-summations      36100
 :arith-tableau-max-columns 681
 :arith-tableau-max-rows    408
 :binary-propagations       2836
 :conflicts                 2034
 :datatype-accessor-ax      200
 :datatype-constructor-ax   208
 :datatype-splits           17
 :decisions                 11022
 :del-clause                40740
 :final-checks              25
 :interface-eqs             22
 :max-generation            8
 :max-memory                27.40
 :memory                    26.79
 :minimized-lits            1370
 :mk-bool-var               41333
 :mk-clause                 40740
 :mk-clause-binary          204
 :num-allocs                12237757
 :num-checks                9
 :propagations              48533
 :quant-instantiations      10764
 :restarts                  12
 :rlimit-count              2688980
 :time                      0.03)
(:version "4.16.0")
unsat
(:added-eqs                 33581
 :arith-assert-diseq        4270
 :arith-assert-lower        16005
 :arith-assert-upper        18074
 :arith-assume-eqs          22
 :arith-bound-prop          1588
 :arith-conflicts           303
 :arith-eq-adapter          4305
 :arith-fixed-eqs           3563
 :arith-num-rows            408
 :arith-offset-eqs          1847
 :arith-pivots              4918
 :arith-row-summations      36135
 :arith-tableau-max-columns 681
 :arith-tableau-max-rows    408
 :binary-propagations       3024
 :conflicts                 2192
 :datatype-accessor-ax      206
 :datatype-constructor-ax   212
 :datatype-splits           17
 :decisions                 11346
 :del-clause                41389
 :final-checks              25
 :interface-eqs             22
 :max-generation            8
 :max-memory                27.40
 :memory                    26.79
 :minimized-lits            1370
 :mk-bool-var               42327
 :mk-clause                 41518
 :mk-clause-binary          204
 :num-allocs                12237757
 :num-checks                10
 :propagations              49008
 :quant-instantiations      11000
 :restarts                  13
 :rlimit-count              2701767
 :time                      0.00)
