(:added-eqs            249
 :binary-propagations  45
 :datatype-accessor-ax 2
 :max-generation       1
 :max-memory           20.28
 :memory               20.28
 :mk-bool-var          1415
 :mk-clause-binary     204
 :num-allocs           708132
 :propagations         45
 :quant-instantiations 1
 :rlimit-count         221641)
(:added-eqs            249
 :binary-propagations  45
 :datatype-accessor-ax 2
 :max-generation       1
 :max-memory           20.28
 :memory               20.28
 :mk-bool-var          1415
 :mk-clause-binary     204
 :num-allocs           708132
 :propagations         45
 :quant-instantiations 1
 :rlimit-count         221879)
(:version "4.16.0")
unsat
(:added-eqs            403
 :binary-propagations  352
 :conflicts            174
 :datatype-accessor-ax 2
 :decisions            185
 :del-clause           846
 :max-generation       4
 :max-memory           21.02
 :memory               21.02
 :minimized-lits       4
 :mk-bool-var          2218
 :mk-clause            954
 :mk-clause-binary     204
 :num-allocs           969145
 :num-checks           1
 :propagations         821
 :quant-instantiations 263
 :restarts             1
 :rlimit-count         234613
 :time                 0.00)
(:added-eqs            403
 :binary-propagations  352
 :conflicts            174
 :datatype-accessor-ax 2
 :decisions            185
 :del-clause           954
 :max-generation       4
 :max-memory           21.02
 :memory               21.02
 :minimized-lits       4
 :mk-bool-var          2219
 :mk-clause            954
 :mk-clause-binary     204
 :num-allocs           969145
 :num-checks           1
 :propagations         821
 :quant-instantiations 263
 :restarts             1
 :rlimit-count         234876
 :time                 0.00)
(:added-eqs            403
 :binary-propagations  352
 :conflicts            174
 :datatype-accessor-ax 2
 :decisions            185
 :del-clause           954
 :max-generation       4
 :max-memory           21.02
 :memory               21.02
 :minimized-lits       4
 :mk-bool-var          2219
 :mk-clause            954
 :mk-clause-binary     204
 :num-allocs           969145
 :num-checks           1
 :propagations         821
 :quant-instantiations 263
 :restarts             1
 :rlimit-count         235203
 :time                 0.00)
(:version "4.16.0")
unsat
(:added-eqs                 946
 :arith-assert-diseq        95
 :arith-assert-lower        299
 :arith-assert-upper        197
 :arith-assume-eqs          1
 :arith-bound-prop          47
 :arith-conflicts           23
 :arith-eq-adapter          144
 :arith-fixed-eqs           85
 :arith-num-rows            68
 :arith-offset-eqs          22
 :arith-pivots              164
 :arith-row-summations      659
 :arith-tableau-max-columns 131
 :arith-tableau-max-rows    68
 :binary-propagations       660
 :conflicts                 370
 :datatype-accessor-ax      2
 :decisions                 446
 :del-clause                2259
 :final-checks              1
 :interface-eqs             1
 :max-generation            4
 :max-memory                21.41
 :memory                    21.41
 :minimized-lits            37
 :mk-bool-var               3572
 :mk-clause                 2383
 :mk-clause-binary          204
 :num-allocs                1140503
 :num-checks                2
 :propagations              1968
 :quant-instantiations      619
 :restarts                  2
 :rlimit-count              272277
 :time                      0.00)
(:added-eqs                 946
 :arith-assert-diseq        95
 :arith-assert-lower        299
 :arith-assert-upper        197
 :arith-assume-eqs          1
 :arith-bound-prop          47
 :arith-conflicts           23
 :arith-eq-adapter          144
 :arith-fixed-eqs           85
 :arith-num-rows            68
 :arith-offset-eqs          22
 :arith-pivots              201
 :arith-row-summations      738
 :arith-tableau-max-columns 131
 :arith-tableau-max-rows    68
 :binary-propagations       660
 :conflicts                 370
 :datatype-accessor-ax      2
 :decisions                 446
 :del-clause                2383
 :final-checks              1
 :interface-eqs             1
 :max-generation            4
 :max-memory                21.41
 :memory                    21.41
 :minimized-lits            37
 :mk-bool-var               3572
 :mk-clause                 2383
 :mk-clause-binary          204
 :num-allocs                1140503
 :num-checks                2
 :propagations              1968
 :quant-instantiations      619
 :restarts                  2
 :rlimit-count              274375
 :time                      0.00)
(:added-eqs                 946
 :arith-assert-diseq        95
 :arith-assert-lower        299
 :arith-assert-upper        197
 :arith-assume-eqs          1
 :arith-bound-prop          47
 :arith-conflicts           23
 :arith-eq-adapter          144
 :arith-fixed-eqs           85
 :arith-num-rows            68
 :arith-offset-eqs          22
 :arith-pivots              201
 :arith-row-summations      738
 :arith-tableau-max-columns 131
 :arith-tableau-max-rows    68
 :binary-propagations       660
 :conflicts                 370
 :datatype-accessor-ax      2
 :decisions                 446
 :del-clause                2383
 :final-checks              1
 :interface-eqs             1
 :max-generation            4
 :max-memory                21.41
 :memory                    21.41
 :minimized-lits            37
 :mk-bool-var               3572
 :mk-clause                 2383
 :mk-clause-binary          204
 :num-allocs                1140503
 :num-checks                2
 :propagations              1968
 :quant-instantiations      619
 :restarts                  2
 :rlimit-count              274763
 :time                      0.00)
(:version "4.16.0")
unsat
(:added-eqs                 1338
 :arith-assert-diseq        119
 :arith-assert-lower        428
 :arith-assert-upper        285
 :arith-assume-eqs          2
 :arith-bound-prop          81
 :arith-conflicts           30
 :arith-eq-adapter          231
 :arith-fixed-eqs           129
 :arith-num-rows            68
 :arith-offset-eqs          34
 :arith-pivots              298
 :arith-row-summations      1023
 :arith-tableau-max-columns 131
 :arith-tableau-max-rows    68
 :binary-propagations       967
 :conflicts                 545
 :datatype-accessor-ax      2
 :decisions                 641
 :del-clause                3352
 :final-checks              2
 :interface-eqs             2
 :max-generation            4
 :max-memory                21.51
 :memory                    21.51
 :minimized-lits            56
 :mk-bool-var               4773
 :mk-clause                 3552
 :mk-clause-binary          204
 :num-allocs                1190644
 :num-checks                3
 :propagations              2804
 :quant-instantiations      909
 :restarts                  3
 :rlimit-count              296330
 :time                      0.00)
(:added-eqs                 1338
 :arith-assert-diseq        119
 :arith-assert-lower        428
 :arith-assert-upper        285
 :arith-assume-eqs          2
 :arith-bound-prop          81
 :arith-conflicts           30
 :arith-eq-adapter          231
 :arith-fixed-eqs           129
 :arith-num-rows            68
 :arith-offset-eqs          34
 :arith-pivots              305
 :arith-row-summations      1031
 :arith-tableau-max-columns 131
 :arith-tableau-max-rows    68
 :binary-propagations       967
 :conflicts                 545
 :datatype-accessor-ax      2
 :decisions                 641
 :del-clause                3552
 :final-checks              2
 :interface-eqs             2
 :max-generation            4
 :max-memory                21.51
 :memory                    21.51
 :minimized-lits            56
 :mk-bool-var               4775
 :mk-clause                 3552
 :mk-clause-binary          204
 :num-allocs                1190644
 :num-checks                3
 :propagations              2804
 :quant-instantiations      909
 :restarts                  3
 :rlimit-count              299614
 :time                      0.00)
(:added-eqs                 1338
 :arith-assert-diseq        119
 :arith-assert-lower        428
 :arith-assert-upper        285
 :arith-assume-eqs          2
 :arith-bound-prop          81
 :arith-conflicts           30
 :arith-eq-adapter          231
 :arith-fixed-eqs           129
 :arith-num-rows            68
 :arith-offset-eqs          34
 :arith-pivots              305
 :arith-row-summations      1031
 :arith-tableau-max-columns 131
 :arith-tableau-max-rows    68
 :binary-propagations       967
 :conflicts                 545
 :datatype-accessor-ax      2
 :decisions                 641
 :del-clause                3552
 :final-checks              2
 :interface-eqs             2
 :max-generation            4
 :max-memory                21.61
 :memory                    21.61
 :minimized-lits            56
 :mk-bool-var               4775
 :mk-clause                 3552
 :mk-clause-binary          204
 :num-allocs                1243389
 :num-checks                3
 :propagations              2804
 :quant-instantiations      909
 :restarts                  3
 :rlimit-count              301784
 :time                      0.00)
(:version "4.16.0")
unsat
(:added-eqs                 23663
 :arith-assert-diseq        3149
 :arith-assert-lower        9388
 :arith-assert-upper        10842
 :arith-assume-eqs          14
 :arith-bound-prop          830
 :arith-conflicts           140
 :arith-eq-adapter          2468
 :arith-fixed-eqs           2481
 :arith-num-rows            408
 :arith-offset-eqs          1234
 :arith-pivots              2544
 :arith-row-summations      19727
 :arith-tableau-max-columns 687
 :arith-tableau-max-rows    408
 :binary-propagations       1275
 :conflicts                 927
 :datatype-accessor-ax      132
 :datatype-constructor-ax   152
 :datatype-splits           8
 :decisions                 6405
 :del-clause                21767
 :final-checks              14
 :interface-eqs             14
 :max-generation            8
 :max-memory                26.10
 :memory                    26.10
 :minimized-lits            718
 :mk-bool-var               24535
 :mk-clause                 24227
 :mk-clause-binary          204
 :num-allocs                5105097
 :num-checks                4
 :propagations              30711
 :quant-instantiations      6575
 :restarts                  6
 :rlimit-count              1622080
 :time                      0.07)
(:added-eqs                 23663
 :arith-assert-diseq        3149
 :arith-assert-lower        9388
 :arith-assert-upper        10842
 :arith-assume-eqs          14
 :arith-bound-prop          830
 :arith-conflicts           140
 :arith-eq-adapter          2468
 :arith-fixed-eqs           2481
 :arith-num-rows            408
 :arith-offset-eqs          1234
 :arith-pivots              2759
 :arith-row-summations      20239
 :arith-tableau-max-columns 687
 :arith-tableau-max-rows    408
 :binary-propagations       1275
 :conflicts                 927
 :datatype-accessor-ax      132
 :datatype-constructor-ax   152
 :datatype-splits           8
 :decisions                 6405
 :del-clause                24227
 :final-checks              14
 :interface-eqs             14
 :max-generation            8
 :max-memory                26.10
 :memory                    25.72
 :minimized-lits            718
 :mk-bool-var               24536
 :mk-clause                 24227
 :mk-clause-binary          204
 :num-allocs                5686905
 :num-checks                4
 :propagations              30711
 :quant-instantiations      6575
 :restarts                  6
 :rlimit-count              1641036
 :time                      0.07)
(:added-eqs                 23663
 :arith-assert-diseq        3149
 :arith-assert-lower        9388
 :arith-assert-upper        10842
 :arith-assume-eqs          14
 :arith-bound-prop          830
 :arith-conflicts           140
 :arith-eq-adapter          2468
 :arith-fixed-eqs           2481
 :arith-num-rows            408
 :arith-offset-eqs          1234
 :arith-pivots              2759
 :arith-row-summations      20239
 :arith-tableau-max-columns 687
 :arith-tableau-max-rows    408
 :binary-propagations       1275
 :conflicts                 927
 :datatype-accessor-ax      132
 :datatype-constructor-ax   152
 :datatype-splits           8
 :decisions                 6405
 :del-clause                24227
 :final-checks              14
 :interface-eqs             14
 :max-generation            8
 :max-memory                26.10
 :memory                    25.72
 :minimized-lits            718
 :mk-bool-var               24536
 :mk-clause                 24227
 :mk-clause-binary          204
 :num-allocs                5686905
 :num-checks                4
 :propagations              30711
 :quant-instantiations      6575
 :restarts                  6
 :rlimit-count              1641157
 :time                      0.07)
(:version "4.16.0")
unsat
(:added-eqs                 24244
 :arith-assert-diseq        3196
 :arith-assert-lower        9672
 :arith-assert-upper        11021
 :arith-assume-eqs          14
 :arith-bound-prop          863
 :arith-conflicts           152
 :arith-eq-adapter          2573
 :arith-fixed-eqs           2538
 :arith-num-rows            408
 :arith-offset-eqs          1265
 :arith-pivots              2884
 :arith-row-summations      20591
 :arith-tableau-max-columns 687
 :arith-tableau-max-rows    408
 :binary-propagations       1582
 :conflicts                 1111
 :datatype-accessor-ax      132
 :datatype-constructor-ax   152
 :datatype-splits           8
 :decisions                 6696
 :del-clause                25571
 :final-checks              14
 :interface-eqs             14
 :max-generation            8
 :max-memory                26.10
 :memory                    25.72
 :minimized-lits            791
 :mk-bool-var               26335
 :mk-clause                 26003
 :mk-clause-binary          204
 :num-allocs                5686905
 :num-checks                5
 :propagations              32022
 :quant-instantiations      7030
 :restarts                  7
 :rlimit-count              1671549
 :time                      0.00)
(:added-eqs                 24244
 :arith-assert-diseq        3196
 :arith-assert-lower        9672
 :arith-assert-upper        11021
 :arith-assume-eqs          14
 :arith-bound-prop          863
 :arith-conflicts           152
 :arith-eq-adapter          2573
 :arith-fixed-eqs           2538
 :arith-num-rows            408
 :arith-offset-eqs          1265
 :arith-pivots              2885
 :arith-row-summations      20591
 :arith-tableau-max-columns 687
 :arith-tableau-max-rows    408
 :binary-propagations       1582
 :conflicts                 1111
 :datatype-accessor-ax      132
 :datatype-constructor-ax   152
 :datatype-splits           8
 :decisions                 6696
 :del-clause                26003
 :final-checks              14
 :interface-eqs             14
 :max-generation            8
 :max-memory                26.10
 :memory                    25.72
 :minimized-lits            791
 :mk-bool-var               26337
 :mk-clause                 26003
 :mk-clause-binary          204
 :num-allocs                5686905
 :num-checks                5
 :propagations              32022
 :quant-instantiations      7030
 :restarts                  7
 :rlimit-count              1672791
 :time                      0.00)
(:added-eqs                 24244
 :arith-assert-diseq        3196
 :arith-assert-lower        9672
 :arith-assert-upper        11021
 :arith-assume-eqs          14
 :arith-bound-prop          863
 :arith-conflicts           152
 :arith-eq-adapter          2573
 :arith-fixed-eqs           2538
 :arith-num-rows            408
 :arith-offset-eqs          1265
 :arith-pivots              2885
 :arith-row-summations      20591
 :arith-tableau-max-columns 687
 :arith-tableau-max-rows    408
 :binary-propagations       1582
 :conflicts                 1111
 :datatype-accessor-ax      132
 :datatype-constructor-ax   152
 :datatype-splits           8
 :decisions                 6696
 :del-clause                26003
 :final-checks              14
 :interface-eqs             14
 :max-generation            8
 :max-memory                26.10
 :memory                    25.72
 :minimized-lits            791
 :mk-bool-var               26337
 :mk-clause                 26003
 :mk-clause-binary          204
 :num-allocs                5686905
 :num-checks                5
 :propagations              32022
 :quant-instantiations      7030
 :restarts                  7
 :rlimit-count              1672937
 :time                      0.00)
(:version "4.16.0")
unsat
(:added-eqs                 24629
 :arith-assert-diseq        3240
 :arith-assert-lower        9847
 :arith-assert-upper        11131
 :arith-assume-eqs          14
 :arith-bound-prop          899
 :arith-conflicts           164
 :arith-eq-adapter          2651
 :arith-fixed-eqs           2593
 :arith-num-rows            408
 :arith-offset-eqs          1289
 :arith-pivots              2981
 :arith-row-summations      20997
 :arith-tableau-max-columns 687
 :arith-tableau-max-rows    408
 :binary-propagations       1889
 :conflicts                 1292
 :datatype-accessor-ax      132
 :datatype-constructor-ax   152
 :datatype-splits           8
 :decisions                 6925
 :del-clause                27333
 :final-checks              14
 :interface-eqs             14
 :max-generation            8
 :max-memory                26.10
 :memory                    25.72
 :minimized-lits            868
 :mk-bool-var               27830
 :mk-clause                 27534
 :mk-clause-binary          204
 :num-allocs                5686905
 :num-checks                6
 :propagations              33101
 :quant-instantiations      7397
 :restarts                  8
 :rlimit-count              1699558
 :time                      0.00)
(:added-eqs                 24629
 :arith-assert-diseq        3240
 :arith-assert-lower        9847
 :arith-assert-upper        11131
 :arith-assume-eqs          14
 :arith-bound-prop          899
 :arith-conflicts           164
 :arith-eq-adapter          2651
 :arith-fixed-eqs           2593
 :arith-num-rows            408
 :arith-offset-eqs          1289
 :arith-pivots              2983
 :arith-row-summations      20997
 :arith-tableau-max-columns 687
 :arith-tableau-max-rows    408
 :binary-propagations       1889
 :conflicts                 1292
 :datatype-accessor-ax      132
 :datatype-constructor-ax   152
 :datatype-splits           8
 :decisions                 6925
 :del-clause                27534
 :final-checks              14
 :interface-eqs             14
 :max-generation            8
 :max-memory                26.10
 :memory                    25.72
 :minimized-lits            868
 :mk-bool-var               27832
 :mk-clause                 27534
 :mk-clause-binary          204
 :num-allocs                5686905
 :num-checks                6
 :propagations              33101
 :quant-instantiations      7397
 :restarts                  8
 :rlimit-count              1702719
 :time                      0.00)
(:added-eqs                 24629
 :arith-assert-diseq        3240
 :arith-assert-lower        9847
 :arith-assert-upper        11131
 :arith-assume-eqs          14
 :arith-bound-prop          899
 :arith-conflicts           164
 :arith-eq-adapter          2651
 :arith-fixed-eqs           2593
 :arith-num-rows            408
 :arith-offset-eqs          1289
 :arith-pivots              2983
 :arith-row-summations      20997
 :arith-tableau-max-columns 687
 :arith-tableau-max-rows    408
 :binary-propagations       1889
 :conflicts                 1292
 :datatype-accessor-ax      132
 :datatype-constructor-ax   152
 :datatype-splits           8
 :decisions                 6925
 :del-clause                27534
 :final-checks              14
 :interface-eqs             14
 :max-generation            8
 :max-memory                26.10
 :memory                    25.72
 :minimized-lits            868
 :mk-bool-var               27832
 :mk-clause                 27534
 :mk-clause-binary          204
 :num-allocs                5686905
 :num-checks                6
 :propagations              33101
 :quant-instantiations      7397
 :restarts                  8
 :rlimit-count              1703018
 :time                      0.00)
(:version "4.16.0")
unsat
(:added-eqs                 24989
 :arith-assert-diseq        3259
 :arith-assert-lower        9961
 :arith-assert-upper        11211
 :arith-assume-eqs          14
 :arith-bound-prop          921
 :arith-conflicts           177
 :arith-eq-adapter          2707
 :arith-fixed-eqs           2629
 :arith-num-rows            408
 :arith-offset-eqs          1298
 :arith-pivots              3050
 :arith-row-summations      21241
 :arith-tableau-max-columns 687
 :arith-tableau-max-rows    408
 :binary-propagations       2220
 :conflicts                 1474
 :datatype-accessor-ax      137
 :datatype-constructor-ax   157
 :datatype-splits           8
 :decisions                 7152
 :del-clause                28631
 :final-checks              14
 :interface-eqs             14
 :max-generation            8
 :max-memory                26.10
 :memory                    25.72
 :minimized-lits            883
 :mk-bool-var               28921
 :mk-clause                 28715
 :mk-clause-binary          204
 :num-allocs                5686905
 :num-checks                7
 :propagations              34036
 :quant-instantiations      7696
 :restarts                  9
 :rlimit-count              1722431
 :time                      0.00)
(:added-eqs                 24989
 :arith-assert-diseq        3259
 :arith-assert-lower        9961
 :arith-assert-upper        11211
 :arith-assume-eqs          14
 :arith-bound-prop          921
 :arith-conflicts           177
 :arith-eq-adapter          2707
 :arith-fixed-eqs           2629
 :arith-num-rows            408
 :arith-offset-eqs          1298
 :arith-pivots              3069
 :arith-row-summations      21274
 :arith-tableau-max-columns 687
 :arith-tableau-max-rows    408
 :binary-propagations       2220
 :conflicts                 1474
 :datatype-accessor-ax      137
 :datatype-constructor-ax   157
 :datatype-splits           8
 :decisions                 7152
 :del-clause                28715
 :final-checks              14
 :interface-eqs             14
 :max-generation            8
 :max-memory                26.10
 :memory                    25.72
 :minimized-lits            883
 :mk-bool-var               28921
 :mk-clause                 28715
 :mk-clause-binary          204
 :num-allocs                5686905
 :num-checks                7
 :propagations              34036
 :quant-instantiations      7696
 :restarts                  9
 :rlimit-count              1723204
 :time                      0.00)
(:added-eqs                 24989
 :arith-assert-diseq        3259
 :arith-assert-lower        9961
 :arith-assert-upper        11211
 :arith-assume-eqs          14
 :arith-bound-prop          921
 :arith-conflicts           177
 :arith-eq-adapter          2707
 :arith-fixed-eqs           2629
 :arith-num-rows            408
 :arith-offset-eqs          1298
 :arith-pivots              3069
 :arith-row-summations      21274
 :arith-tableau-max-columns 687
 :arith-tableau-max-rows    408
 :binary-propagations       2220
 :conflicts                 1474
 :datatype-accessor-ax      137
 :datatype-constructor-ax   157
 :datatype-splits           8
 :decisions                 7152
 :del-clause                28715
 :final-checks              14
 :interface-eqs             14
 :max-generation            8
 :max-memory                26.10
 :memory                    25.72
 :minimized-lits            883
 :mk-bool-var               28921
 :mk-clause                 28715
 :mk-clause-binary          204
 :num-allocs                5686905
 :num-checks                7
 :propagations              34036
 :quant-instantiations      7696
 :restarts                  9
 :rlimit-count              1723858
 :time                      0.00)
(:version "4.16.0")
unsat
(:added-eqs                 27353
 :arith-assert-diseq        3363
 :arith-assert-lower        10570
 :arith-assert-upper        11792
 :arith-assume-eqs          14
 :arith-bound-prop          1005
 :arith-conflicts           204
 :arith-eq-adapter          2990
 :arith-fixed-eqs           2862
 :arith-num-rows            408
 :arith-offset-eqs          1499
 :arith-pivots              3301
 :arith-row-summations      22568
 :arith-tableau-max-columns 687
 :arith-tableau-max-rows    408
 :binary-propagations       2528
 :conflicts                 1692
 :datatype-accessor-ax      160
 :datatype-constructor-ax   179
 :datatype-splits           8
 :decisions                 7541
 :del-clause                31959
 :final-checks              14
 :interface-eqs             14
 :max-generation            8
 :max-memory                26.10
 :memory                    25.81
 :minimized-lits            943
 :mk-bool-var               32525
 :mk-clause                 32304
 :mk-clause-binary          204
 :num-allocs                5860381
 :num-checks                8
 :propagations              36375
 :quant-instantiations      8651
 :restarts                  10
 :rlimit-count              1815732
 :time                      0.01)
(:added-eqs                 27353
 :arith-assert-diseq        3363
 :arith-assert-lower        10570
 :arith-assert-upper        11792
 :arith-assume-eqs          14
 :arith-bound-prop          1005
 :arith-conflicts           204
 :arith-eq-adapter          2990
 :arith-fixed-eqs           2862
 :arith-num-rows            408
 :arith-offset-eqs          1499
 :arith-pivots              3367
 :arith-row-summations      22691
 :arith-tableau-max-columns 687
 :arith-tableau-max-rows    408
 :binary-propagations       2528
 :conflicts                 1692
 :datatype-accessor-ax      160
 :datatype-constructor-ax   179
 :datatype-splits           8
 :decisions                 7541
 :del-clause                32304
 :final-checks              14
 :interface-eqs             14
 :max-generation            8
 :max-memory                26.10
 :memory                    25.72
 :minimized-lits            943
 :mk-bool-var               32527
 :mk-clause                 32304
 :mk-clause-binary          204
 :num-allocs                6041361
 :num-checks                8
 :propagations              36375
 :quant-instantiations      8651
 :restarts                  10
 :rlimit-count              1820662
 :time                      0.01)
(:added-eqs                 27353
 :arith-assert-diseq        3363
 :arith-assert-lower        10570
 :arith-assert-upper        11792
 :arith-assume-eqs          14
 :arith-bound-prop          1005
 :arith-conflicts           204
 :arith-eq-adapter          2990
 :arith-fixed-eqs           2862
 :arith-num-rows            408
 :arith-offset-eqs          1499
 :arith-pivots              3367
 :arith-row-summations      22691
 :arith-tableau-max-columns 687
 :arith-tableau-max-rows    408
 :binary-propagations       2528
 :conflicts                 1692
 :datatype-accessor-ax      160
 :datatype-constructor-ax   179
 :datatype-splits           8
 :decisions                 7541
 :del-clause                32304
 :final-checks              14
 :interface-eqs             14
 :max-generation            8
 :max-memory                26.10
 :memory                    25.72
 :minimized-lits            943
 :mk-bool-var               32527
 :mk-clause                 32304
 :mk-clause-binary          204
 :num-allocs                6041361
 :num-checks                8
 :propagations              36375
 :quant-instantiations      8651
 :restarts                  10
 :rlimit-count              1821882
 :time                      0.01)
(:version "4.16.0")
unsat
(:added-eqs                 32871
 :arith-assert-diseq        4269
 :arith-assert-lower        15135
 :arith-assert-upper        16264
 :arith-assume-eqs          17
 :arith-bound-prop          1541
 :arith-conflicts           281
 :arith-eq-adapter          4002
 :arith-fixed-eqs           3554
 :arith-num-rows            408
 :arith-offset-eqs          1837
 :arith-pivots              4472
 :arith-row-summations      33269
 :arith-tableau-max-columns 687
 :arith-tableau-max-rows    408
 :binary-propagations       2836
 :conflicts                 2008
 :datatype-accessor-ax      210
 :datatype-constructor-ax   213
 :datatype-splits           9
 :decisions                 10384
 :del-clause                37830
 :final-checks              18
 :interface-eqs             17
 :max-generation            8
 :max-memory                26.86
 :memory                    26.74
 :minimized-lits            1301
 :mk-bool-var               41336
 :mk-clause                 40285
 :mk-clause-binary          204
 :num-allocs                8693740
 :num-checks                9
 :propagations              46752
 :quant-instantiations      10915
 :restarts                  12
 :rlimit-count              2434251
 :time                      0.03)
(:added-eqs                 32871
 :arith-assert-diseq        4269
 :arith-assert-lower        15135
 :arith-assert-upper        16264
 :arith-assume-eqs          17
 :arith-bound-prop          1541
 :arith-conflicts           281
 :arith-eq-adapter          4002
 :arith-fixed-eqs           3554
 :arith-num-rows            408
 :arith-offset-eqs          1837
 :arith-pivots              4656
 :arith-row-summations      33916
 :arith-tableau-max-columns 687
 :arith-tableau-max-rows    408
 :binary-propagations       2836
 :conflicts                 2008
 :datatype-accessor-ax      210
 :datatype-constructor-ax   213
 :datatype-splits           9
 :decisions                 10384
 :del-clause                40285
 :final-checks              18
 :interface-eqs             17
 :max-generation            8
 :max-memory                26.86
 :memory                    26.36
 :minimized-lits            1301
 :mk-bool-var               41336
 :mk-clause                 40285
 :mk-clause-binary          204
 :num-allocs                9592966
 :num-checks                9
 :propagations              46752
 :quant-instantiations      10915
 :restarts                  12
 :rlimit-count              2463302
 :time                      0.03)
(:added-eqs                 32871
 :arith-assert-diseq        4269
 :arith-assert-lower        15135
 :arith-assert-upper        16264
 :arith-assume-eqs          17
 :arith-bound-prop          1541
 :arith-conflicts           281
 :arith-eq-adapter          4002
 :arith-fixed-eqs           3554
 :arith-num-rows            408
 :arith-offset-eqs          1837
 :arith-pivots              4656
 :arith-row-summations      33916
 :arith-tableau-max-columns 687
 :arith-tableau-max-rows    408
 :binary-propagations       2836
 :conflicts                 2008
 :datatype-accessor-ax      210
 :datatype-constructor-ax   213
 :datatype-splits           9
 :decisions                 10384
 :del-clause                40285
 :final-checks              18
 :interface-eqs             17
 :max-generation            8
 :max-memory                26.86
 :memory                    26.36
 :minimized-lits            1301
 :mk-bool-var               41336
 :mk-clause                 40285
 :mk-clause-binary          204
 :num-allocs                9592966
 :num-checks                9
 :propagations              46752
 :quant-instantiations      10915
 :restarts                  12
 :rlimit-count              2463450
 :time                      0.03)
(:version "4.16.0")
unsat
(:added-eqs                 32992
 :arith-assert-diseq        4271
 :arith-assert-lower        15159
 :arith-assert-upper        16280
 :arith-assume-eqs          17
 :arith-bound-prop          1547
 :arith-conflicts           282
 :arith-eq-adapter          4015
 :arith-fixed-eqs           3561
 :arith-num-rows            408
 :arith-offset-eqs          1837
 :arith-pivots              4667
 :arith-row-summations      33948
 :arith-tableau-max-columns 687
 :arith-tableau-max-rows    408
 :binary-propagations       3143
 :conflicts                 2169
 :datatype-accessor-ax      216
 :datatype-constructor-ax   217
 :datatype-splits           9
 :decisions                 10553
 :del-clause                41019
 :final-checks              18
 :interface-eqs             17
 :max-generation            8
 :max-memory                26.86
 :memory                    26.36
 :minimized-lits            1301
 :mk-bool-var               42025
 :mk-clause                 41087
 :mk-clause-binary          204
 :num-allocs                9592966
 :num-checks                10
 :propagations              47441
 :quant-instantiations      11124
 :restarts                  13
 :rlimit-count              2473593
 :time                      0.00)
