$ /home/milnes/projects/veracity/target/release/veracity-review-proof-holes src/Chap49/
Full output: src/Chap49/analyses/veracity-review-verus-proof-holes.log

Table of Contents:
  1. File Holes
  2. Depends Upon
     2.1. By Module
     2.2. By File
  3. Summary of Holes
  4. Proof Targets
     4.1. Worst src/* Directories (all dirs, by holes)
     4.2. Next Target Files (clean deps only, by holes)
     4.3. Next Target Directories
     4.4. Not Verusified
     4.5. Not Verusified (clean deps only)
     4.6. Chapter by Chapter Proof Targeting
  5. Started/Ended/Duration

=================================================================
1. File Holes
=================================================================

✓ MinEditDistMtEph.rs
✓ MinEditDistMtPer.rs
✓ MinEditDistStEph.rs
✓ MinEditDistStPer.rs
⚠ SubsetSumMtEph.rs
/home/milnes/projects/APAS-VERUS/src/Chap49/SubsetSumMtEph.rs:337: error: dummy_rwlock_predicate - RwLockPredicate inv returning true is grossly underspecified.
       322 |         fn memo_size(&self) -> (count: usize) {
            ...
       335 |         // (`Set` is finite by type); a real invariant needs the multiset length as a
       336 |         // ghost field of this predicate (docs/HashMigration.md, Needs discussion).
       338 |             true
       339 |         }
/home/milnes/projects/APAS-VERUS/src/Chap49/SubsetSumMtEph.rs:149: info: fn_missing_requires
   Info: 1 total
⚠ SubsetSumMtPer.rs
/home/milnes/projects/APAS-VERUS/src/Chap49/SubsetSumMtPer.rs:305: error: dummy_rwlock_predicate - RwLockPredicate inv returning true is grossly underspecified.
       290 |         fn memo_size(&self) -> (count: usize) {
            ...
       303 |         // (`Set` is finite by type); a real invariant needs the multiset length as a
       304 |         // ghost field of this predicate (docs/HashMigration.md, Needs discussion).
       306 |             true
       307 |         }
/home/milnes/projects/APAS-VERUS/src/Chap49/SubsetSumMtPer.rs:132: info: fn_missing_requires
   Info: 1 total
✓ SubsetSumStEph.rs
✓ SubsetSumStPer.rs

=================================================================
2. Depends Upon
=================================================================

=================================================================
2.1. By Module
=================================================================

MinEditDistMtEph  depends upon only clean modules
MinEditDistMtPer  depends upon only clean modules
MinEditDistStEph  depends upon only clean modules
MinEditDistStPer  depends upon only clean modules
SubsetSumMtEph  depends upon only clean modules
SubsetSumMtPer  depends upon only clean modules
SubsetSumStEph  depends upon only clean modules
SubsetSumStPer  depends upon only clean modules

=================================================================
2.2. By File
=================================================================

MinEditDistMtEph.rs  depends upon only clean modules
MinEditDistMtPer.rs  depends upon only clean modules
MinEditDistStEph.rs  depends upon only clean modules
MinEditDistStPer.rs  depends upon only clean modules
SubsetSumMtEph.rs  depends upon only clean modules
SubsetSumMtPer.rs  depends upon only clean modules
SubsetSumStEph.rs  depends upon only clean modules
SubsetSumStPer.rs  depends upon only clean modules

=================================================================
3. Summary of Holes
=================================================================

Modules:
   6 clean (no holes, no errors; 75%)
   2 holed (holes or errors, 25%)
   8 total

Proof Functions:
   0 clean (0%)
   0 holed (0%)
   0 total

Function Specs:
   130 exec fns with complete spec (requires+ensures) (72%)
   2 exec fns missing spec (1%)
   48 proof/spec fns clean (26%)
   0 proof/spec fns with holes (0%)
   180 total fns


Holes Found: 0 (actionable)
Real Proof Targets: 0 (all actionable)

Accepted (reviewed): 2 total
   2 × fn_missing_requires

No proof holes or warnings found! All proofs are complete.

=================================================================
5. Started/Ended/Duration
=================================================================

Started:   2026-09-22 14:32:21 -07:00
Ended:     2026-09-22 14:32:21 -07:00
Duration:  22ms

Full output: src/Chap49/analyses/veracity-review-verus-proof-holes.log
